Microsoft (R) Visual C# Compiler version 5.0.0-2.25612.105 (44525024)
Copyright (C) Microsoft Corporation. All rights reserved.

warning CS1701: Assuming assembly reference 'netstandard, Version=2.0.0.0, Culture=neutral, PublicKeyToken=cc7b13ffcd2ddd51' used by 'Newtonsoft.Json' matches identity 'netstandard, Version=2.1.0.0, Culture=neutral, PublicKeyToken=cc7b13ffcd2ddd51' of 'netstandard', you may need to supply runtime policy
Assets/Scripts/Gameplay/Effects/Concrete/PoisonedByGasEffect.cs(39,23): warning CS0108: 'PoisonedByGasEffect.Owner' hides inherited member 'Effect.Owner'. Use the new keyword if hiding was intended.
Assets/Scripts/Gameplay/Effects/Concrete/CoatedInPlasmaEffect.cs(44,23): warning CS0108: 'CoatedInPlasmaEffect.Owner' hides inherited member 'Effect.Owner'. Use the new keyword if hiding was intended.
Assets/Scripts/Scenarios/Custom/EquipmentGroundSpriteNativeAudit.cs(40,30): warning CS0108: 'EquipmentGroundSpriteNativeAudit.renderer' hides inherited member 'Component.renderer'. Use the new keyword if hiding was intended.
Assets/Scripts/Presentation/Bootstrap/GameBootstrap.cs(486,25): warning CS0162: Unreachable code detected
Assets/Scripts/Scenarios/Custom/DensityLairNativePlayer.cs(616,59): warning CS0649: Field 'DensityLairNativePlayer.Description.units' is never assigned to, and will always have its default value 0
Assets/Scripts/Presentation/Rendering/StarterSpellAudioPlayer.cs(38,25): warning CS0649: Field 'StarterSpellAudioPlayer.Layer.prefix' is never assigned to, and will always have its default value null
Assets/Scripts/Presentation/Rendering/StarterSpellAudioPlayer.cs(42,27): warning CS0649: Field 'StarterSpellAudioPlayer.Clip.resourceBase' is never assigned to, and will always have its default value null
Assets/Scripts/Gameplay/World/MultiCellPilotRuntime.cs(30,51): warning CS0649: Field 'MultiCellPilotRuntime.Placement.cellsRaw' is never assigned to, and will always have its default value null
Assets/Scripts/Presentation/Rendering/StarterSpellAudioPlayer.cs(27,27): warning CS0649: Field 'StarterSpellAudioPlayer.Definition.spellId' is never assigned to, and will always have its default value null
Assets/Scripts/Presentation/Rendering/StarterSpellAudioPlayer.cs(21,39): warning CS0649: Field 'StarterSpellAudioPlayer.Catalog.sampleRate' is never assigned to, and will always have its default value 0
Assets/Scripts/Gameplay/World/MultiCellPilotRuntime.cs(32,25): warning CS0649: Field 'MultiCellPilotRuntime.Placement.solid' is never assigned to, and will always have its default value false
/tmp/coo-density-legendary/Native/DensityFindsNativePlayer.cs(48,44): warning CS0169: The field 'DensityFindsNativePlayer._bossGearBeforeLoad' is never used
Assets/Scripts/Gameplay/World/MultiCellPilotRuntime.cs(24,39): warning CS0649: Field 'MultiCellPilotRuntime.Layout.width' is never assigned to, and will always have its default value 0
Assets/Scripts/Presentation/Rendering/StarterSpellAudioPlayer.cs(33,28): warning CS0649: Field 'StarterSpellAudioPlayer.Variant.layers' is never assigned to, and will always have its default value null
Assets/Scripts/Scenarios/Custom/GameAuditEquipmentContentBenchPlayer.cs(752,127): warning CS0649: Field 'GameAuditEquipmentContentBenchPlayer.DamageRoll.baseDamageTotal' is never assigned to, and will always have its default value 0
Assets/Scripts/Scenarios/Custom/GameAuditEquipmentContentBenchPlayer.cs(752,156): warning CS0649: Field 'GameAuditEquipmentContentBenchPlayer.DamageRoll.naturalTwenty' is never assigned to, and will always have its default value false
Assets/Scripts/Presentation/Rendering/StarterSpellAudioPlayer.cs(21,24): warning CS0649: Field 'StarterSpellAudioPlayer.Catalog.schemaVersion' is never assigned to, and will always have its default value 0
/tmp/coo-density-legendary/Native/DensityFindsNativePlayer.cs(49,21): warning CS0169: The field 'DensityFindsNativePlayer._bossHPBeforeLoad' is never used
Assets/Scripts/Scenarios/Custom/GameAuditEquipmentContentBenchPlayer.cs(752,84): warning CS0649: Field 'GameAuditEquipmentContentBenchPlayer.DamageRoll.attributes' is never assigned to, and will always have its default value null
Assets/Scripts/Gameplay/Tinkering/TinkerRecipeRegistry.cs(19,39): warning CS0649: Field 'TinkerRecipeRegistry.TinkerRecipeFileData.Recipes' is never assigned to, and will always have its default value null
Assets/Scripts/Gameplay/World/MultiCellPilotRuntime.cs(25,27): warning CS0649: Field 'MultiCellPilotRuntime.Layout.zoneId' is never assigned to, and will always have its default value null
Assets/Scripts/Gameplay/World/MultiCellPilotRuntime.cs(24,24): warning CS0649: Field 'MultiCellPilotRuntime.Layout.schemaVersion' is never assigned to, and will always have its default value 0
Assets/Scripts/Presentation/Rendering/StarterSpellAudioPlayer.cs(23,33): warning CS0649: Field 'StarterSpellAudioPlayer.Catalog.spells' is never assigned to, and will always have its default value null
Assets/Scripts/Gameplay/Items/ReadableDocumentCatalog.cs(23,53): warning CS0649: Field 'ReadableDocumentCatalog.Row.Source' is never assigned to, and will always have its default value null
Assets/Scripts/Scenarios/Custom/GameAuditEquipmentContentBenchPlayer.cs(752,72): warning CS0649: Field 'GameAuditEquipmentContentBenchPlayer.DamageRoll.damageDice' is never assigned to, and will always have its default value null
Assets/Scripts/Gameplay/Items/ReadableDocumentCatalog.cs(23,29): warning CS0649: Field 'ReadableDocumentCatalog.Row.Blueprint' is never assigned to, and will always have its default value null
Assets/Scripts/Gameplay/Items/ReadableDocumentCatalog.cs(23,25): warning CS0649: Field 'ReadableDocumentCatalog.Row.Id' is never assigned to, and will always have its default value null
Assets/Scripts/Scenarios/Custom/MorrowfastScenePlayAudit.cs(35,79): warning CS0649: Field 'MorrowfastScenePlayAudit._dressingActions' is never assigned to, and will always have its default value 0
Assets/Scripts/Gameplay/World/MultiCellPilotRuntime.cs(31,27): warning CS0649: Field 'MultiCellPilotRuntime.Placement.y' is never assigned to, and will always have its default value 0
Assets/Scripts/Presentation/Rendering/StarterSpellAudioPlayer.cs(22,26): warning CS0649: Field 'StarterSpellAudioPlayer.Catalog.commonGain' is never assigned to, and will always have its default value 0
Assets/Scripts/Gameplay/World/MultiCellPilotRuntime.cs(24,46): warning CS0649: Field 'MultiCellPilotRuntime.Layout.height' is never assigned to, and will always have its default value 0
Assets/Scripts/Presentation/Rendering/StarterSpellAudioPlayer.cs(38,33): warning CS0649: Field 'StarterSpellAudioPlayer.Layer.suffix' is never assigned to, and will always have its default value null
Assets/Scripts/Presentation/Rendering/StarterSpellAudioPlayer.cs(32,24): warning CS0649: Field 'StarterSpellAudioPlayer.Variant.variant' is never assigned to, and will always have its default value 0
Assets/Scripts/Gameplay/World/MultiCellPilotRuntime.cs(30,42): warning CS0649: Field 'MultiCellPilotRuntime.Placement.modelId' is never assigned to, and will always have its default value null
Assets/Scripts/Gameplay/Items/ReadableDocumentCatalog.cs(23,47): warning CS0649: Field 'ReadableDocumentCatalog.Row.Text' is never assigned to, and will always have its default value null
Assets/Scripts/Gameplay/Alchemy/BrewRuleRegistry.cs(17,35): warning CS0649: Field 'BrewRuleRegistry.BrewRuleFileData.Rules' is never assigned to, and will always have its default value null
Assets/Scripts/Presentation/Rendering/StarterSpellAudioPlayer.cs(43,24): warning CS0649: Field 'StarterSpellAudioPlayer.Clip.samples' is never assigned to, and will always have its default value 0
Assets/Scripts/Scenarios/Custom/ReferenceGladeNativePlayer.cs(307,59): warning CS0649: Field 'ReferenceGladeNativePlayer.Description.units' is never assigned to, and will always have its default value 0
Assets/Scripts/Gameplay/World/MultiCellPilotRuntime.cs(32,32): warning CS0649: Field 'MultiCellPilotRuntime.Placement.opaque' is never assigned to, and will always have its default value false
/tmp/coo-density-legendary/Native/DensityFindsNativePlayer.cs(743,59): warning CS0649: Field 'DensityFindsNativePlayer.Description.units' is never assigned to, and will always have its default value 0
Assets/Scripts/Gameplay/World/MultiCellPilotRuntime.cs(30,27): warning CS0649: Field 'MultiCellPilotRuntime.Placement.id' is never assigned to, and will always have its default value null
Assets/Scripts/Scenarios/Custom/DensityCompletionNativePlayer.cs(338,59): warning CS0649: Field 'DensityCompletionNativePlayer.Description.units' is never assigned to, and will always have its default value 0
Assets/Scripts/Gameplay/Items/ReadableDocumentCatalog.cs(23,40): warning CS0649: Field 'ReadableDocumentCatalog.Row.Title' is never assigned to, and will always have its default value null
Assets/Scripts/Gameplay/Skills/SkillRegistry.cs(37,36): warning CS0649: Field 'SkillRegistry.SkillRegistryFileData.Skills' is never assigned to, and will always have its default value null
Assets/Scripts/Gameplay/World/MultiCellPilotRuntime.cs(30,31): warning CS0649: Field 'MultiCellPilotRuntime.Placement.blueprint' is never assigned to, and will always have its default value null
Assets/Scripts/Gameplay/World/MultiCellPilotRuntime.cs(30,61): warning CS0649: Field 'MultiCellPilotRuntime.Placement.role' is never assigned to, and will always have its default value null
Assets/Scripts/Gameplay/World/MultiCellPilotRuntime.cs(31,24): warning CS0649: Field 'MultiCellPilotRuntime.Placement.x' is never assigned to, and will always have its default value 0
Assets/Scripts/Presentation/Rendering/StarterSpellAudioPlayer.cs(28,30): warning CS0649: Field 'StarterSpellAudioPlayer.Definition.variants' is never assigned to, and will always have its default value null
Assets/Scripts/Gameplay/Items/ReadableDocumentCatalog.cs(24,69): warning CS0649: Field 'ReadableDocumentCatalog.FileData.Documents' is never assigned to, and will always have its default value null
Assets/Scripts/Scenarios/Custom/GameAuditEquipmentContentBenchPlayer.cs(752,107): warning CS0649: Field 'GameAuditEquipmentContentBenchPlayer.DamageRoll.penetrationsRolled' is never assigned to, and will always have its default value 0
Assets/Scripts/Presentation/Rendering/StarterSpellAudioPlayer.cs(37,27): warning CS0649: Field 'StarterSpellAudioPlayer.Layer.name' is never assigned to, and will always have its default value null
Assets/Scripts/Gameplay/World/MultiCellPilotRuntime.cs(26,32): warning CS0649: Field 'MultiCellPilotRuntime.Layout.placements' is never assigned to, and will always have its default value null
Assets/Scripts/Presentation/Rendering/StarterSpellAudioPlayer.cs(37,33): warning CS0649: Field 'StarterSpellAudioPlayer.Layer.gate' is never assigned to, and will always have its default value null
Assets/Scripts/Gameplay/World/MultiCellPilotRuntime.cs(32,40): warning CS0649: Field 'MultiCellPilotRuntime.Placement.destructible' is never assigned to, and will always have its default value false
Assets/Scripts/Gameplay/Skills/ShortBlades_Backstab.cs(49,22): warning CS0414: The field 'ShortBlades_Backstab._isFlanked' is assigned but its value is never used
