test_actual_avian_rig_and_head_owned_bill_socket (__main__.SourceTests.test_actual_avian_rig_and_head_owned_bill_socket) ... ok
test_borrowed_exact_palette_and_magpie_untouched (__main__.SourceTests.test_borrowed_exact_palette_and_magpie_untouched) ... ok
test_bounded_finite_palette_geometry_and_connected_parts (__main__.SourceTests.test_bounded_finite_palette_geometry_and_connected_parts) ... ok
test_different_palette_parts_have_no_overlapping_coplanar_faces (__main__.SourceTests.test_different_palette_parts_have_no_overlapping_coplanar_faces) ... FAIL
test_exact_two_original_sources (__main__.SourceTests.test_exact_two_original_sources) ... ok
test_grounded_actual_avian_remains_not_human_or_loot (__main__.SourceTests.test_grounded_actual_avian_remains_not_human_or_loot) ... ok
test_nine_authored_clips_have_motion_and_carry_differs_from_empty (__main__.SourceTests.test_nine_authored_clips_have_motion_and_carry_differs_from_empty) ... ok
test_original_broad_chest_bill_ragged_tail_not_magpie_clone (__main__.SourceTests.test_original_broad_chest_bill_ragged_tail_not_magpie_clone) ... ok

======================================================================
FAIL: test_different_palette_parts_have_no_overlapping_coplanar_faces (__main__.SourceTests.test_different_palette_parts_have_no_overlapping_coplanar_faces)
----------------------------------------------------------------------
Traceback (most recent call last):
  File "/tmp/coo-questfree-implementation/collector-art/test_source.py", line 57, in test_different_palette_parts_have_no_overlapping_coplanar_faces
    self.assertEqual(overlaps,[])
AssertionError: Lists differ: [('spread-tatterjay', 'broad-head', 'bill-[694 chars] -1)] != []

First list contains 11 additional elements.
First extra element 0:
('spread-tatterjay', 'broad-head', 'bill-cut', 1, -1)

Diff is 779 characters long. Set self.maxDiff to None to see it.

----------------------------------------------------------------------
Ran 8 tests in 0.006s

FAILED (failures=1)
