NUnitLite 3.14.0 (.NET Standard 2.0)
Copyright (c) 2023 Charlie Poole, Rob Prouse

Runtime Environment
   OS Version: macOS 26.0.0
  CLR Version: 10.0.5

Test Files
    /private/tmp/coo-questfree-implementation/e0/pure/bin/Debug/net8.0/Pure.dll

Test Discovery
  Start time: 2026-09-28 01:53:29Z
    End time: 2026-09-28 01:53:29Z
    Duration: 0.014 seconds

Run Settings
    Number of Test Workers: 1
    Work Directory: /Users/steven/caves-of-ooo
    Internal Trace: Off

Test Run Summary
  Overall result: Passed
  Test Count: 14, Passed: 14, Failed: 0, Warnings: 0, Inconclusive: 0, Skipped: 0
  Start time: 2026-09-28 01:53:29Z
    End time: 2026-09-28 01:53:29Z
    Duration: 0.020 seconds

Results (nunit3) saved as /tmp/coo-questfree-implementation/e0/helper-green.xml
