NUnitLite 3.14.0 (.NET Standard 2.0)
Copyright (c) 2023 Charlie Poole, Rob Prouse

Runtime Environment
   OS Version: macOS 26.0.0
  CLR Version: 10.0.5

Test Files
    /private/tmp/coo-world-affordances/runner/bin/Debug/net8.0/EditModeRunner.dll

Test Discovery
  Start time: 2026-09-28 04:18:53Z
    End time: 2026-09-28 04:18:53Z
    Duration: 0.034 seconds

Test Filters
    Where: class =~ /WorldAffordance/

Errors, Failures and Warnings

1) Failed : CavesOfOoo.Tests.WorldAffordanceAdversarialTests.FrozenPlayerDoesNotReceiveAnActionOpportunity(True)
  Expected: False
  But was:  True
   at CavesOfOoo.Tests.WorldAffordanceAdversarialTests.FrozenPlayerDoesNotReceiveAnActionOpportunity(Boolean frozen) in /tmp/coo-world-affordances/WorldAffordanceAdversarialTests.cs:line 18
   at InvokeStub_WorldAffordanceAdversarialTests.FrozenPlayerDoesNotReceiveAnActionOpportunity(Object, Span`1)

Run Settings
    Number of Test Workers: 1
    Work Directory: /Users/steven/caves-of-ooo
    Internal Trace: Off

Test Run Summary
  Overall result: Failed
  Test Count: 41, Passed: 40, Failed: 1, Warnings: 0, Inconclusive: 0, Skipped: 0
    Failed Tests - Failures: 1, Errors: 0, Invalid: 0
  Start time: 2026-09-28 04:18:53Z
    End time: 2026-09-28 04:18:53Z
    Duration: 0.111 seconds

Results (nunit3) saved as /tmp/coo-world-affordances/adversarial-red.xml
