NUnitLite 3.14.0 (.NET Standard 2.0)
Copyright (c) 2023 Charlie Poole, Rob Prouse

Runtime Environment
   OS Version: macOS 26.0.0
  CLR Version: 10.0.5

Test Files
    /private/tmp/coo-world-affordances/runner/bin/Debug/net8.0/EditModeRunner.dll

Test Discovery
  Start time: 2026-09-28 04:23:32Z
    End time: 2026-09-28 04:23:32Z
    Duration: 0.026 seconds

Test Filters
    Where: class =~ /AllocationProbe/

=> CavesOfOoo.Tests.AllocationProbeTests.WarmCurrentQueryDoesNotAllocate
validatedCounter=65560; queries=10000; bytes=5312

Errors, Failures and Warnings

1) Failed : CavesOfOoo.Tests.AllocationProbeTests.WarmCurrentQueryDoesNotAllocate
  Expected: 0
  But was:  5312
   at CavesOfOoo.Tests.AllocationProbeTests.WarmCurrentQueryDoesNotAllocate() in /tmp/coo-world-affordances/AllocationProbeTests.cs:line 9

Run Settings
    Number of Test Workers: 1
    Work Directory: /Users/steven/caves-of-ooo
    Internal Trace: Off

Test Run Summary
  Overall result: Failed
  Test Count: 1, Passed: 0, Failed: 1, Warnings: 0, Inconclusive: 0, Skipped: 0
    Failed Tests - Failures: 1, Errors: 0, Invalid: 0
  Start time: 2026-09-28 04:23:32Z
    End time: 2026-09-28 04:23:32Z
    Duration: 0.032 seconds

Results (nunit3) saved as /tmp/coo-world-affordances/allocation.xml
