NUnitLite 3.14.0 (.NET Standard 2.0)
Copyright (c) 2023 Charlie Poole, Rob Prouse

Runtime Environment
   OS Version: macOS 26.0.0
  CLR Version: 10.0.5

Test Files
    /private/tmp/coo-world-affordances/runner/bin/Debug/net8.0/EditModeRunner.dll

Test Discovery
  Start time: 2026-09-28 04:24:18Z
    End time: 2026-09-28 04:24:18Z
    Duration: 0.027 seconds

Test Filters
    Where: class =~ /AllocationProbe/

=> CavesOfOoo.Tests.AllocationProbeTests.WarmCurrentQueryDoesNotAllocate
validatedCounter=65560; queries=10000; bytes=0

Run Settings
    Number of Test Workers: 1
    Work Directory: /Users/steven/caves-of-ooo
    Internal Trace: Off

Test Run Summary
  Overall result: Passed
  Test Count: 1, Passed: 1, Failed: 0, Warnings: 0, Inconclusive: 0, Skipped: 0
  Start time: 2026-09-28 04:24:18Z
    End time: 2026-09-28 04:24:18Z
    Duration: 0.021 seconds

Results (nunit3) saved as /tmp/coo-world-affordances/allocation.xml
