NUnitLite 3.14.0 (.NET Standard 2.0)
Copyright (c) 2023 Charlie Poole, Rob Prouse

Runtime Environment
   OS Version: macOS 26.0.0
  CLR Version: 10.0.5

Test Files
    /private/tmp/coo-spread-discovery-persistence/runner/bin/Debug/net8.0/EditModeRunner.dll

Test Discovery
  Start time: 2026-09-28 00:35:11Z
    End time: 2026-09-28 00:35:11Z
    Duration: 0.027 seconds

Test Filters
    Where: class == CavesOfOoo.Tests.SpreadWildernessPersistenceTests

=> CavesOfOoo.Tests.SpreadWildernessPersistenceTests.RelocatedPartialCacheAndGuardGearSurviveCachedReturnAndFullSave("cargo")
kind=cargo zone=Overworld.6.9.0 fixtureRng=16 movedCache=6308
=> CavesOfOoo.Tests.SpreadWildernessPersistenceTests.RelocatedPartialCacheAndGuardGearSurviveCachedReturnAndFullSave("shelter")
kind=shelter zone=Overworld.11.1.0 fixtureRng=16 movedCache=6482

Run Settings
    Number of Test Workers: 1
    Work Directory: /private/tmp/coo-spread-discovery-persistence/runner
    Internal Trace: Off

Test Run Summary
  Overall result: Passed
  Test Count: 2, Passed: 2, Failed: 0, Warnings: 0, Inconclusive: 0, Skipped: 0
  Start time: 2026-09-28 00:35:11Z
    End time: 2026-09-28 00:35:12Z
    Duration: 0.321 seconds

Results (nunit3) saved as /tmp/coo-spread-discovery-persistence/nonempty-green.xml
Original nonempty initialized loot registry restored exactly: True (98 original entries)
