FFFFF
======================================================================
FAIL: test_grass_has_three_taller_open_sprouts_without_a_wide_mat_base (test_native_feedback.NativeFeedbackTests.test_grass_has_three_taller_open_sprouts_without_a_wide_mat_base)
----------------------------------------------------------------------
Traceback (most recent call last):
  File "/tmp/coo-c14-third/test_native_feedback.py", line 18, in test_grass_has_three_taller_open_sprouts_without_a_wide_mat_base
    self.assertEqual(3,len(stems));self.assertTrue(all(b['color'] in [8,9] for b in stems))
                                   ^^^^^^^^^^^^^^^^^^^^^^^^^^^^^^^^^^^^^^^^^^^^^^^^^^^^^^^^
AssertionError: False is not true

======================================================================
FAIL: test_ground_has_one_quiet_surface_not_nine_contrasting_panels (test_native_feedback.NativeFeedbackTests.test_ground_has_one_quiet_surface_not_nine_contrasting_panels)
----------------------------------------------------------------------
Traceback (most recent call last):
  File "/tmp/coo-c14-third/test_native_feedback.py", line 9, in test_ground_has_one_quiet_surface_not_nine_contrasting_panels
    self.assertEqual(1,len(surfaces));self.assertGreaterEqual(len(m['boxes'])-1,3)
    ^^^^^^^^^^^^^^^^^^^^^^^^^^^^^^^^^
AssertionError: 1 != 10

======================================================================
FAIL: test_pale_reed_stems_are_thick_pale_branches_not_dark_twigs (test_native_feedback.NativeFeedbackTests.test_pale_reed_stems_are_thick_pale_branches_not_dark_twigs)
----------------------------------------------------------------------
Traceback (most recent call last):
  File "/tmp/coo-c14-third/test_native_feedback.py", line 14, in test_pale_reed_stems_are_thick_pale_branches_not_dark_twigs
    for b in stems:self.assertGreaterEqual(b['size']['x'],.11);self.assertIn(b['color'],[4,5])
                   ^^^^^^^^^^^^^^^^^^^^^^^^^^^^^^^^^^^^^^^^^^^
AssertionError: 0.085 not greater than or equal to 0.11

======================================================================
FAIL: test_real_mushroom_rings_have_four_small_multicap_models (test_native_feedback.NativeFeedbackTests.test_real_mushroom_rings_have_four_small_multicap_models)
----------------------------------------------------------------------
Traceback (most recent call last):
  File "/tmp/coo-c14-third/test_native_feedback.py", line 26, in test_real_mushroom_rings_have_four_small_multicap_models
    self.assertEqual(4,len(self.models('mushroom-ring')))
AssertionError: 4 != 0

======================================================================
FAIL: test_stone_wall_has_a_broad_dimensional_cross_section (test_native_feedback.NativeFeedbackTests.test_stone_wall_has_a_broad_dimensional_cross_section)
----------------------------------------------------------------------
Traceback (most recent call last):
  File "/tmp/coo-c14-third/test_native_feedback.py", line 23, in test_stone_wall_has_a_broad_dimensional_cross_section
    self.assertGreaterEqual(max(b['center']['z']+b['size']['z']/2 for b in m['boxes'])-min(b['center']['z']-b['size']['z']/2 for b in m['boxes']),.72)
AssertionError: 0.614 not greater than or equal to 0.72

----------------------------------------------------------------------
Ran 5 tests in 0.010s

FAILED (failures=5)
