FFFFFF
======================================================================
FAIL: test_chest_and_barrel_are_four_real_variants_each (test_refinement.RefinementTests.test_chest_and_barrel_are_four_real_variants_each)
----------------------------------------------------------------------
Traceback (most recent call last):
  File "/tmp/coo-c14-refinement/test_refinement.py", line 7, in test_chest_and_barrel_are_four_real_variants_each
    self.assertEqual(36,len(self.kit()['models']))
AssertionError: 36 != 28

======================================================================
FAIL: test_grass_is_a_connected_tall_cluster_not_three_distant_dots (test_refinement.RefinementTests.test_grass_is_a_connected_tall_cluster_not_three_distant_dots)
----------------------------------------------------------------------
Traceback (most recent call last):
  File "/tmp/coo-c14-refinement/test_refinement.py", line 15, in test_grass_is_a_connected_tall_cluster_not_three_distant_dots
    self.assertGreaterEqual(len(m['boxes']),23)
AssertionError: 15 not greater than or equal to 23

======================================================================
FAIL: test_gravel_has_readable_raised_stones (test_refinement.RefinementTests.test_gravel_has_readable_raised_stones)
----------------------------------------------------------------------
Traceback (most recent call last):
  File "/tmp/coo-c14-refinement/test_refinement.py", line 29, in test_gravel_has_readable_raised_stones
    self.assertGreaterEqual(sum(b['size']['x']>=.06 and b['size']['y']>=.04 for b in m['boxes']),18)
AssertionError: 0 not greater than or equal to 18

======================================================================
FAIL: test_ground_has_muted_subtile_texture_and_readable_specks (test_refinement.RefinementTests.test_ground_has_muted_subtile_texture_and_readable_specks)
----------------------------------------------------------------------
Traceback (most recent call last):
  File "/tmp/coo-c14-refinement/test_refinement.py", line 11, in test_ground_has_muted_subtile_texture_and_readable_specks
    self.assertGreaterEqual(len(m['boxes']),12)
AssertionError: 2 not greater than or equal to 12

======================================================================
FAIL: test_masonry_has_thick_staggered_small_bricks (test_refinement.RefinementTests.test_masonry_has_thick_staggered_small_bricks)
----------------------------------------------------------------------
Traceback (most recent call last):
  File "/tmp/coo-c14-refinement/test_refinement.py", line 21, in test_masonry_has_thick_staggered_small_bricks
    self.assertGreaterEqual(len(m['boxes']),40)
AssertionError: 12 not greater than or equal to 40

======================================================================
FAIL: test_ruins_have_fine_fractures_instead_of_six_large_pillars (test_refinement.RefinementTests.test_ruins_have_fine_fractures_instead_of_six_large_pillars)
----------------------------------------------------------------------
Traceback (most recent call last):
  File "/tmp/coo-c14-refinement/test_refinement.py", line 25, in test_ruins_have_fine_fractures_instead_of_six_large_pillars
    self.assertGreaterEqual(len(m['boxes']),30)
AssertionError: 12 not greater than or equal to 30

----------------------------------------------------------------------
Ran 6 tests in 0.005s

FAILED (failures=6)
