test_authored_BreacherCleaver (__main__.PortableSourceTests.test_authored_BreacherCleaver) ... ok
test_authored_ChoirCutting (__main__.PortableSourceTests.test_authored_ChoirCutting) ... ok
test_authored_Codex01 (__main__.PortableSourceTests.test_authored_Codex01) ... ok
test_authored_Codex02 (__main__.PortableSourceTests.test_authored_Codex02) ... ok
test_authored_Codex03 (__main__.PortableSourceTests.test_authored_Codex03) ... ok
test_authored_Codex04 (__main__.PortableSourceTests.test_authored_Codex04) ... ok
test_authored_Codex05 (__main__.PortableSourceTests.test_authored_Codex05) ... ok
test_authored_Codex06 (__main__.PortableSourceTests.test_authored_Codex06) ... ok
test_authored_Codex07 (__main__.PortableSourceTests.test_authored_Codex07) ... ok
test_authored_Codex08 (__main__.PortableSourceTests.test_authored_Codex08) ... ok
test_authored_Codex09 (__main__.PortableSourceTests.test_authored_Codex09) ... ok
test_authored_Codex10 (__main__.PortableSourceTests.test_authored_Codex10) ... ok
test_authored_Codex11 (__main__.PortableSourceTests.test_authored_Codex11) ... ok
test_authored_Codex12 (__main__.PortableSourceTests.test_authored_Codex12) ... ok
test_authored_Codex13 (__main__.PortableSourceTests.test_authored_Codex13) ... ok
test_authored_CounterweightMaul (__main__.PortableSourceTests.test_authored_CounterweightMaul) ... ok
test_authored_CreatureCorpse (__main__.PortableSourceTests.test_authored_CreatureCorpse) ... ok
test_authored_FineRingMail (__main__.PortableSourceTests.test_authored_FineRingMail) ... ok
test_authored_FrogOil (__main__.PortableSourceTests.test_authored_FrogOil) ... ok
test_authored_IronKey (__main__.PortableSourceTests.test_authored_IronKey) ... ok
test_authored_LiquidFlask (__main__.PortableSourceTests.test_authored_LiquidFlask) ... ok
test_authored_MarlbackCorpse (__main__.PortableSourceTests.test_authored_MarlbackCorpse) ... ok
test_authored_MemoryMarble (__main__.PortableSourceTests.test_authored_MemoryMarble) ... ok
test_authored_MuteStone (__main__.PortableSourceTests.test_authored_MuteStone) ... ok
test_authored_PruningWrit (__main__.PortableSourceTests.test_authored_PruningWrit) ... ok
test_authored_RivetedPlate (__main__.PortableSourceTests.test_authored_RivetedPlate) ... ok
test_authored_RoastedMushroom (__main__.PortableSourceTests.test_authored_RoastedMushroom) ... ok
test_authored_SealedBogTakenBody (__main__.PortableSourceTests.test_authored_SealedBogTakenBody) ... ok
test_authored_StillleafKey (__main__.PortableSourceTests.test_authored_StillleafKey) ... ok
test_authored_StillleafRegister (__main__.PortableSourceTests.test_authored_StillleafRegister) ... ok
test_authored_TemperedLongSword (__main__.PortableSourceTests.test_authored_TemperedLongSword) ... ok
test_authored_Waterskin (__main__.PortableSourceTests.test_authored_Waterskin) ... ok
test_complete_exact_concrete_roster (__main__.PortableSourceTests.test_complete_exact_concrete_roster) ... ok
test_duplicate_names_refuse (__main__.PortableSourceTests.test_duplicate_names_refuse) ... ok
test_every_borrowed_candidate_is_exact_original_bytes (__main__.PortableSourceTests.test_every_borrowed_candidate_is_exact_original_bytes) ... ok
test_no_abstract_or_retired_alias (__main__.PortableSourceTests.test_no_abstract_or_retired_alias) ... ok
test_plain_shambler_spores_are_not_added_as_portable_species (__main__.PortableSourceTests.test_plain_shambler_spores_are_not_added_as_portable_species) ... ok

----------------------------------------------------------------------
Ran 37 tests in 0.006s

OK
