SpreadExplorationMissingReplacementTests.MissingRequiredBlueprintKeepsActualOriginalAllowance("OccupiedBank",False)
SpreadExplorationMissingReplacementTests.MissingRequiredBlueprintKeepsActualOriginalAllowance("LastGleanings",False)
SpreadExplorationReadoutTests.FiniteDrawReadoutRequiresAnActualGroundSource("detached")
SpreadExplorationReadoutTests.FiniteDrawReadoutRequiresAnActualGroundSource("carried")
SpreadExplorationReadoutTests.PendingGrazerDescriptionRequiresBothActualAllocatedRows("food-removed")
SpreadExplorationReadoutTests.PendingGrazerDescriptionRequiresBothActualAllocatedRows("food-moved")
SpreadExplorationReadoutTests.PendingGrazerDescriptionRequiresBothActualAllocatedRows("food-spent")
SpreadExplorationReadoutTests.PendingGrazerDescriptionRequiresBothActualAllocatedRows("food-carried")
SpreadExplorationReadoutTests.PendingGrazerDescriptionRequiresBothActualAllocatedRows("food-foreign")
SpreadExplorationReadoutTests.PendingGrazerDescriptionRequiresBothActualAllocatedRows("reserve-removed")
SpreadExplorationReadoutTests.PendingGrazerDescriptionRequiresBothActualAllocatedRows("reserve-moved")
SpreadExplorationReadoutTests.PendingGrazerDescriptionRequiresBothActualAllocatedRows("reserve-spent")
SpreadExplorationReadoutTests.PendingGrazerDescriptionRequiresBothActualAllocatedRows("reserve-foreign")
SpreadExplorationReadoutTests.PendingGrazerDescriptionRequiresBothActualAllocatedRows("actor-removed")
SpreadExplorationReadoutTests.PendingGrazerDescriptionRequiresBothActualAllocatedRows("wrong-zone")
SpreadExplorationReadoutTests.TerritoryDescriptionTracksItsActualPostAnchor("moved")
SpreadExplorationReadoutTests.TerritoryDescriptionTracksItsActualPostAnchor("carried")
SpreadExplorationReadoutTests.TerritoryDescriptionTracksItsActualPostAnchor("foreign")
SpreadExplorationReadoutTests.TerritoryDescriptionTracksItsActualPostAnchor("both-detached")
SpreadExplorationReadoutTests.TerritoryDescriptionTracksItsActualPostAnchor("wrong-zone")
  Overall result: Failed
  Test Count: 28, Passed: 8, Failed: 20, Warnings: 0, Inconclusive: 0, Skipped: 0
