NUnitLite 3.14.0 (.NET Standard 2.0)
Copyright (c) 2023 Charlie Poole, Rob Prouse

Runtime Environment
   OS Version: macOS 26.0.0
  CLR Version: 10.0.5

Test Files
    /private/tmp/coo-questfree-implementation/torch-reaction-diagnosis/runner/bin/Debug/net8.0/EditModeRunner.dll

Test Discovery
  Start time: 2026-09-29 00:49:24Z
    End time: 2026-09-29 00:49:24Z
    Duration: 0.025 seconds

Test Filters
    Where: class == CavesOfOoo.Tests.MerchantLoadoutStateProbe

=> CavesOfOoo.Tests.MerchantLoadoutStateProbe.RealMerchantCapacityDependsOnInheritedLoadoutFactory(False)
LoadoutFactory=False, gear=, maxWeight=150, second51ApplesAccepted=True, finalWeight=150
=> CavesOfOoo.Tests.MerchantLoadoutStateProbe.RealMerchantCapacityDependsOnInheritedLoadoutFactory(True)
LoadoutFactory=True, gear=ShortSword,LeatherBoots, maxWeight=150, second51ApplesAccepted=False, finalWeight=107

Run Settings
    Number of Test Workers: 1
    Work Directory: /private/tmp/coo-questfree-implementation/torch-reaction-diagnosis/runner
    Internal Trace: Off

Test Run Summary
  Overall result: Passed
  Test Count: 2, Passed: 2, Failed: 0, Warnings: 0, Inconclusive: 0, Skipped: 0
  Start time: 2026-09-29 00:49:24Z
    End time: 2026-09-29 00:49:24Z
    Duration: 0.102 seconds

Results (nunit3) saved as /tmp/coo-questfree-implementation/torch-reaction-diagnosis/merchant-state.xml
