/Users/steven/caves-of-ooo/Assets/Scripts/Gameplay/Effects/Concrete/PoisonedByGasEffect.cs(39,23): warning CS0108: 'PoisonedByGasEffect.Owner' hides inherited member 'Effect.Owner'. Use the new keyword if hiding was intended. [/tmp/coo-questfree-implementation/cooking/runner/EditModeRunner.csproj]
/Users/steven/caves-of-ooo/Assets/Scripts/Gameplay/Effects/Concrete/CoatedInPlasmaEffect.cs(44,23): warning CS0108: 'CoatedInPlasmaEffect.Owner' hides inherited member 'Effect.Owner'. Use the new keyword if hiding was intended. [/tmp/coo-questfree-implementation/cooking/runner/EditModeRunner.csproj]
/Users/steven/caves-of-ooo/Assets/Scripts/Gameplay/Save/SaveSystem.cs(1555,34): warning SYSLIB0050: 'FormatterServices' is obsolete: 'Formatter-based serialization is obsolete and should not be used.' (https://aka.ms/dotnet-warnings/SYSLIB0050) [/tmp/coo-questfree-implementation/cooking/runner/EditModeRunner.csproj]
/Users/steven/caves-of-ooo/Assets/Scripts/Gameplay/Save/SaveSystem.cs(1891,37): warning SYSLIB0050: 'FormatterServices' is obsolete: 'Formatter-based serialization is obsolete and should not be used.' (https://aka.ms/dotnet-warnings/SYSLIB0050) [/tmp/coo-questfree-implementation/cooking/runner/EditModeRunner.csproj]
/Users/steven/caves-of-ooo/Assets/Scripts/Gameplay/World/MultiCellPilotRuntime.cs(24,46): warning CS0649: Field 'MultiCellPilotRuntime.Layout.height' is never assigned to, and will always have its default value 0 [/tmp/coo-questfree-implementation/cooking/runner/EditModeRunner.csproj]
/Users/steven/caves-of-ooo/Assets/Scripts/Gameplay/Items/ReadableDocumentCatalog.cs(24,69): warning CS0649: Field 'ReadableDocumentCatalog.FileData.Documents' is never assigned to, and will always have its default value null [/tmp/coo-questfree-implementation/cooking/runner/EditModeRunner.csproj]
/Users/steven/caves-of-ooo/Assets/Scripts/Gameplay/Items/ReadableDocumentCatalog.cs(23,47): warning CS0649: Field 'ReadableDocumentCatalog.Row.Text' is never assigned to, and will always have its default value null [/tmp/coo-questfree-implementation/cooking/runner/EditModeRunner.csproj]
/Users/steven/caves-of-ooo/Assets/Scripts/Gameplay/World/MultiCellPilotRuntime.cs(26,32): warning CS0649: Field 'MultiCellPilotRuntime.Layout.placements' is never assigned to, and will always have its default value null [/tmp/coo-questfree-implementation/cooking/runner/EditModeRunner.csproj]
/Users/steven/caves-of-ooo/Assets/Scripts/Gameplay/World/MultiCellPilotRuntime.cs(30,42): warning CS0649: Field 'MultiCellPilotRuntime.Placement.modelId' is never assigned to, and will always have its default value null [/tmp/coo-questfree-implementation/cooking/runner/EditModeRunner.csproj]
/Users/steven/caves-of-ooo/Assets/Scripts/Gameplay/World/MultiCellPilotRuntime.cs(30,61): warning CS0649: Field 'MultiCellPilotRuntime.Placement.role' is never assigned to, and will always have its default value null [/tmp/coo-questfree-implementation/cooking/runner/EditModeRunner.csproj]
/Users/steven/caves-of-ooo/Assets/Scripts/Gameplay/World/MultiCellPilotRuntime.cs(31,27): warning CS0649: Field 'MultiCellPilotRuntime.Placement.y' is never assigned to, and will always have its default value 0 [/tmp/coo-questfree-implementation/cooking/runner/EditModeRunner.csproj]
/Users/steven/caves-of-ooo/Assets/Scripts/Gameplay/World/MultiCellPilotRuntime.cs(32,25): warning CS0649: Field 'MultiCellPilotRuntime.Placement.solid' is never assigned to, and will always have its default value false [/tmp/coo-questfree-implementation/cooking/runner/EditModeRunner.csproj]
/Users/steven/caves-of-ooo/Assets/Scripts/Gameplay/Items/ReadableDocumentCatalog.cs(23,29): warning CS0649: Field 'ReadableDocumentCatalog.Row.Blueprint' is never assigned to, and will always have its default value null [/tmp/coo-questfree-implementation/cooking/runner/EditModeRunner.csproj]
/Users/steven/caves-of-ooo/Assets/Scripts/Gameplay/World/MultiCellPilotRuntime.cs(30,31): warning CS0649: Field 'MultiCellPilotRuntime.Placement.blueprint' is never assigned to, and will always have its default value null [/tmp/coo-questfree-implementation/cooking/runner/EditModeRunner.csproj]
/Users/steven/caves-of-ooo/Assets/Scripts/Gameplay/World/MultiCellPilotRuntime.cs(24,39): warning CS0649: Field 'MultiCellPilotRuntime.Layout.width' is never assigned to, and will always have its default value 0 [/tmp/coo-questfree-implementation/cooking/runner/EditModeRunner.csproj]
/Users/steven/caves-of-ooo/Assets/Scripts/Gameplay/Skills/SkillRegistry.cs(37,36): warning CS0649: Field 'SkillRegistry.SkillRegistryFileData.Skills' is never assigned to, and will always have its default value null [/tmp/coo-questfree-implementation/cooking/runner/EditModeRunner.csproj]
/Users/steven/caves-of-ooo/Assets/Scripts/Gameplay/Alchemy/BrewRuleRegistry.cs(17,35): warning CS0649: Field 'BrewRuleRegistry.BrewRuleFileData.Rules' is never assigned to, and will always have its default value null [/tmp/coo-questfree-implementation/cooking/runner/EditModeRunner.csproj]
/Users/steven/caves-of-ooo/Assets/Scripts/Gameplay/World/MultiCellPilotRuntime.cs(24,24): warning CS0649: Field 'MultiCellPilotRuntime.Layout.schemaVersion' is never assigned to, and will always have its default value 0 [/tmp/coo-questfree-implementation/cooking/runner/EditModeRunner.csproj]
/Users/steven/caves-of-ooo/Assets/Scripts/Gameplay/Items/ReadableDocumentCatalog.cs(23,25): warning CS0649: Field 'ReadableDocumentCatalog.Row.Id' is never assigned to, and will always have its default value null [/tmp/coo-questfree-implementation/cooking/runner/EditModeRunner.csproj]
/Users/steven/caves-of-ooo/Assets/Scripts/Gameplay/Tinkering/TinkerRecipeRegistry.cs(19,39): warning CS0649: Field 'TinkerRecipeRegistry.TinkerRecipeFileData.Recipes' is never assigned to, and will always have its default value null [/tmp/coo-questfree-implementation/cooking/runner/EditModeRunner.csproj]
/Users/steven/caves-of-ooo/Assets/Scripts/Gameplay/World/MultiCellPilotRuntime.cs(25,27): warning CS0649: Field 'MultiCellPilotRuntime.Layout.zoneId' is never assigned to, and will always have its default value null [/tmp/coo-questfree-implementation/cooking/runner/EditModeRunner.csproj]
/Users/steven/caves-of-ooo/Assets/Scripts/Gameplay/World/MultiCellPilotRuntime.cs(30,27): warning CS0649: Field 'MultiCellPilotRuntime.Placement.id' is never assigned to, and will always have its default value null [/tmp/coo-questfree-implementation/cooking/runner/EditModeRunner.csproj]
/Users/steven/caves-of-ooo/Assets/Scripts/Gameplay/Items/ReadableDocumentCatalog.cs(23,40): warning CS0649: Field 'ReadableDocumentCatalog.Row.Title' is never assigned to, and will always have its default value null [/tmp/coo-questfree-implementation/cooking/runner/EditModeRunner.csproj]
/Users/steven/caves-of-ooo/Assets/Scripts/Gameplay/World/MultiCellPilotRuntime.cs(32,40): warning CS0649: Field 'MultiCellPilotRuntime.Placement.destructible' is never assigned to, and will always have its default value false [/tmp/coo-questfree-implementation/cooking/runner/EditModeRunner.csproj]
/Users/steven/caves-of-ooo/Assets/Scripts/Gameplay/World/MultiCellPilotRuntime.cs(32,32): warning CS0649: Field 'MultiCellPilotRuntime.Placement.opaque' is never assigned to, and will always have its default value false [/tmp/coo-questfree-implementation/cooking/runner/EditModeRunner.csproj]
/Users/steven/caves-of-ooo/Assets/Scripts/Gameplay/World/MultiCellPilotRuntime.cs(30,51): warning CS0649: Field 'MultiCellPilotRuntime.Placement.cellsRaw' is never assigned to, and will always have its default value null [/tmp/coo-questfree-implementation/cooking/runner/EditModeRunner.csproj]
/Users/steven/caves-of-ooo/Assets/Scripts/Gameplay/World/MultiCellPilotRuntime.cs(31,24): warning CS0649: Field 'MultiCellPilotRuntime.Placement.x' is never assigned to, and will always have its default value 0 [/tmp/coo-questfree-implementation/cooking/runner/EditModeRunner.csproj]
/Users/steven/caves-of-ooo/Assets/Scripts/Gameplay/Items/ReadableDocumentCatalog.cs(23,53): warning CS0649: Field 'ReadableDocumentCatalog.Row.Source' is never assigned to, and will always have its default value null [/tmp/coo-questfree-implementation/cooking/runner/EditModeRunner.csproj]
/Users/steven/caves-of-ooo/Assets/Scripts/Gameplay/Skills/ShortBlades_Backstab.cs(49,22): warning CS0414: The field 'ShortBlades_Backstab._isFlanked' is assigned but its value is never used [/tmp/coo-questfree-implementation/cooking/runner/EditModeRunner.csproj]
NUnitLite 3.14.0 (.NET Standard 2.0)
Copyright (c) 2023 Charlie Poole, Rob Prouse

Runtime Environment
   OS Version: macOS 26.0.0
  CLR Version: 10.0.5

Test Files
    /private/tmp/coo-questfree-implementation/cooking/runner/bin/Debug/net8.0/EditModeRunner.dll

Test Discovery
  Start time: 2026-09-28 14:25:12Z
    End time: 2026-09-28 14:25:12Z
    Duration: 0.035 seconds

Test Filters
    Where: class == CavesOfOoo.Tests.FiniteCookingSourceTests

Errors, Failures and Warnings

1) Failed : CavesOfOoo.Tests.FiniteCookingSourceTests.ActualFiniteRowYieldCanToastWithoutIncreasingTheHarvestBudget
  Expected: True
  But was:  False
   at CavesOfOoo.Tests.FiniteCookingSourceTests.ActualFiniteRowYieldCanToastWithoutIncreasingTheHarvestBudget() in /tmp/coo-questfree-implementation/cooking/FiniteCookingSourceTests.Grain.cs:line 38

2) Failed : CavesOfOoo.Tests.FiniteCookingSourceTests.ActualLocalMaterialTicksCloseStoredHeatWindowWithoutInventingBurningOrFuelUse
  New utility source needs an explicit saved opt-in; established stations must default to legacy.
  Expected: not null
  But was:  null
   at CavesOfOoo.Tests.FiniteCookingSourceTests.Flag() in /tmp/coo-questfree-implementation/cooking/FiniteCookingSourceTests.cs:line 60
   at CavesOfOoo.Tests.FiniteCookingSourceTests.SetFinite(Entity station, Boolean value) in /tmp/coo-questfree-implementation/cooking/FiniteCookingSourceTests.cs:line 62
   at CavesOfOoo.Tests.FiniteCookingSourceTests.Station(Boolean finite, Int32 x, Int32 y) in /tmp/coo-questfree-implementation/cooking/FiniteCookingSourceTests.cs:line 65
   at CavesOfOoo.Tests.FiniteCookingSourceTests.ActualLocalMaterialTicksCloseStoredHeatWindowWithoutInventingBurningOrFuelUse() in /tmp/coo-questfree-implementation/cooking/FiniteCookingSourceTests.cs:line 144

3) Failed : CavesOfOoo.Tests.FiniteCookingSourceTests.ExhaustedFirstNeighborDoesNotHideTheNextUsableAuthoredStation
  New utility source needs an explicit saved opt-in; established stations must default to legacy.
  Expected: not null
  But was:  null
   at CavesOfOoo.Tests.FiniteCookingSourceTests.Flag() in /tmp/coo-questfree-implementation/cooking/FiniteCookingSourceTests.cs:line 60
   at CavesOfOoo.Tests.FiniteCookingSourceTests.SetFinite(Entity station, Boolean value) in /tmp/coo-questfree-implementation/cooking/FiniteCookingSourceTests.cs:line 62
   at CavesOfOoo.Tests.FiniteCookingSourceTests.Station(Boolean finite, Int32 x, Int32 y) in /tmp/coo-questfree-implementation/cooking/FiniteCookingSourceTests.cs:line 65
   at CavesOfOoo.Tests.FiniteCookingSourceTests.ExhaustedFirstNeighborDoesNotHideTheNextUsableAuthoredStation() in /tmp/coo-questfree-implementation/cooking/FiniteCookingSourceTests.cs:line 138

4) Failed : CavesOfOoo.Tests.FiniteCookingSourceTests.FactoryAndPlainCampfirePartsDoNotOptEstablishedSourcesIn
  New utility source needs an explicit saved opt-in; established stations must default to legacy.
  Expected: not null
  But was:  null
   at CavesOfOoo.Tests.FiniteCookingSourceTests.Flag() in /tmp/coo-questfree-implementation/cooking/FiniteCookingSourceTests.cs:line 60
   at CavesOfOoo.Tests.FiniteCookingSourceTests.FactoryAndPlainCampfirePartsDoNotOptEstablishedSourcesIn() in /tmp/coo-questfree-implementation/cooking/FiniteCookingSourceTests.cs:line 95

5) Failed : CavesOfOoo.Tests.FiniteCookingSourceTests.FullSaveRestoresSameOptInHeatFuelAndCookingOutcome(True,500.0f,200.0f,True)
  New utility source needs an explicit saved opt-in; established stations must default to legacy.
  Expected: not null
  But was:  null
   at CavesOfOoo.Tests.FiniteCookingSourceTests.Flag() in /tmp/coo-questfree-implementation/cooking/FiniteCookingSourceTests.cs:line 60
   at CavesOfOoo.Tests.FiniteCookingSourceTests.SetFinite(Entity station, Boolean value) in /tmp/coo-questfree-implementation/cooking/FiniteCookingSourceTests.cs:line 62
   at CavesOfOoo.Tests.FiniteCookingSourceTests.Station(Boolean finite, Int32 x, Int32 y) in /tmp/coo-questfree-implementation/cooking/FiniteCookingSourceTests.cs:line 65
   at CavesOfOoo.Tests.FiniteCookingSourceTests.FullSaveRestoresSameOptInHeatFuelAndCookingOutcome(Boolean finite, Single temperature, Single amount, Boolean expected) in /tmp/coo-questfree-implementation/cooking/FiniteCookingSourceTests.cs:line 154

6) Failed : CavesOfOoo.Tests.FiniteCookingSourceTests.FullSaveRestoresSameOptInHeatFuelAndCookingOutcome(True,140.0f,200.0f,False)
  New utility source needs an explicit saved opt-in; established stations must default to legacy.
  Expected: not null
  But was:  null
   at CavesOfOoo.Tests.FiniteCookingSourceTests.Flag() in /tmp/coo-questfree-implementation/cooking/FiniteCookingSourceTests.cs:line 60
   at CavesOfOoo.Tests.FiniteCookingSourceTests.SetFinite(Entity station, Boolean value) in /tmp/coo-questfree-implementation/cooking/FiniteCookingSourceTests.cs:line 62
   at CavesOfOoo.Tests.FiniteCookingSourceTests.Station(Boolean finite, Int32 x, Int32 y) in /tmp/coo-questfree-implementation/cooking/FiniteCookingSourceTests.cs:line 65
   at CavesOfOoo.Tests.FiniteCookingSourceTests.FullSaveRestoresSameOptInHeatFuelAndCookingOutcome(Boolean finite, Single temperature, Single amount, Boolean expected) in /tmp/coo-questfree-implementation/cooking/FiniteCookingSourceTests.cs:line 154
   at InvokeStub_FiniteCookingSourceTests.FullSaveRestoresSameOptInHeatFuelAndCookingOutcome(Object, Span`1)

7) Failed : CavesOfOoo.Tests.FiniteCookingSourceTests.FullSaveRestoresSameOptInHeatFuelAndCookingOutcome(True,500.0f,0.0f,False)
  New utility source needs an explicit saved opt-in; established stations must default to legacy.
  Expected: not null
  But was:  null
   at CavesOfOoo.Tests.FiniteCookingSourceTests.Flag() in /tmp/coo-questfree-implementation/cooking/FiniteCookingSourceTests.cs:line 60
   at CavesOfOoo.Tests.FiniteCookingSourceTests.SetFinite(Entity station, Boolean value) in /tmp/coo-questfree-implementation/cooking/FiniteCookingSourceTests.cs:line 62
   at CavesOfOoo.Tests.FiniteCookingSourceTests.Station(Boolean finite, Int32 x, Int32 y) in /tmp/coo-questfree-implementation/cooking/FiniteCookingSourceTests.cs:line 65
   at CavesOfOoo.Tests.FiniteCookingSourceTests.FullSaveRestoresSameOptInHeatFuelAndCookingOutcome(Boolean finite, Single temperature, Single amount, Boolean expected) in /tmp/coo-questfree-implementation/cooking/FiniteCookingSourceTests.cs:line 154
   at InvokeStub_FiniteCookingSourceTests.FullSaveRestoresSameOptInHeatFuelAndCookingOutcome(Object, Span`1)

8) Failed : CavesOfOoo.Tests.FiniteCookingSourceTests.FullSaveRestoresSameOptInHeatFuelAndCookingOutcome(False,25.0f,0.0f,True)
  New utility source needs an explicit saved opt-in; established stations must default to legacy.
  Expected: not null
  But was:  null
   at CavesOfOoo.Tests.FiniteCookingSourceTests.Flag() in /tmp/coo-questfree-implementation/cooking/FiniteCookingSourceTests.cs:line 60
   at CavesOfOoo.Tests.FiniteCookingSourceTests.IsFinite(Entity station) in /tmp/coo-questfree-implementation/cooking/FiniteCookingSourceTests.cs:line 63
   at CavesOfOoo.Tests.FiniteCookingSourceTests.FullSaveRestoresSameOptInHeatFuelAndCookingOutcome(Boolean finite, Single temperature, Single amount, Boolean expected) in /tmp/coo-questfree-implementation/cooking/FiniteCookingSourceTests.cs:line 162
   at InvokeStub_FiniteCookingSourceTests.FullSaveRestoresSameOptInHeatFuelAndCookingOutcome(Object, Span`1)

9) Failed : CavesOfOoo.Tests.FiniteCookingSourceTests.GrainRecipeKeepsOneForOneFoodWeightAndDeliberateModestValue
  Existing finite field yield needs the explicitly approved new recipe.
  Expected: not null
  But was:  null
   at CavesOfOoo.Tests.FiniteCookingSourceTests.GrainRecipeKeepsOneForOneFoodWeightAndDeliberateModestValue() in /tmp/coo-questfree-implementation/cooking/FiniteCookingSourceTests.Grain.cs:line 21

10) Failed : CavesOfOoo.Tests.FiniteCookingSourceTests.MalformedFiniteSourceDoesNotFallBackToLegacy("Fuel")
  New utility source needs an explicit saved opt-in; established stations must default to legacy.
  Expected: not null
  But was:  null
   at CavesOfOoo.Tests.FiniteCookingSourceTests.Flag() in /tmp/coo-questfree-implementation/cooking/FiniteCookingSourceTests.cs:line 60
   at CavesOfOoo.Tests.FiniteCookingSourceTests.SetFinite(Entity station, Boolean value) in /tmp/coo-questfree-implementation/cooking/FiniteCookingSourceTests.cs:line 62
   at CavesOfOoo.Tests.FiniteCookingSourceTests.Station(Boolean finite, Int32 x, Int32 y) in /tmp/coo-questfree-implementation/cooking/FiniteCookingSourceTests.cs:line 65
   at CavesOfOoo.Tests.FiniteCookingSourceTests.MalformedFiniteSourceDoesNotFallBackToLegacy(String part) in /tmp/coo-questfree-implementation/cooking/FiniteCookingSourceTests.cs:line 84

11) Failed : CavesOfOoo.Tests.FiniteCookingSourceTests.MalformedFiniteSourceDoesNotFallBackToLegacy("Thermal")
  New utility source needs an explicit saved opt-in; established stations must default to legacy.
  Expected: not null
  But was:  null
   at CavesOfOoo.Tests.FiniteCookingSourceTests.Flag() in /tmp/coo-questfree-implementation/cooking/FiniteCookingSourceTests.cs:line 60
   at CavesOfOoo.Tests.FiniteCookingSourceTests.SetFinite(Entity station, Boolean value) in /tmp/coo-questfree-implementation/cooking/FiniteCookingSourceTests.cs:line 62
   at CavesOfOoo.Tests.FiniteCookingSourceTests.Station(Boolean finite, Int32 x, Int32 y) in /tmp/coo-questfree-implementation/cooking/FiniteCookingSourceTests.cs:line 65
   at CavesOfOoo.Tests.FiniteCookingSourceTests.MalformedFiniteSourceDoesNotFallBackToLegacy(String part) in /tmp/coo-questfree-implementation/cooking/FiniteCookingSourceTests.cs:line 84
   at InvokeStub_FiniteCookingSourceTests.MalformedFiniteSourceDoesNotFallBackToLegacy(Object, Span`1)

12) Failed : CavesOfOoo.Tests.FiniteCookingSourceTests.OldZeroFieldCampfirePartWireLoadsAsLegacyWithoutRetrofit
  New utility source needs an explicit saved opt-in; established stations must default to legacy.
  Expected: not null
  But was:  null
   at CavesOfOoo.Tests.FiniteCookingSourceTests.Flag() in /tmp/coo-questfree-implementation/cooking/FiniteCookingSourceTests.cs:line 60
   at CavesOfOoo.Tests.FiniteCookingSourceTests.OldZeroFieldCampfirePartWireLoadsAsLegacyWithoutRetrofit() in /tmp/coo-questfree-implementation/cooking/FiniteCookingSourceTests.cs:line 175

13) Failed : CavesOfOoo.Tests.FiniteCookingSourceTests.OptedInSourceRequiresFiniteUsableHeatAndFuelWithoutRequiringBurning(150.0f,200.0f,True)
  New utility source needs an explicit saved opt-in; established stations must default to legacy.
  Expected: not null
  But was:  null
   at CavesOfOoo.Tests.FiniteCookingSourceTests.Flag() in /tmp/coo-questfree-implementation/cooking/FiniteCookingSourceTests.cs:line 60
   at CavesOfOoo.Tests.FiniteCookingSourceTests.SetFinite(Entity station, Boolean value) in /tmp/coo-questfree-implementation/cooking/FiniteCookingSourceTests.cs:line 62
   at CavesOfOoo.Tests.FiniteCookingSourceTests.Station(Boolean finite, Int32 x, Int32 y) in /tmp/coo-questfree-implementation/cooking/FiniteCookingSourceTests.cs:line 65
   at CavesOfOoo.Tests.FiniteCookingSourceTests.OptedInSourceRequiresFiniteUsableHeatAndFuelWithoutRequiringBurning(Single temperature, Single fuel, Boolean expected) in /tmp/coo-questfree-implementation/cooking/FiniteCookingSourceTests.cs:line 78

14) Failed : CavesOfOoo.Tests.FiniteCookingSourceTests.OptedInSourceRequiresFiniteUsableHeatAndFuelWithoutRequiringBurning(149.99f,200.0f,False)
  New utility source needs an explicit saved opt-in; established stations must default to legacy.
  Expected: not null
  But was:  null
   at CavesOfOoo.Tests.FiniteCookingSourceTests.Flag() in /tmp/coo-questfree-implementation/cooking/FiniteCookingSourceTests.cs:line 60
   at CavesOfOoo.Tests.FiniteCookingSourceTests.SetFinite(Entity station, Boolean value) in /tmp/coo-questfree-implementation/cooking/FiniteCookingSourceTests.cs:line 62
   at CavesOfOoo.Tests.FiniteCookingSourceTests.Station(Boolean finite, Int32 x, Int32 y) in /tmp/coo-questfree-implementation/cooking/FiniteCookingSourceTests.cs:line 65
   at CavesOfOoo.Tests.FiniteCookingSourceTests.OptedInSourceRequiresFiniteUsableHeatAndFuelWithoutRequiringBurning(Single temperature, Single fuel, Boolean expected) in /tmp/coo-questfree-implementation/cooking/FiniteCookingSourceTests.cs:line 78
   at InvokeStub_FiniteCookingSourceTests.OptedInSourceRequiresFiniteUsableHeatAndFuelWithoutRequiringBurning(Object, Span`1)

15) Failed : CavesOfOoo.Tests.FiniteCookingSourceTests.OptedInSourceRequiresFiniteUsableHeatAndFuelWithoutRequiringBurning(500.0f,0.0f,False)
  New utility source needs an explicit saved opt-in; established stations must default to legacy.
  Expected: not null
  But was:  null
   at CavesOfOoo.Tests.FiniteCookingSourceTests.Flag() in /tmp/coo-questfree-implementation/cooking/FiniteCookingSourceTests.cs:line 60
   at CavesOfOoo.Tests.FiniteCookingSourceTests.SetFinite(Entity station, Boolean value) in /tmp/coo-questfree-implementation/cooking/FiniteCookingSourceTests.cs:line 62
   at CavesOfOoo.Tests.FiniteCookingSourceTests.Station(Boolean finite, Int32 x, Int32 y) in /tmp/coo-questfree-implementation/cooking/FiniteCookingSourceTests.cs:line 65
   at CavesOfOoo.Tests.FiniteCookingSourceTests.OptedInSourceRequiresFiniteUsableHeatAndFuelWithoutRequiringBurning(Single temperature, Single fuel, Boolean expected) in /tmp/coo-questfree-implementation/cooking/FiniteCookingSourceTests.cs:line 78
   at InvokeStub_FiniteCookingSourceTests.OptedInSourceRequiresFiniteUsableHeatAndFuelWithoutRequiringBurning(Object, Span`1)

16) Failed : CavesOfOoo.Tests.FiniteCookingSourceTests.OptedInSourceRequiresFiniteUsableHeatAndFuelWithoutRequiringBurning(500.0f,200.0f,True)
  New utility source needs an explicit saved opt-in; established stations must default to legacy.
  Expected: not null
  But was:  null
   at CavesOfOoo.Tests.FiniteCookingSourceTests.Flag() in /tmp/coo-questfree-implementation/cooking/FiniteCookingSourceTests.cs:line 60
   at CavesOfOoo.Tests.FiniteCookingSourceTests.SetFinite(Entity station, Boolean value) in /tmp/coo-questfree-implementation/cooking/FiniteCookingSourceTests.cs:line 62
   at CavesOfOoo.Tests.FiniteCookingSourceTests.Station(Boolean finite, Int32 x, Int32 y) in /tmp/coo-questfree-implementation/cooking/FiniteCookingSourceTests.cs:line 65
   at CavesOfOoo.Tests.FiniteCookingSourceTests.OptedInSourceRequiresFiniteUsableHeatAndFuelWithoutRequiringBurning(Single temperature, Single fuel, Boolean expected) in /tmp/coo-questfree-implementation/cooking/FiniteCookingSourceTests.cs:line 78
   at InvokeStub_FiniteCookingSourceTests.OptedInSourceRequiresFiniteUsableHeatAndFuelWithoutRequiringBurning(Object, Span`1)

17) Failed : CavesOfOoo.Tests.FiniteCookingSourceTests.OptedInSourceRequiresFiniteUsableHeatAndFuelWithoutRequiringBurning(float.NaN,200.0f,False)
  New utility source needs an explicit saved opt-in; established stations must default to legacy.
  Expected: not null
  But was:  null
   at CavesOfOoo.Tests.FiniteCookingSourceTests.Flag() in /tmp/coo-questfree-implementation/cooking/FiniteCookingSourceTests.cs:line 60
   at CavesOfOoo.Tests.FiniteCookingSourceTests.SetFinite(Entity station, Boolean value) in /tmp/coo-questfree-implementation/cooking/FiniteCookingSourceTests.cs:line 62
   at CavesOfOoo.Tests.FiniteCookingSourceTests.Station(Boolean finite, Int32 x, Int32 y) in /tmp/coo-questfree-implementation/cooking/FiniteCookingSourceTests.cs:line 65
   at CavesOfOoo.Tests.FiniteCookingSourceTests.OptedInSourceRequiresFiniteUsableHeatAndFuelWithoutRequiringBurning(Single temperature, Single fuel, Boolean expected) in /tmp/coo-questfree-implementation/cooking/FiniteCookingSourceTests.cs:line 78
   at InvokeStub_FiniteCookingSourceTests.OptedInSourceRequiresFiniteUsableHeatAndFuelWithoutRequiringBurning(Object, Span`1)

18) Failed : CavesOfOoo.Tests.FiniteCookingSourceTests.OptedInSourceRequiresFiniteUsableHeatAndFuelWithoutRequiringBurning(150.0f,float.NaN,False)
  New utility source needs an explicit saved opt-in; established stations must default to legacy.
  Expected: not null
  But was:  null
   at CavesOfOoo.Tests.FiniteCookingSourceTests.Flag() in /tmp/coo-questfree-implementation/cooking/FiniteCookingSourceTests.cs:line 60
   at CavesOfOoo.Tests.FiniteCookingSourceTests.SetFinite(Entity station, Boolean value) in /tmp/coo-questfree-implementation/cooking/FiniteCookingSourceTests.cs:line 62
   at CavesOfOoo.Tests.FiniteCookingSourceTests.Station(Boolean finite, Int32 x, Int32 y) in /tmp/coo-questfree-implementation/cooking/FiniteCookingSourceTests.cs:line 65
   at CavesOfOoo.Tests.FiniteCookingSourceTests.OptedInSourceRequiresFiniteUsableHeatAndFuelWithoutRequiringBurning(Single temperature, Single fuel, Boolean expected) in /tmp/coo-questfree-implementation/cooking/FiniteCookingSourceTests.cs:line 78
   at InvokeStub_FiniteCookingSourceTests.OptedInSourceRequiresFiniteUsableHeatAndFuelWithoutRequiringBurning(Object, Span`1)

19) Failed : CavesOfOoo.Tests.FiniteCookingSourceTests.OptedInSourceRequiresFiniteUsableHeatAndFuelWithoutRequiringBurning(float.PositiveInfinity,200.0f,False)
  New utility source needs an explicit saved opt-in; established stations must default to legacy.
  Expected: not null
  But was:  null
   at CavesOfOoo.Tests.FiniteCookingSourceTests.Flag() in /tmp/coo-questfree-implementation/cooking/FiniteCookingSourceTests.cs:line 60
   at CavesOfOoo.Tests.FiniteCookingSourceTests.SetFinite(Entity station, Boolean value) in /tmp/coo-questfree-implementation/cooking/FiniteCookingSourceTests.cs:line 62
   at CavesOfOoo.Tests.FiniteCookingSourceTests.Station(Boolean finite, Int32 x, Int32 y) in /tmp/coo-questfree-implementation/cooking/FiniteCookingSourceTests.cs:line 65
   at CavesOfOoo.Tests.FiniteCookingSourceTests.OptedInSourceRequiresFiniteUsableHeatAndFuelWithoutRequiringBurning(Single temperature, Single fuel, Boolean expected) in /tmp/coo-questfree-implementation/cooking/FiniteCookingSourceTests.cs:line 78
   at InvokeStub_FiniteCookingSourceTests.OptedInSourceRequiresFiniteUsableHeatAndFuelWithoutRequiringBurning(Object, Span`1)

20) Failed : CavesOfOoo.Tests.FiniteCookingSourceTests.OptedInSourceRequiresFiniteUsableHeatAndFuelWithoutRequiringBurning(150.0f,float.PositiveInfinity,False)
  New utility source needs an explicit saved opt-in; established stations must default to legacy.
  Expected: not null
  But was:  null
   at CavesOfOoo.Tests.FiniteCookingSourceTests.Flag() in /tmp/coo-questfree-implementation/cooking/FiniteCookingSourceTests.cs:line 60
   at CavesOfOoo.Tests.FiniteCookingSourceTests.SetFinite(Entity station, Boolean value) in /tmp/coo-questfree-implementation/cooking/FiniteCookingSourceTests.cs:line 62
   at CavesOfOoo.Tests.FiniteCookingSourceTests.Station(Boolean finite, Int32 x, Int32 y) in /tmp/coo-questfree-implementation/cooking/FiniteCookingSourceTests.cs:line 65
   at CavesOfOoo.Tests.FiniteCookingSourceTests.OptedInSourceRequiresFiniteUsableHeatAndFuelWithoutRequiringBurning(Single temperature, Single fuel, Boolean expected) in /tmp/coo-questfree-implementation/cooking/FiniteCookingSourceTests.cs:line 78
   at InvokeStub_FiniteCookingSourceTests.OptedInSourceRequiresFiniteUsableHeatAndFuelWithoutRequiringBurning(Object, Span`1)

21) Failed : CavesOfOoo.Tests.FiniteCookingSourceTests.OutputFactoryCannotKeepPermissionFromChangedExactLegacyStation("remove-part")
  Expected: False
  But was:  True
   at CavesOfOoo.Tests.FiniteCookingSourceTests.CookAndCheck(Entity raw, Boolean expected) in /tmp/coo-questfree-implementation/cooking/FiniteCookingSourceTests.cs:line 71
   at CavesOfOoo.Tests.FiniteCookingSourceTests.OutputFactoryCannotKeepPermissionFromChangedExactLegacyStation(String mutation) in /tmp/coo-questfree-implementation/cooking/FiniteCookingSourceTests.cs:line 111
   at InvokeStub_FiniteCookingSourceTests.OutputFactoryCannotKeepPermissionFromChangedExactLegacyStation(Object, Span`1)

22) Failed : CavesOfOoo.Tests.FiniteCookingSourceTests.OutputFactoryCannotKeepPermissionFromChangedExactLegacyStation("replace-part")
  Expected: False
  But was:  True
   at CavesOfOoo.Tests.FiniteCookingSourceTests.CookAndCheck(Entity raw, Boolean expected) in /tmp/coo-questfree-implementation/cooking/FiniteCookingSourceTests.cs:line 71
   at CavesOfOoo.Tests.FiniteCookingSourceTests.OutputFactoryCannotKeepPermissionFromChangedExactLegacyStation(String mutation) in /tmp/coo-questfree-implementation/cooking/FiniteCookingSourceTests.cs:line 111
   at InvokeStub_FiniteCookingSourceTests.OutputFactoryCannotKeepPermissionFromChangedExactLegacyStation(Object, Span`1)

23) Failed : CavesOfOoo.Tests.FiniteCookingSourceTests.OutputFactoryCannotKeepPermissionFromChangedExactLegacyStation("move-adjacent")
  Expected: False
  But was:  True
   at CavesOfOoo.Tests.FiniteCookingSourceTests.CookAndCheck(Entity raw, Boolean expected) in /tmp/coo-questfree-implementation/cooking/FiniteCookingSourceTests.cs:line 71
   at CavesOfOoo.Tests.FiniteCookingSourceTests.OutputFactoryCannotKeepPermissionFromChangedExactLegacyStation(String mutation) in /tmp/coo-questfree-implementation/cooking/FiniteCookingSourceTests.cs:line 111
   at InvokeStub_FiniteCookingSourceTests.OutputFactoryCannotKeepPermissionFromChangedExactLegacyStation(Object, Span`1)

24) Failed : CavesOfOoo.Tests.FiniteCookingSourceTests.OutputFactoryRechecksExactOptedInPartsAndCurrentEligibility("unchanged")
  New utility source needs an explicit saved opt-in; established stations must default to legacy.
  Expected: not null
  But was:  null
   at CavesOfOoo.Tests.FiniteCookingSourceTests.Flag() in /tmp/coo-questfree-implementation/cooking/FiniteCookingSourceTests.cs:line 60
   at CavesOfOoo.Tests.FiniteCookingSourceTests.SetFinite(Entity station, Boolean value) in /tmp/coo-questfree-implementation/cooking/FiniteCookingSourceTests.cs:line 62
   at CavesOfOoo.Tests.FiniteCookingSourceTests.Station(Boolean finite, Int32 x, Int32 y) in /tmp/coo-questfree-implementation/cooking/FiniteCookingSourceTests.cs:line 65
   at CavesOfOoo.Tests.FiniteCookingSourceTests.OutputFactoryRechecksExactOptedInPartsAndCurrentEligibility(String mutation) in /tmp/coo-questfree-implementation/cooking/FiniteCookingSourceTests.cs:line 119

25) Failed : CavesOfOoo.Tests.FiniteCookingSourceTests.OutputFactoryRechecksExactOptedInPartsAndCurrentEligibility("replace-fuel")
  New utility source needs an explicit saved opt-in; established stations must default to legacy.
  Expected: not null
  But was:  null
   at CavesOfOoo.Tests.FiniteCookingSourceTests.Flag() in /tmp/coo-questfree-implementation/cooking/FiniteCookingSourceTests.cs:line 60
   at CavesOfOoo.Tests.FiniteCookingSourceTests.SetFinite(Entity station, Boolean value) in /tmp/coo-questfree-implementation/cooking/FiniteCookingSourceTests.cs:line 62
   at CavesOfOoo.Tests.FiniteCookingSourceTests.Station(Boolean finite, Int32 x, Int32 y) in /tmp/coo-questfree-implementation/cooking/FiniteCookingSourceTests.cs:line 65
   at CavesOfOoo.Tests.FiniteCookingSourceTests.OutputFactoryRechecksExactOptedInPartsAndCurrentEligibility(String mutation) in /tmp/coo-questfree-implementation/cooking/FiniteCookingSourceTests.cs:line 119
   at InvokeStub_FiniteCookingSourceTests.OutputFactoryRechecksExactOptedInPartsAndCurrentEligibility(Object, Span`1)

26) Failed : CavesOfOoo.Tests.FiniteCookingSourceTests.OutputFactoryRechecksExactOptedInPartsAndCurrentEligibility("replace-thermal")
  New utility source needs an explicit saved opt-in; established stations must default to legacy.
  Expected: not null
  But was:  null
   at CavesOfOoo.Tests.FiniteCookingSourceTests.Flag() in /tmp/coo-questfree-implementation/cooking/FiniteCookingSourceTests.cs:line 60
   at CavesOfOoo.Tests.FiniteCookingSourceTests.SetFinite(Entity station, Boolean value) in /tmp/coo-questfree-implementation/cooking/FiniteCookingSourceTests.cs:line 62
   at CavesOfOoo.Tests.FiniteCookingSourceTests.Station(Boolean finite, Int32 x, Int32 y) in /tmp/coo-questfree-implementation/cooking/FiniteCookingSourceTests.cs:line 65
   at CavesOfOoo.Tests.FiniteCookingSourceTests.OutputFactoryRechecksExactOptedInPartsAndCurrentEligibility(String mutation) in /tmp/coo-questfree-implementation/cooking/FiniteCookingSourceTests.cs:line 119
   at InvokeStub_FiniteCookingSourceTests.OutputFactoryRechecksExactOptedInPartsAndCurrentEligibility(Object, Span`1)

27) Failed : CavesOfOoo.Tests.FiniteCookingSourceTests.OutputFactoryRechecksExactOptedInPartsAndCurrentEligibility("cool")
  New utility source needs an explicit saved opt-in; established stations must default to legacy.
  Expected: not null
  But was:  null
   at CavesOfOoo.Tests.FiniteCookingSourceTests.Flag() in /tmp/coo-questfree-implementation/cooking/FiniteCookingSourceTests.cs:line 60
   at CavesOfOoo.Tests.FiniteCookingSourceTests.SetFinite(Entity station, Boolean value) in /tmp/coo-questfree-implementation/cooking/FiniteCookingSourceTests.cs:line 62
   at CavesOfOoo.Tests.FiniteCookingSourceTests.Station(Boolean finite, Int32 x, Int32 y) in /tmp/coo-questfree-implementation/cooking/FiniteCookingSourceTests.cs:line 65
   at CavesOfOoo.Tests.FiniteCookingSourceTests.OutputFactoryRechecksExactOptedInPartsAndCurrentEligibility(String mutation) in /tmp/coo-questfree-implementation/cooking/FiniteCookingSourceTests.cs:line 119
   at InvokeStub_FiniteCookingSourceTests.OutputFactoryRechecksExactOptedInPartsAndCurrentEligibility(Object, Span`1)

28) Failed : CavesOfOoo.Tests.FiniteCookingSourceTests.OutputFactoryRechecksExactOptedInPartsAndCurrentEligibility("spent")
  New utility source needs an explicit saved opt-in; established stations must default to legacy.
  Expected: not null
  But was:  null
   at CavesOfOoo.Tests.FiniteCookingSourceTests.Flag() in /tmp/coo-questfree-implementation/cooking/FiniteCookingSourceTests.cs:line 60
   at CavesOfOoo.Tests.FiniteCookingSourceTests.SetFinite(Entity station, Boolean value) in /tmp/coo-questfree-implementation/cooking/FiniteCookingSourceTests.cs:line 62
   at CavesOfOoo.Tests.FiniteCookingSourceTests.Station(Boolean finite, Int32 x, Int32 y) in /tmp/coo-questfree-implementation/cooking/FiniteCookingSourceTests.cs:line 65
   at CavesOfOoo.Tests.FiniteCookingSourceTests.OutputFactoryRechecksExactOptedInPartsAndCurrentEligibility(String mutation) in /tmp/coo-questfree-implementation/cooking/FiniteCookingSourceTests.cs:line 119
   at InvokeStub_FiniteCookingSourceTests.OutputFactoryRechecksExactOptedInPartsAndCurrentEligibility(Object, Span`1)

29) Failed : CavesOfOoo.Tests.FiniteCookingSourceTests.OutputFactoryRechecksExactOptedInPartsAndCurrentEligibility("clear-opt-in")
  New utility source needs an explicit saved opt-in; established stations must default to legacy.
  Expected: not null
  But was:  null
   at CavesOfOoo.Tests.FiniteCookingSourceTests.Flag() in /tmp/coo-questfree-implementation/cooking/FiniteCookingSourceTests.cs:line 60
   at CavesOfOoo.Tests.FiniteCookingSourceTests.SetFinite(Entity station, Boolean value) in /tmp/coo-questfree-implementation/cooking/FiniteCookingSourceTests.cs:line 62
   at CavesOfOoo.Tests.FiniteCookingSourceTests.Station(Boolean finite, Int32 x, Int32 y) in /tmp/coo-questfree-implementation/cooking/FiniteCookingSourceTests.cs:line 65
   at CavesOfOoo.Tests.FiniteCookingSourceTests.OutputFactoryRechecksExactOptedInPartsAndCurrentEligibility(String mutation) in /tmp/coo-questfree-implementation/cooking/FiniteCookingSourceTests.cs:line 119
   at InvokeStub_FiniteCookingSourceTests.OutputFactoryRechecksExactOptedInPartsAndCurrentEligibility(Object, Span`1)

30) Failed : CavesOfOoo.Tests.FiniteCookingSourceTests.PreparedGrainRemainsFoodAndConsumesOneWithTheAuthoredHealingRange
  Expected: True
  But was:  False
   at CavesOfOoo.Tests.FiniteCookingSourceTests.PreparedGrainRemainsFoodAndConsumesOneWithTheAuthoredHealingRange() in /tmp/coo-questfree-implementation/cooking/FiniteCookingSourceTests.Grain.cs:line 57

31) Failed : CavesOfOoo.Tests.FiniteCookingSourceTests.SavedPreparedStackRetainsExactIdentityQuantityAndNoRawRecipe
  Expected: True
  But was:  False
   at CavesOfOoo.Tests.FiniteCookingSourceTests.SavedPreparedStackRetainsExactIdentityQuantityAndNoRawRecipe() in /tmp/coo-questfree-implementation/cooking/FiniteCookingSourceTests.Grain.cs:line 64

32) Failed : CavesOfOoo.Tests.FiniteCookingSourceTests.WholeGrainStackToastsAtExactCapacityAndCannotRepeat(1)
  Expected: True
  But was:  False
   at CavesOfOoo.Tests.FiniteCookingSourceTests.WholeGrainStackToastsAtExactCapacityAndCannotRepeat(Int32 count) in /tmp/coo-questfree-implementation/cooking/FiniteCookingSourceTests.Grain.cs:line 47

33) Failed : CavesOfOoo.Tests.FiniteCookingSourceTests.WholeGrainStackToastsAtExactCapacityAndCannotRepeat(3)
  Expected: True
  But was:  False
   at CavesOfOoo.Tests.FiniteCookingSourceTests.WholeGrainStackToastsAtExactCapacityAndCannotRepeat(Int32 count) in /tmp/coo-questfree-implementation/cooking/FiniteCookingSourceTests.Grain.cs:line 47
   at InvokeStub_FiniteCookingSourceTests.WholeGrainStackToastsAtExactCapacityAndCannotRepeat(Object, Span`1)

Run Settings
    Number of Test Workers: 10
    Work Directory: /Users/steven/caves-of-ooo
    Internal Trace: Off

Test Run Summary
  Overall result: Failed
  Test Count: 37, Passed: 4, Failed: 33, Warnings: 0, Inconclusive: 0, Skipped: 0
    Failed Tests - Failures: 33, Errors: 0, Invalid: 0
  Start time: 2026-09-28 14:25:12Z
    End time: 2026-09-28 14:25:13Z
    Duration: 0.812 seconds

Results (nunit3) saved as /tmp/coo-questfree-implementation/cooking/grain-core-red.xml
