test_borrowed_mesh_survives (__main__.OwnershipTests.test_borrowed_mesh_survives) ... ok
test_empty_scene_cleanup (__main__.OwnershipTests.test_empty_scene_cleanup) ... ok
test_foreign_owner_preserved (__main__.OwnershipTests.test_foreign_owner_preserved) ... ok
test_foreign_scene_shared_object_survives (__main__.OwnershipTests.test_foreign_scene_shared_object_survives) ... ok
test_manual_camera_preserved (__main__.OwnershipTests.test_manual_camera_preserved) ... ok
test_manual_child_visibility_flags_preserved (__main__.OwnershipTests.test_manual_child_visibility_flags_preserved) ... ok
test_manual_world_preserved (__main__.OwnershipTests.test_manual_world_preserved) ... ok
test_name_does_not_grant_ownership (__main__.OwnershipTests.test_name_does_not_grant_ownership) ... ok
test_nested_manual_collection_survives (__main__.OwnershipTests.test_nested_manual_collection_survives) ... ok
test_nested_owned_object_removed (__main__.OwnershipTests.test_nested_owned_object_removed) ... ok
test_owned_object_in_unowned_collection_untouched (__main__.OwnershipTests.test_owned_object_in_unowned_collection_untouched) ... ok
test_owned_object_removed (__main__.OwnershipTests.test_owned_object_removed) ... ok
test_repeat_cleanup_idempotent (__main__.OwnershipTests.test_repeat_cleanup_idempotent) ... ok
test_shared_collection_foreign_scene_survives (__main__.OwnershipTests.test_shared_collection_foreign_scene_survives) ... ok
test_unlinked_foreign_templates_preserved (__main__.OwnershipTests.test_unlinked_foreign_templates_preserved) ... ok
test_unlinked_own_templates_removed (__main__.OwnershipTests.test_unlinked_own_templates_removed) ... ok
test_unowned_object_preserved (__main__.OwnershipTests.test_unowned_object_preserved) ... ok
test_unowned_transform_preserved (__main__.OwnershipTests.test_unowned_transform_preserved) ... ok
test_unused_manual_mesh_preserved (__main__.OwnershipTests.test_unused_manual_mesh_preserved) ... ok
test_unused_owned_mesh_removed (__main__.OwnershipTests.test_unused_owned_mesh_removed) ... ok

----------------------------------------------------------------------
Ran 20 tests in 0.004s

OK
Blender 5.2.1 LTS (hash 9e2066aef7ef built 2026-08-25 01:35:57)

Blender quit
