test_other_thirtytwo_models_and_palette_stay_identical (test_fifth_feedback.FifthFeedbackTests.test_other_thirtytwo_models_and_palette_stay_identical) ... ok
test_reeds_have_seven_flat_block_finger_tops (test_fifth_feedback.FifthFeedbackTests.test_reeds_have_seven_flat_block_finger_tops) ... ok
test_reeds_no_longer_repeat_three_tier_cones_on_every_stalk (test_fifth_feedback.FifthFeedbackTests.test_reeds_no_longer_repeat_three_tier_cones_on_every_stalk) ... ok
test_floor_pebbles_have_visible_square_sides_without_panels (test_fourth_feedback.FourthFeedbackTests.test_floor_pebbles_have_visible_square_sides_without_panels) ... ok
test_grass_has_chunky_bright_blades_and_small_shaded_bases (test_fourth_feedback.FourthFeedbackTests.test_grass_has_chunky_bright_blades_and_small_shaded_bases) ... ok
test_gravel_is_raised_square_fragments_instead_of_fine_dots (test_fourth_feedback.FourthFeedbackTests.test_gravel_is_raised_square_fragments_instead_of_fine_dots) ... ok
test_quiet_palette_and_prop_hierarchy_remain (test_fourth_feedback.FourthFeedbackTests.test_quiet_palette_and_prop_hierarchy_remain) ... ok
test_reeds_remain_vertical_fingers_without_horizontal_canopies (test_fourth_feedback.FourthFeedbackTests.test_reeds_remain_vertical_fingers_without_horizontal_canopies) ... ok
test_boxes_stay_inside_native_cell_and_have_volume (test_kit.GladeKitTests.test_boxes_stay_inside_native_cell_and_have_volume) ... ok
test_exact_ten_families_four_variants (test_kit.GladeKitTests.test_exact_ten_families_four_variants) ... ok
test_low_plant_and_wall_height_hierarchy (test_kit.GladeKitTests.test_low_plant_and_wall_height_hierarchy) ... ok
test_palette_is_bounded_and_role_colors_are_distinct (test_kit.GladeKitTests.test_palette_is_bounded_and_role_colors_are_distinct) ... ok
test_variants_have_real_geometric_changes (test_kit.GladeKitTests.test_variants_have_real_geometric_changes) ... ok
test_grass_has_seven_upright_fingers_without_a_wide_mat_base (test_native_feedback.NativeFeedbackTests.test_grass_has_seven_upright_fingers_without_a_wide_mat_base) ... ok
test_ground_has_one_quiet_surface_not_nine_contrasting_panels (test_native_feedback.NativeFeedbackTests.test_ground_has_one_quiet_surface_not_nine_contrasting_panels) ... ok
test_pale_reed_stems_are_thick_pale_branches_not_dark_twigs (test_native_feedback.NativeFeedbackTests.test_pale_reed_stems_are_thick_pale_branches_not_dark_twigs) ... ok
test_real_mushroom_rings_have_four_small_multicap_models (test_native_feedback.NativeFeedbackTests.test_real_mushroom_rings_have_four_small_multicap_models) ... ok
test_stone_wall_has_a_broad_dimensional_cross_section (test_native_feedback.NativeFeedbackTests.test_stone_wall_has_a_broad_dimensional_cross_section) ... ok
test_chest_and_barrel_are_four_real_variants_each (test_refinement.RefinementTests.test_chest_and_barrel_are_four_real_variants_each) ... ok
test_grass_is_a_compact_tall_cluster_not_three_distant_dots (test_refinement.RefinementTests.test_grass_is_a_compact_tall_cluster_not_three_distant_dots) ... ok
test_gravel_has_readable_raised_stones (test_refinement.RefinementTests.test_gravel_has_readable_raised_stones) ... ok
test_ground_has_quiet_surface_and_readable_specks (test_refinement.RefinementTests.test_ground_has_quiet_surface_and_readable_specks) ... ok
test_masonry_has_thick_staggered_small_bricks (test_refinement.RefinementTests.test_masonry_has_thick_staggered_small_bricks) ... ok
test_ruins_have_fine_fractures_instead_of_six_large_pillars (test_refinement.RefinementTests.test_ruins_have_fine_fractures_instead_of_six_large_pillars) ... ok
test_grass_is_a_broad_low_tuft_in_the_current_fixed_view (test_seventh_feedback.SeventhFeedbackTests.test_grass_is_a_broad_low_tuft_in_the_current_fixed_view) ... ok
test_grass_keeps_clear_low_fingers_below_the_reed_hierarchy (test_seventh_feedback.SeventhFeedbackTests.test_grass_keeps_clear_low_fingers_below_the_reed_hierarchy) ... ok
test_other_thirtysix_models_and_palette_are_exact (test_seventh_feedback.SeventhFeedbackTests.test_other_thirtysix_models_and_palette_are_exact) ... ok
test_grass_has_no_repeated_leaf_ladders (test_sixth_feedback.SixthFeedbackTests.test_grass_has_no_repeated_leaf_ladders) ... ok
test_grass_has_seven_separate_upright_fingers (test_sixth_feedback.SixthFeedbackTests.test_grass_has_seven_separate_upright_fingers) ... ok
test_other_thirtysix_models_and_palette_unchanged (test_sixth_feedback.SixthFeedbackTests.test_other_thirtysix_models_and_palette_unchanged) ... ok

----------------------------------------------------------------------
Ran 30 tests in 0.112s

OK
