/Users/steven/caves-of-ooo/ArtSource/SpawnRing3D/build_ring.py:122: DeprecationWarning: 'Material.use_nodes' is expected to be removed in Blender 6.0
  MAT=bpy.data.materials.new('SpawnRingPalette');MAT.use_nodes=True;bs=MAT.node_tree.nodes.get('Principled BSDF');bs.inputs['Roughness'].default_value=.88
/Users/steven/caves-of-ooo/ArtSource/SpawnRing3D/build_ring.py:124: DeprecationWarning: 'Material.use_nodes' is expected to be removed in Blender 6.0
  WATER=bpy.data.materials.new('SpawnRingWater');WATER.use_nodes=True;bs=WATER.node_tree.nodes.get('Principled BSDF');bs.inputs['Base Color'].default_value=(.018,.085,.09,1);bs.inputs['Roughness'].default_value=.35;bs.inputs['Specular IOR Level'].default_value=.2
RING_KIT_AUTHORED 222

FBX export starting... '/private/tmp/coo-c13-art-fresh/models/ring-snapjaw.fbx'
(bpy.data.armatures['ring-snapjaw_Skeleton.001'], 'POSE')
export finished in 1.2577 sec.

FBX export starting... '/private/tmp/coo-c13-art-fresh/models/ring-snapjaw-warlord.fbx'
(bpy.data.armatures['ring-snapjaw-warlord_Skeleton.001'], 'POSE')
export finished in 1.2973 sec.

FBX export starting... '/private/tmp/coo-c13-art-fresh/models/ring-marlback-gleaner.fbx'
(bpy.data.armatures['ring-marlback-gleaner_Skeleton.001'], 'POSE')
export finished in 1.3178 sec.

FBX export starting... '/private/tmp/coo-c13-art-fresh/models/ring-marlback-tunnelguard.fbx'
(bpy.data.armatures['ring-marlback-tunnelguard_Skeleton.001'], 'POSE')
export finished in 1.4614 sec.

FBX export starting... '/private/tmp/coo-c13-art-fresh/models/ring-marlback-wallkeeper.fbx'
(bpy.data.armatures['ring-marlback-wallkeeper_Skeleton.001'], 'POSE')
export finished in 1.3870 sec.

FBX export starting... '/private/tmp/coo-c13-art-fresh/models/ring-grove-lantern-moth.fbx'
(bpy.data.armatures['ring-grove-lantern-moth_Skeleton.001'], 'POSE')
export finished in 1.4622 sec.
RING_MODEL_METADATA_READY 222
RING_MODELS_EXPORTED 6
Blender 5.2.1 LTS (hash 9e2066aef7ef built 2026-08-25 01:35:57)
Info: Saved as "ring_kit.blend"
