00:00.567  blend            | Read blend: "/private/tmp/coo-c13-art-fresh/ring_kit.blend"
/Users/steven/caves-of-ooo/ArtSource/ModelPolish3D/polish_bundle.py:45: DeprecationWarning: 'World.use_nodes' is expected to be removed in Blender 6.0
  preview.world=bpy.data.worlds.new('Studio_'+stage);preview.world.use_nodes=True;preview.world.node_tree.nodes['Background'].inputs[0].default_value=(.42,.45,.48,1);preview.world.node_tree.nodes['Background'].inputs[1].default_value=.45
00:16.439  render           | Saved: '/private/tmp/coo-c13-art-polished/renders/before.png'

FBX export starting... '/private/tmp/coo-c13-art-polished/models/ring-snapjaw.fbx'
(bpy.data.armatures['ring-snapjaw_Skeleton.001'], 'POSE')
export finished in 0.0531 sec.
POLISH ring-snapjaw 16 2512

FBX export starting... '/private/tmp/coo-c13-art-polished/models/ring-snapjaw-warlord.fbx'
(bpy.data.armatures['ring-snapjaw-warlord_Skeleton.001'], 'POSE')
export finished in 0.0492 sec.
POLISH ring-snapjaw-warlord 18 2692

FBX export starting... '/private/tmp/coo-c13-art-polished/models/ring-marlback-gleaner.fbx'
(bpy.data.armatures['ring-marlback-gleaner_Skeleton.001'], 'POSE')
export finished in 0.0648 sec.
POLISH ring-marlback-gleaner 18 2718

FBX export starting... '/private/tmp/coo-c13-art-polished/models/ring-marlback-tunnelguard.fbx'
(bpy.data.armatures['ring-marlback-tunnelguard_Skeleton.001'], 'POSE')
export finished in 0.0539 sec.
POLISH ring-marlback-tunnelguard 17 2600

FBX export starting... '/private/tmp/coo-c13-art-polished/models/ring-marlback-wallkeeper.fbx'
(bpy.data.armatures['ring-marlback-wallkeeper_Skeleton.001'], 'POSE')
export finished in 0.0561 sec.
POLISH ring-marlback-wallkeeper 17 2600

FBX export starting... '/private/tmp/coo-c13-art-polished/models/ring-grove-lantern-moth.fbx'
(bpy.data.armatures['ring-grove-lantern-moth_Skeleton.001'], 'POSE')
export finished in 0.0392 sec.
POLISH ring-grove-lantern-moth 12 2364
/Users/steven/caves-of-ooo/ArtSource/ModelPolish3D/polish_bundle.py:45: DeprecationWarning: 'World.use_nodes' is expected to be removed in Blender 6.0
  preview.world=bpy.data.worlds.new('Studio_'+stage);preview.world.use_nodes=True;preview.world.node_tree.nodes['Background'].inputs[0].default_value=(.42,.45,.48,1);preview.world.node_tree.nodes['Background'].inputs[1].default_value=.45
00:38.611  render           | Saved: '/private/tmp/coo-c13-art-polished/renders/after.png'
Info: Saved as "ring_kit.blend"
POLISH_COMPLETE SpawnRing3D 6 6
Blender 5.2.1 LTS (hash 9e2066aef7ef built 2026-08-25 01:35:57)

Blender quit
