NUnitLite 3.14.0 (.NET Standard 2.0)
Copyright (c) 2023 Charlie Poole, Rob Prouse

Runtime Environment
   OS Version: macOS 26.0.0
  CLR Version: 10.0.5

Test Files
    /private/tmp/coo-questfree-implementation/cooking/finite-presentation/runner/bin/Debug/net8.0/EditModeRunner.dll

Test Discovery
  Start time: 2026-09-28 15:10:34Z
    End time: 2026-09-28 15:10:34Z
    Duration: 0.028 seconds

Run Settings
    Number of Test Workers: 1
    Work Directory: /Users/steven/caves-of-ooo
    Internal Trace: Off

Test Run Summary
  Overall result: Passed
  Test Count: 182, Passed: 182, Failed: 0, Warnings: 0, Inconclusive: 0, Skipped: 0
  Start time: 2026-09-28 15:10:34Z
    End time: 2026-09-28 15:10:36Z
    Duration: 2.273 seconds

Results (nunit3) saved as /tmp/coo-questfree-implementation/cooking/finite-presentation/final-green.xml
