NUnitLite 3.14.0 (.NET Standard 2.0)
Copyright (c) 2023 Charlie Poole, Rob Prouse

Runtime Environment
   OS Version: macOS 26.0.0
  CLR Version: 10.0.5

Test Files
    /private/tmp/coo-questfree-implementation/cooking/finite-presentation/runner/bin/Debug/net8.0/EditModeRunner.dll

Test Discovery
  Start time: 2026-09-28 15:23:56Z
    End time: 2026-09-28 15:23:56Z
    Duration: 0.021 seconds

Test Filters
    Test: CavesOfOoo.Tests.FiniteCookingPresentationTests

Run Settings
    Number of Test Workers: 10
    Work Directory: /Users/steven/caves-of-ooo
    Internal Trace: Off

Test Run Summary
  Overall result: Passed
  Test Count: 46, Passed: 46, Failed: 0, Warnings: 0, Inconclusive: 0, Skipped: 0
  Start time: 2026-09-28 15:23:56Z
    End time: 2026-09-28 15:23:57Z
    Duration: 0.871 seconds

Results (nunit3) saved as /tmp/coo-questfree-implementation/cooking/finite-presentation/wording-green.xml
