NUnitLite 3.14.0 (.NET Standard 2.0)
Copyright (c) 2023 Charlie Poole, Rob Prouse

Runtime Environment
   OS Version: macOS 26.0.0
  CLR Version: 10.0.5

Test Files
    /private/tmp/coo-hot-steam-runner/bin/Debug/net8.0/EditModeRunner.dll

Test Discovery
  Start time: 2026-09-27 15:32:33Z
    End time: 2026-09-27 15:32:33Z
    Duration: 0.027 seconds

Test Filters
    Where: class =~ /HotSteamCellPremiseTests/

Run Settings
    Number of Test Workers: 1
    Work Directory: /private/tmp/coo-hot-steam-runner
    Internal Trace: Off

Test Run Summary
  Overall result: Passed
  Test Count: 4, Passed: 4, Failed: 0, Warnings: 0, Inconclusive: 0, Skipped: 0
  Start time: 2026-09-27 15:32:33Z
    End time: 2026-09-27 15:32:33Z
    Duration: 0.093 seconds

Results (nunit3) saved as /tmp/coo-hot-steam-native/cell-premise.xml
