test_diamond_retained (test_pool_geometry.MeasurementControls.test_diamond_retained) ... ok
test_square_rejected (test_pool_geometry.MeasurementControls.test_square_rejected) ... ok
test_adopted_0 (test_pool_geometry.PoolGeometry.test_adopted_0) ... FAIL
test_adopted_1 (test_pool_geometry.PoolGeometry.test_adopted_1) ... FAIL
test_adopted_2 (test_pool_geometry.PoolGeometry.test_adopted_2) ... FAIL
test_adopted_3 (test_pool_geometry.PoolGeometry.test_adopted_3) ... FAIL
test_raw_source_0 (test_pool_geometry.PoolGeometry.test_raw_source_0) ... ok
test_raw_source_1 (test_pool_geometry.PoolGeometry.test_raw_source_1) ... ok
test_raw_source_2 (test_pool_geometry.PoolGeometry.test_raw_source_2) ... ok
test_raw_source_3 (test_pool_geometry.PoolGeometry.test_raw_source_3) ... ok

======================================================================
FAIL: test_adopted_0 (test_pool_geometry.PoolGeometry.test_adopted_0)
----------------------------------------------------------------------
Traceback (most recent call last):
  File "/private/tmp/coo-spread-pools/test_pool_geometry.py", line 9, in test
    self.assertNotEqual(normalized(rocks),normalized(water),'Basin and rim cannot be identical boxes')
AssertionError: {(-0.25, -0.0, -0.0), (-0.25, -0.0, 0.25), (-0.25, -0.0, 0.5), (-0.25, 0.0, -0.5), (0.5, 0.25, -0.25), (0.5, 0.25, 0.0), (0.5, 0.25, 0.25), (0.5, 0.25, 0.5), (0.5, 0.25, -0.5), (-0.25, 0.0, -0.25), (-0.5, -0.0, -0.25), (-0.5, -0.0, 0.25), (-0.5, 0.0, -0.5), (-0.5, -0.0, 0.5), (-0.5, -0.0, -0.0), (0.25, -0.0, 0.25), (0.25, 0.0, 0.0), (0.25, -0.0, 0.5), (0.25, 0.0, -0.25), (0.25, 0.0, -0.5), (-0.25, 0.25, -0.0), (-0.25, 0.25, 0.25), (-0.25, 0.25, 0.5), (-0.25, 0.25, -0.5), (-0.25, 0.25, -0.25), (0.0, 0.0, 0.0), (-0.0, -0.0, 0.25), (-0.0, -0.0, 0.5), (0.0, 0.0, -0.5), (0.0, 0.0, -0.25), (-0.5, 0.25, -0.0), (-0.5, 0.25, -0.25), (-0.5, 0.25, 0.25), (-0.5, 0.25, -0.5), (-0.5, 0.25, 0.5), (0.25, 0.25, 0.25), (0.25, 0.25, 0.0), (0.25, 0.25, 0.5), (0.5, 0.0, 0.0), (0.5, 0.0, 0.25), (0.5, -0.0, 0.5), (0.5, 0.0, -0.5), (0.5, 0.0, -0.25), (0.25, 0.25, -0.25), (0.25, 0.25, -0.5), (-0.0, 0.25, 0.0), (-0.0, 0.25, 0.25), (-0.0, 0.25, 0.5), (0.0, 0.25, -0.5), (0.0, 0.25, -0.25)} == {(-0.25, -0.0, -0.0), (-0.25, 0.0, -0.25), (-0.25, -0.0, 0.25), (-0.25, 0.0, -0.5), (0.5, 0.25, 0.0), (0.5, 0.25, -0.5), (0.5, 0.25, -0.25), (0.5, 0.25, 0.25), (0.5, 0.25, 0.5), (-0.25, -0.0, 0.5), (-0.5, -0.0, -0.25), (-0.5, -0.0, 0.25), (-0.5, 0.0, -0.5), (-0.5, -0.0, 0.5), (-0.5, -0.0, -0.0), (0.25, 0.0, -0.25), (0.25, 0.0, -0.5), (0.25, 0.0, 0.0), (0.25, -0.0, 0.25), (0.25, -0.0, 0.5), (-0.25, 0.25, -0.0), (-0.25, 0.25, -0.25), (-0.25, 0.25, 0.25), (-0.25, 0.25, -0.5), (-0.25, 0.25, 0.5), (0.0, 0.0, -0.25), (0.0, 0.0, -0.5), (0.0, 0.0, 0.0), (-0.0, -0.0, 0.25), (-0.0, -0.0, 0.5), (-0.5, 0.25, -0.0), (-0.5, 0.25, -0.25), (-0.5, 0.25, 0.25), (-0.5, 0.25, -0.5), (-0.5, 0.25, 0.5), (0.25, 0.25, -0.25), (0.25, 0.25, -0.5), (0.25, 0.25, 0.0), (0.5, 0.0, -0.25), (0.5, 0.0, 0.25), (0.5, -0.0, 0.5), (0.5, 0.0, -0.5), (0.5, 0.0, 0.0), (0.25, 0.25, 0.25), (0.25, 0.25, 0.5), (0.0, 0.25, -0.25), (0.0, 0.25, -0.5), (-0.0, 0.25, 0.0), (-0.0, 0.25, 0.25), (-0.0, 0.25, 0.5)} : Basin and rim cannot be identical boxes

======================================================================
FAIL: test_adopted_1 (test_pool_geometry.PoolGeometry.test_adopted_1)
----------------------------------------------------------------------
Traceback (most recent call last):
  File "/private/tmp/coo-spread-pools/test_pool_geometry.py", line 9, in test
    self.assertNotEqual(normalized(rocks),normalized(water),'Basin and rim cannot be identical boxes')
AssertionError: {(-0.25, -0.0, -0.0), (-0.25, -0.0, 0.25), (-0.25, 0.0, -0.25), (-0.25, 0.0, -0.5), (0.5, 0.25, 0.5), (0.5, 0.25, 0.0), (0.5, 0.25, 0.25), (0.5, 0.25, -0.25), (0.5, 0.25, -0.5), (-0.25, -0.0, 0.5), (-0.5, 0.0, -0.5), (-0.5, -0.0, -0.0), (-0.5, -0.0, 0.25), (-0.5, -0.0, 0.5), (-0.5, -0.0, -0.25), (0.25, -0.0, 0.25), (0.25, 0.0, 0.0), (0.25, 0.0, -0.25), (0.25, -0.0, 0.5), (0.25, 0.0, -0.5), (-0.25, 0.25, -0.0), (-0.25, 0.25, 0.25), (-0.25, 0.25, -0.25), (-0.25, 0.25, -0.5), (-0.25, 0.25, 0.5), (0.0, 0.0, 0.0), (-0.0, -0.0, 0.25), (0.0, 0.0, -0.25), (-0.0, -0.0, 0.5), (0.0, 0.0, -0.5), (-0.5, 0.25, -0.25), (-0.5, 0.25, -0.5), (-0.5, 0.25, -0.0), (-0.5, 0.25, 0.25), (-0.5, 0.25, 0.5), (0.25, 0.25, 0.25), (0.25, 0.25, 0.0), (0.25, 0.25, -0.25), (0.5, 0.0, 0.25), (0.5, 0.0, -0.25), (0.5, 0.0, -0.5), (0.5, 0.0, 0.0), (0.5, -0.0, 0.5), (0.25, 0.25, 0.5), (0.25, 0.25, -0.5), (-0.0, 0.25, 0.0), (-0.0, 0.25, 0.25), (0.0, 0.25, -0.25), (-0.0, 0.25, 0.5), (0.0, 0.25, -0.5)} == {(-0.25, -0.0, -0.0), (-0.25, 0.0, -0.25), (-0.25, -0.0, 0.25), (-0.25, 0.0, -0.5), (0.5, 0.25, 0.0), (0.5, 0.25, -0.5), (0.5, 0.25, -0.25), (0.5, 0.25, 0.25), (0.5, 0.25, 0.5), (-0.25, -0.0, 0.5), (-0.5, -0.0, -0.25), (-0.5, -0.0, 0.25), (-0.5, 0.0, -0.5), (-0.5, -0.0, 0.5), (-0.5, -0.0, -0.0), (0.25, 0.0, -0.25), (0.25, 0.0, -0.5), (0.25, 0.0, 0.0), (0.25, -0.0, 0.25), (0.25, -0.0, 0.5), (-0.25, 0.25, -0.0), (-0.25, 0.25, -0.25), (-0.25, 0.25, 0.25), (-0.25, 0.25, -0.5), (-0.25, 0.25, 0.5), (0.0, 0.0, -0.25), (0.0, 0.0, -0.5), (0.0, 0.0, 0.0), (-0.0, -0.0, 0.25), (-0.0, -0.0, 0.5), (-0.5, 0.25, -0.0), (-0.5, 0.25, -0.25), (-0.5, 0.25, 0.25), (-0.5, 0.25, -0.5), (-0.5, 0.25, 0.5), (0.25, 0.25, -0.25), (0.25, 0.25, -0.5), (0.25, 0.25, 0.0), (0.5, 0.0, -0.25), (0.5, 0.0, 0.25), (0.5, -0.0, 0.5), (0.5, 0.0, -0.5), (0.5, 0.0, 0.0), (0.25, 0.25, 0.25), (0.25, 0.25, 0.5), (0.0, 0.25, -0.25), (0.0, 0.25, -0.5), (-0.0, 0.25, 0.0), (-0.0, 0.25, 0.25), (-0.0, 0.25, 0.5)} : Basin and rim cannot be identical boxes

======================================================================
FAIL: test_adopted_2 (test_pool_geometry.PoolGeometry.test_adopted_2)
----------------------------------------------------------------------
Traceback (most recent call last):
  File "/private/tmp/coo-spread-pools/test_pool_geometry.py", line 9, in test
    self.assertNotEqual(normalized(rocks),normalized(water),'Basin and rim cannot be identical boxes')
AssertionError: {(-0.25, -0.0, -0.0), (-0.25, -0.0, 0.25), (-0.25, -0.0, 0.5), (-0.25, 0.0, -0.25), (0.5, 0.25, 0.5), (0.5, 0.25, -0.25), (0.5, 0.25, 0.0), (0.5, 0.25, -0.5), (0.5, 0.25, 0.25), (-0.25, 0.0, -0.5), (-0.5, -0.0, -0.0), (-0.5, -0.0, 0.5), (-0.5, 0.0, -0.5), (-0.5, -0.0, -0.25), (-0.5, -0.0, 0.25), (0.25, -0.0, 0.25), (0.25, 0.0, 0.0), (0.25, 0.0, -0.25), (0.25, 0.0, -0.5), (0.25, -0.0, 0.5), (-0.25, 0.25, -0.0), (-0.25, 0.25, 0.25), (-0.25, 0.25, 0.5), (-0.25, 0.25, -0.25), (-0.25, 0.25, -0.5), (0.0, 0.0, 0.0), (-0.0, -0.0, 0.25), (0.0, 0.0, -0.25), (0.0, 0.0, -0.5), (-0.0, -0.0, 0.5), (-0.5, 0.25, 0.25), (-0.5, 0.25, 0.5), (-0.5, 0.25, -0.0), (-0.5, 0.25, -0.25), (-0.5, 0.25, -0.5), (0.25, 0.25, 0.25), (0.25, 0.25, 0.0), (0.25, 0.25, -0.25), (0.5, 0.0, 0.0), (0.5, 0.0, -0.5), (0.5, 0.0, 0.25), (0.5, 0.0, -0.25), (0.5, -0.0, 0.5), (0.25, 0.25, -0.5), (0.25, 0.25, 0.5), (-0.0, 0.25, 0.0), (-0.0, 0.25, 0.25), (0.0, 0.25, -0.25), (0.0, 0.25, -0.5), (-0.0, 0.25, 0.5)} == {(-0.25, -0.0, -0.0), (-0.25, 0.0, -0.25), (-0.25, -0.0, 0.25), (-0.25, 0.0, -0.5), (0.5, 0.25, 0.0), (0.5, 0.25, -0.5), (0.5, 0.25, -0.25), (0.5, 0.25, 0.25), (0.5, 0.25, 0.5), (-0.25, -0.0, 0.5), (-0.5, -0.0, -0.25), (-0.5, -0.0, 0.25), (-0.5, 0.0, -0.5), (-0.5, -0.0, 0.5), (-0.5, -0.0, -0.0), (0.25, 0.0, -0.25), (0.25, 0.0, -0.5), (0.25, 0.0, 0.0), (0.25, -0.0, 0.25), (0.25, -0.0, 0.5), (-0.25, 0.25, -0.0), (-0.25, 0.25, -0.25), (-0.25, 0.25, 0.25), (-0.25, 0.25, -0.5), (-0.25, 0.25, 0.5), (0.0, 0.0, -0.25), (0.0, 0.0, -0.5), (0.0, 0.0, 0.0), (-0.0, -0.0, 0.25), (-0.0, -0.0, 0.5), (-0.5, 0.25, -0.0), (-0.5, 0.25, -0.25), (-0.5, 0.25, 0.25), (-0.5, 0.25, -0.5), (-0.5, 0.25, 0.5), (0.25, 0.25, -0.25), (0.25, 0.25, -0.5), (0.25, 0.25, 0.0), (0.5, 0.0, -0.25), (0.5, 0.0, 0.25), (0.5, -0.0, 0.5), (0.5, 0.0, -0.5), (0.5, 0.0, 0.0), (0.25, 0.25, 0.25), (0.25, 0.25, 0.5), (0.0, 0.25, -0.25), (0.0, 0.25, -0.5), (-0.0, 0.25, 0.0), (-0.0, 0.25, 0.25), (-0.0, 0.25, 0.5)} : Basin and rim cannot be identical boxes

======================================================================
FAIL: test_adopted_3 (test_pool_geometry.PoolGeometry.test_adopted_3)
----------------------------------------------------------------------
Traceback (most recent call last):
  File "/private/tmp/coo-spread-pools/test_pool_geometry.py", line 9, in test
    self.assertNotEqual(normalized(rocks),normalized(water),'Basin and rim cannot be identical boxes')
AssertionError: {(-0.25, -0.0, -0.0), (-0.25, -0.0, 0.25), (-0.25, 0.0, -0.25), (-0.25, 0.0, -0.5), (0.5, 0.25, -0.25), (0.5, 0.25, 0.0), (0.5, 0.25, 0.25), (0.5, 0.25, 0.5), (0.5, 0.25, -0.5), (-0.25, -0.0, 0.5), (-0.5, 0.0, -0.5), (-0.5, -0.0, -0.0), (-0.5, -0.0, 0.25), (-0.5, -0.0, 0.5), (-0.5, -0.0, -0.25), (0.25, -0.0, 0.25), (0.25, 0.0, 0.0), (0.25, 0.0, -0.25), (0.25, 0.0, -0.5), (0.25, -0.0, 0.5), (-0.25, 0.25, -0.0), (-0.25, 0.25, 0.25), (-0.25, 0.25, -0.25), (-0.25, 0.25, -0.5), (-0.25, 0.25, 0.5), (0.0, 0.0, 0.0), (-0.0, -0.0, 0.25), (0.0, 0.0, -0.5), (0.0, 0.0, -0.25), (-0.0, -0.0, 0.5), (-0.5, 0.25, -0.25), (-0.5, 0.25, -0.5), (-0.5, 0.25, 0.25), (-0.5, 0.25, -0.0), (-0.5, 0.25, 0.5), (0.25, 0.25, 0.25), (0.25, 0.25, 0.0), (0.25, 0.25, -0.25), (0.5, 0.0, 0.0), (0.5, 0.0, 0.25), (0.5, -0.0, 0.5), (0.5, 0.0, -0.5), (0.5, 0.0, -0.25), (0.25, 0.25, -0.5), (0.25, 0.25, 0.5), (-0.0, 0.25, 0.0), (-0.0, 0.25, 0.25), (0.0, 0.25, -0.5), (0.0, 0.25, -0.25), (-0.0, 0.25, 0.5)} == {(-0.25, -0.0, -0.0), (-0.25, 0.0, -0.25), (-0.25, -0.0, 0.25), (-0.25, 0.0, -0.5), (0.5, 0.25, 0.0), (0.5, 0.25, -0.5), (0.5, 0.25, -0.25), (0.5, 0.25, 0.25), (0.5, 0.25, 0.5), (-0.25, -0.0, 0.5), (-0.5, -0.0, -0.25), (-0.5, -0.0, 0.25), (-0.5, 0.0, -0.5), (-0.5, -0.0, 0.5), (-0.5, -0.0, -0.0), (0.25, 0.0, -0.25), (0.25, 0.0, -0.5), (0.25, 0.0, 0.0), (0.25, -0.0, 0.25), (0.25, -0.0, 0.5), (-0.25, 0.25, -0.0), (-0.25, 0.25, -0.25), (-0.25, 0.25, 0.25), (-0.25, 0.25, -0.5), (-0.25, 0.25, 0.5), (0.0, 0.0, -0.25), (0.0, 0.0, -0.5), (0.0, 0.0, 0.0), (-0.0, -0.0, 0.25), (-0.0, -0.0, 0.5), (-0.5, 0.25, -0.0), (-0.5, 0.25, -0.25), (-0.5, 0.25, 0.25), (-0.5, 0.25, -0.5), (-0.5, 0.25, 0.5), (0.25, 0.25, -0.25), (0.25, 0.25, -0.5), (0.25, 0.25, 0.0), (0.5, 0.0, -0.25), (0.5, 0.0, 0.25), (0.5, -0.0, 0.5), (0.5, 0.0, -0.5), (0.5, 0.0, 0.0), (0.25, 0.25, 0.25), (0.25, 0.25, 0.5), (0.0, 0.25, -0.25), (0.0, 0.25, -0.5), (-0.0, 0.25, 0.0), (-0.0, 0.25, 0.25), (-0.0, 0.25, 0.5)} : Basin and rim cannot be identical boxes

----------------------------------------------------------------------
Ran 10 tests in 0.012s

FAILED (failures=4)
