/Users/steven/caves-of-ooo/Assets/Scripts/Gameplay/Effects/Concrete/PoisonedByGasEffect.cs(39,23): warning CS0108: 'PoisonedByGasEffect.Owner' hides inherited member 'Effect.Owner'. Use the new keyword if hiding was intended. [/private/tmp/coo-density-combat-runner/EditModeRunner.csproj]
/Users/steven/caves-of-ooo/Assets/Scripts/Gameplay/Effects/Concrete/CoatedInPlasmaEffect.cs(44,23): warning CS0108: 'CoatedInPlasmaEffect.Owner' hides inherited member 'Effect.Owner'. Use the new keyword if hiding was intended. [/private/tmp/coo-density-combat-runner/EditModeRunner.csproj]
/Users/steven/caves-of-ooo/Assets/Tests/EditMode/Gameplay/AI/DensityCombatTacticsTests.cs(27,27): error CS0246: The type or namespace name 'CombatTacticsPart' could not be found (are you missing a using directive or an assembly reference?) [/private/tmp/coo-density-combat-runner/EditModeRunner.csproj]
/Users/steven/caves-of-ooo/Assets/Tests/EditMode/Gameplay/AI/DensityCombatTacticsTests.cs(51,98): error CS0246: The type or namespace name 'CombatTacticsPart' could not be found (are you missing a using directive or an assembly reference?) [/private/tmp/coo-density-combat-runner/EditModeRunner.csproj]
/Users/steven/caves-of-ooo/Assets/Tests/EditMode/Gameplay/AI/DensityCombatTacticsTests.cs(113,50): error CS0246: The type or namespace name 'CombatTacticsPart' could not be found (are you missing a using directive or an assembly reference?) [/private/tmp/coo-density-combat-runner/EditModeRunner.csproj]
/Users/steven/caves-of-ooo/Assets/Tests/EditMode/Gameplay/AI/DensityCombatTacticsTests.cs(133,50): error CS0246: The type or namespace name 'CombatTacticsPart' could not be found (are you missing a using directive or an assembly reference?) [/private/tmp/coo-density-combat-runner/EditModeRunner.csproj]
/Users/steven/caves-of-ooo/Assets/Scripts/Gameplay/Save/SaveSystem.cs(1540,34): warning SYSLIB0050: 'FormatterServices' is obsolete: 'Formatter-based serialization is obsolete and should not be used.' (https://aka.ms/dotnet-warnings/SYSLIB0050) [/private/tmp/coo-density-combat-runner/EditModeRunner.csproj]
/Users/steven/caves-of-ooo/Assets/Scripts/Gameplay/Save/SaveSystem.cs(1876,37): warning SYSLIB0050: 'FormatterServices' is obsolete: 'Formatter-based serialization is obsolete and should not be used.' (https://aka.ms/dotnet-warnings/SYSLIB0050) [/private/tmp/coo-density-combat-runner/EditModeRunner.csproj]
/Users/steven/caves-of-ooo/Assets/Scripts/Gameplay/World/MultiCellPilotRuntime.cs(32,25): warning CS0649: Field 'MultiCellPilotRuntime.Placement.solid' is never assigned to, and will always have its default value false [/private/tmp/coo-density-combat-runner/EditModeRunner.csproj]
/Users/steven/caves-of-ooo/Assets/Scripts/Gameplay/World/MultiCellPilotRuntime.cs(24,46): warning CS0649: Field 'MultiCellPilotRuntime.Layout.height' is never assigned to, and will always have its default value 0 [/private/tmp/coo-density-combat-runner/EditModeRunner.csproj]
/Users/steven/caves-of-ooo/Assets/Scripts/Gameplay/Alchemy/BrewRuleRegistry.cs(17,35): warning CS0649: Field 'BrewRuleRegistry.BrewRuleFileData.Rules' is never assigned to, and will always have its default value null [/private/tmp/coo-density-combat-runner/EditModeRunner.csproj]
/Users/steven/caves-of-ooo/Assets/Scripts/Gameplay/World/MultiCellPilotRuntime.cs(31,24): warning CS0649: Field 'MultiCellPilotRuntime.Placement.x' is never assigned to, and will always have its default value 0 [/private/tmp/coo-density-combat-runner/EditModeRunner.csproj]
/Users/steven/caves-of-ooo/Assets/Scripts/Gameplay/World/MultiCellPilotRuntime.cs(26,32): warning CS0649: Field 'MultiCellPilotRuntime.Layout.placements' is never assigned to, and will always have its default value null [/private/tmp/coo-density-combat-runner/EditModeRunner.csproj]
/Users/steven/caves-of-ooo/Assets/Scripts/Gameplay/World/MultiCellPilotRuntime.cs(24,24): warning CS0649: Field 'MultiCellPilotRuntime.Layout.schemaVersion' is never assigned to, and will always have its default value 0 [/private/tmp/coo-density-combat-runner/EditModeRunner.csproj]
/Users/steven/caves-of-ooo/Assets/Scripts/Gameplay/World/MultiCellPilotRuntime.cs(30,51): warning CS0649: Field 'MultiCellPilotRuntime.Placement.cellsRaw' is never assigned to, and will always have its default value null [/private/tmp/coo-density-combat-runner/EditModeRunner.csproj]
/Users/steven/caves-of-ooo/Assets/Scripts/Gameplay/World/MultiCellPilotRuntime.cs(32,32): warning CS0649: Field 'MultiCellPilotRuntime.Placement.opaque' is never assigned to, and will always have its default value false [/private/tmp/coo-density-combat-runner/EditModeRunner.csproj]
/Users/steven/caves-of-ooo/Assets/Scripts/Gameplay/World/MultiCellPilotRuntime.cs(30,42): warning CS0649: Field 'MultiCellPilotRuntime.Placement.modelId' is never assigned to, and will always have its default value null [/private/tmp/coo-density-combat-runner/EditModeRunner.csproj]
/Users/steven/caves-of-ooo/Assets/Scripts/Gameplay/Tinkering/TinkerRecipeRegistry.cs(19,39): warning CS0649: Field 'TinkerRecipeRegistry.TinkerRecipeFileData.Recipes' is never assigned to, and will always have its default value null [/private/tmp/coo-density-combat-runner/EditModeRunner.csproj]
/Users/steven/caves-of-ooo/Assets/Scripts/Gameplay/World/MultiCellPilotRuntime.cs(30,31): warning CS0649: Field 'MultiCellPilotRuntime.Placement.blueprint' is never assigned to, and will always have its default value null [/private/tmp/coo-density-combat-runner/EditModeRunner.csproj]
/Users/steven/caves-of-ooo/Assets/Scripts/Gameplay/World/MultiCellPilotRuntime.cs(32,40): warning CS0649: Field 'MultiCellPilotRuntime.Placement.destructible' is never assigned to, and will always have its default value false [/private/tmp/coo-density-combat-runner/EditModeRunner.csproj]
/Users/steven/caves-of-ooo/Assets/Scripts/Gameplay/World/MultiCellPilotRuntime.cs(31,27): warning CS0649: Field 'MultiCellPilotRuntime.Placement.y' is never assigned to, and will always have its default value 0 [/private/tmp/coo-density-combat-runner/EditModeRunner.csproj]
/Users/steven/caves-of-ooo/Assets/Scripts/Gameplay/World/MultiCellPilotRuntime.cs(24,39): warning CS0649: Field 'MultiCellPilotRuntime.Layout.width' is never assigned to, and will always have its default value 0 [/private/tmp/coo-density-combat-runner/EditModeRunner.csproj]
/Users/steven/caves-of-ooo/Assets/Scripts/Gameplay/Skills/SkillRegistry.cs(37,36): warning CS0649: Field 'SkillRegistry.SkillRegistryFileData.Skills' is never assigned to, and will always have its default value null [/private/tmp/coo-density-combat-runner/EditModeRunner.csproj]
/Users/steven/caves-of-ooo/Assets/Scripts/Gameplay/World/MultiCellPilotRuntime.cs(25,27): warning CS0649: Field 'MultiCellPilotRuntime.Layout.zoneId' is never assigned to, and will always have its default value null [/private/tmp/coo-density-combat-runner/EditModeRunner.csproj]
/Users/steven/caves-of-ooo/Assets/Scripts/Gameplay/World/MultiCellPilotRuntime.cs(30,61): warning CS0649: Field 'MultiCellPilotRuntime.Placement.role' is never assigned to, and will always have its default value null [/private/tmp/coo-density-combat-runner/EditModeRunner.csproj]
/Users/steven/caves-of-ooo/Assets/Scripts/Gameplay/World/MultiCellPilotRuntime.cs(30,27): warning CS0649: Field 'MultiCellPilotRuntime.Placement.id' is never assigned to, and will always have its default value null [/private/tmp/coo-density-combat-runner/EditModeRunner.csproj]
/Users/steven/caves-of-ooo/Assets/Scripts/Gameplay/Skills/ShortBlades_Backstab.cs(49,22): warning CS0414: The field 'ShortBlades_Backstab._isFlanked' is assigned but its value is never used [/private/tmp/coo-density-combat-runner/EditModeRunner.csproj]

Build FAILED.

/Users/steven/caves-of-ooo/Assets/Scripts/Gameplay/Effects/Concrete/PoisonedByGasEffect.cs(39,23): warning CS0108: 'PoisonedByGasEffect.Owner' hides inherited member 'Effect.Owner'. Use the new keyword if hiding was intended. [/private/tmp/coo-density-combat-runner/EditModeRunner.csproj]
/Users/steven/caves-of-ooo/Assets/Scripts/Gameplay/Effects/Concrete/CoatedInPlasmaEffect.cs(44,23): warning CS0108: 'CoatedInPlasmaEffect.Owner' hides inherited member 'Effect.Owner'. Use the new keyword if hiding was intended. [/private/tmp/coo-density-combat-runner/EditModeRunner.csproj]
/Users/steven/caves-of-ooo/Assets/Scripts/Gameplay/Save/SaveSystem.cs(1540,34): warning SYSLIB0050: 'FormatterServices' is obsolete: 'Formatter-based serialization is obsolete and should not be used.' (https://aka.ms/dotnet-warnings/SYSLIB0050) [/private/tmp/coo-density-combat-runner/EditModeRunner.csproj]
/Users/steven/caves-of-ooo/Assets/Scripts/Gameplay/Save/SaveSystem.cs(1876,37): warning SYSLIB0050: 'FormatterServices' is obsolete: 'Formatter-based serialization is obsolete and should not be used.' (https://aka.ms/dotnet-warnings/SYSLIB0050) [/private/tmp/coo-density-combat-runner/EditModeRunner.csproj]
/Users/steven/caves-of-ooo/Assets/Scripts/Gameplay/World/MultiCellPilotRuntime.cs(32,25): warning CS0649: Field 'MultiCellPilotRuntime.Placement.solid' is never assigned to, and will always have its default value false [/private/tmp/coo-density-combat-runner/EditModeRunner.csproj]
/Users/steven/caves-of-ooo/Assets/Scripts/Gameplay/World/MultiCellPilotRuntime.cs(24,46): warning CS0649: Field 'MultiCellPilotRuntime.Layout.height' is never assigned to, and will always have its default value 0 [/private/tmp/coo-density-combat-runner/EditModeRunner.csproj]
/Users/steven/caves-of-ooo/Assets/Scripts/Gameplay/Alchemy/BrewRuleRegistry.cs(17,35): warning CS0649: Field 'BrewRuleRegistry.BrewRuleFileData.Rules' is never assigned to, and will always have its default value null [/private/tmp/coo-density-combat-runner/EditModeRunner.csproj]
/Users/steven/caves-of-ooo/Assets/Scripts/Gameplay/World/MultiCellPilotRuntime.cs(31,24): warning CS0649: Field 'MultiCellPilotRuntime.Placement.x' is never assigned to, and will always have its default value 0 [/private/tmp/coo-density-combat-runner/EditModeRunner.csproj]
/Users/steven/caves-of-ooo/Assets/Scripts/Gameplay/World/MultiCellPilotRuntime.cs(26,32): warning CS0649: Field 'MultiCellPilotRuntime.Layout.placements' is never assigned to, and will always have its default value null [/private/tmp/coo-density-combat-runner/EditModeRunner.csproj]
/Users/steven/caves-of-ooo/Assets/Scripts/Gameplay/World/MultiCellPilotRuntime.cs(24,24): warning CS0649: Field 'MultiCellPilotRuntime.Layout.schemaVersion' is never assigned to, and will always have its default value 0 [/private/tmp/coo-density-combat-runner/EditModeRunner.csproj]
/Users/steven/caves-of-ooo/Assets/Scripts/Gameplay/World/MultiCellPilotRuntime.cs(30,51): warning CS0649: Field 'MultiCellPilotRuntime.Placement.cellsRaw' is never assigned to, and will always have its default value null [/private/tmp/coo-density-combat-runner/EditModeRunner.csproj]
/Users/steven/caves-of-ooo/Assets/Scripts/Gameplay/World/MultiCellPilotRuntime.cs(32,32): warning CS0649: Field 'MultiCellPilotRuntime.Placement.opaque' is never assigned to, and will always have its default value false [/private/tmp/coo-density-combat-runner/EditModeRunner.csproj]
/Users/steven/caves-of-ooo/Assets/Scripts/Gameplay/World/MultiCellPilotRuntime.cs(30,42): warning CS0649: Field 'MultiCellPilotRuntime.Placement.modelId' is never assigned to, and will always have its default value null [/private/tmp/coo-density-combat-runner/EditModeRunner.csproj]
/Users/steven/caves-of-ooo/Assets/Scripts/Gameplay/Tinkering/TinkerRecipeRegistry.cs(19,39): warning CS0649: Field 'TinkerRecipeRegistry.TinkerRecipeFileData.Recipes' is never assigned to, and will always have its default value null [/private/tmp/coo-density-combat-runner/EditModeRunner.csproj]
/Users/steven/caves-of-ooo/Assets/Scripts/Gameplay/World/MultiCellPilotRuntime.cs(30,31): warning CS0649: Field 'MultiCellPilotRuntime.Placement.blueprint' is never assigned to, and will always have its default value null [/private/tmp/coo-density-combat-runner/EditModeRunner.csproj]
/Users/steven/caves-of-ooo/Assets/Scripts/Gameplay/World/MultiCellPilotRuntime.cs(32,40): warning CS0649: Field 'MultiCellPilotRuntime.Placement.destructible' is never assigned to, and will always have its default value false [/private/tmp/coo-density-combat-runner/EditModeRunner.csproj]
/Users/steven/caves-of-ooo/Assets/Scripts/Gameplay/World/MultiCellPilotRuntime.cs(31,27): warning CS0649: Field 'MultiCellPilotRuntime.Placement.y' is never assigned to, and will always have its default value 0 [/private/tmp/coo-density-combat-runner/EditModeRunner.csproj]
/Users/steven/caves-of-ooo/Assets/Scripts/Gameplay/World/MultiCellPilotRuntime.cs(24,39): warning CS0649: Field 'MultiCellPilotRuntime.Layout.width' is never assigned to, and will always have its default value 0 [/private/tmp/coo-density-combat-runner/EditModeRunner.csproj]
/Users/steven/caves-of-ooo/Assets/Scripts/Gameplay/Skills/SkillRegistry.cs(37,36): warning CS0649: Field 'SkillRegistry.SkillRegistryFileData.Skills' is never assigned to, and will always have its default value null [/private/tmp/coo-density-combat-runner/EditModeRunner.csproj]
/Users/steven/caves-of-ooo/Assets/Scripts/Gameplay/World/MultiCellPilotRuntime.cs(25,27): warning CS0649: Field 'MultiCellPilotRuntime.Layout.zoneId' is never assigned to, and will always have its default value null [/private/tmp/coo-density-combat-runner/EditModeRunner.csproj]
/Users/steven/caves-of-ooo/Assets/Scripts/Gameplay/World/MultiCellPilotRuntime.cs(30,61): warning CS0649: Field 'MultiCellPilotRuntime.Placement.role' is never assigned to, and will always have its default value null [/private/tmp/coo-density-combat-runner/EditModeRunner.csproj]
/Users/steven/caves-of-ooo/Assets/Scripts/Gameplay/World/MultiCellPilotRuntime.cs(30,27): warning CS0649: Field 'MultiCellPilotRuntime.Placement.id' is never assigned to, and will always have its default value null [/private/tmp/coo-density-combat-runner/EditModeRunner.csproj]
/Users/steven/caves-of-ooo/Assets/Scripts/Gameplay/Skills/ShortBlades_Backstab.cs(49,22): warning CS0414: The field 'ShortBlades_Backstab._isFlanked' is assigned but its value is never used [/private/tmp/coo-density-combat-runner/EditModeRunner.csproj]
/Users/steven/caves-of-ooo/Assets/Tests/EditMode/Gameplay/AI/DensityCombatTacticsTests.cs(27,27): error CS0246: The type or namespace name 'CombatTacticsPart' could not be found (are you missing a using directive or an assembly reference?) [/private/tmp/coo-density-combat-runner/EditModeRunner.csproj]
/Users/steven/caves-of-ooo/Assets/Tests/EditMode/Gameplay/AI/DensityCombatTacticsTests.cs(51,98): error CS0246: The type or namespace name 'CombatTacticsPart' could not be found (are you missing a using directive or an assembly reference?) [/private/tmp/coo-density-combat-runner/EditModeRunner.csproj]
/Users/steven/caves-of-ooo/Assets/Tests/EditMode/Gameplay/AI/DensityCombatTacticsTests.cs(113,50): error CS0246: The type or namespace name 'CombatTacticsPart' could not be found (are you missing a using directive or an assembly reference?) [/private/tmp/coo-density-combat-runner/EditModeRunner.csproj]
/Users/steven/caves-of-ooo/Assets/Tests/EditMode/Gameplay/AI/DensityCombatTacticsTests.cs(133,50): error CS0246: The type or namespace name 'CombatTacticsPart' could not be found (are you missing a using directive or an assembly reference?) [/private/tmp/coo-density-combat-runner/EditModeRunner.csproj]
    23 Warning(s)
    4 Error(s)

Time Elapsed 00:00:01.07
