barrel    cells  72-> 28; triangles 104-> 96; actual source pitch 0.25->0.333333m
barrel_1  cells  55-> 20; triangles  60-> 28; actual source pitch 0.25->0.333333m
barrel_2  cells  32-> 17; triangles  92-> 36; actual source pitch 0.25->0.333333m
barrel_3  cells  53-> 23; triangles 104-> 78; actual source pitch 0.25->0.333333m
bed       cells  78-> 32; triangles  62-> 62; actual source pitch 0.25->0.375m
crate     cells  64-> 27; triangles  36-> 36; actual source pitch 0.25->0.333333m
crate_1   cells  44-> 25; triangles 132-> 84; actual source pitch 0.25->0.333333m
crate_2   cells  38-> 13; triangles  44-> 40; actual source pitch 0.25->0.333333m
crate_3   cells  80-> 34; triangles  46-> 46; actual source pitch 0.25->0.333333m
rock      cells  60-> 23; triangles  40-> 36; actual source pitch 0.25->0.375m
rock_1    cells  49-> 21; triangles  40-> 38; actual source pitch 0.25->0.375m
rock_2    cells  35->  6; triangles  38-> 28; actual source pitch 0.25->0.5m
scrub     cells  19-> 11; triangles 114-> 74; actual source pitch 0.25->0.375m
scrub_1   cells  19-> 12; triangles 114-> 76; actual source pitch 0.25->0.375m
scrub_2   cells  15-> 10; triangles 110-> 84; actual source pitch 0.25->0.375m
stool     cells  15-> 15; triangles  48-> 48; actual source pitch 0.25->0.25m
tree      cells 237-> 87; triangles 190->128; actual source pitch 0.25->0.375m
tree_1    cells 229-> 93; triangles 188->122; actual source pitch 0.25->0.375m
tree_2    cells 234-> 87; triangles 186->120; actual source pitch 0.25->0.375m
{
  "recipes": 59,
  "targetRecipes": 19,
  "fineCells": 1428,
  "coarseCells": 584,
  "cellReduction": 0.5910364145658263,
  "fineTriangles": 1748,
  "coarseTriangles": 1260,
  "triangleReduction": 0.2791762013729977,
  "export": "ArtSource/VoxelTown/Output/native-region/assets-coarse.json",
  "sha256": "36cc6b5db46cae463ddbe2bd54b9237bb7406fa6594daaeeb76ed1321909b49b",
  "fineExportSha256": "a7f350b3f54e4402e8500104aaa0f44732b79456515ea0077ab2a426e08ec7b2"
}
