test_bed_keeps_four_feet_fabric_and_tall_headboard (test_native_coarse.NativeCoarseTests.test_bed_keeps_four_feet_fabric_and_tall_headboard) ... ok
test_coarse_density_is_actually_lower_not_a_scale_change (test_native_coarse.NativeCoarseTests.test_coarse_density_is_actually_lower_not_a_scale_change) ... ok
test_coarse_profile_is_rejected_by_fine_candidate_preview (test_native_coarse.NativeCoarseTests.test_coarse_profile_is_rejected_by_fine_candidate_preview) ... ERROR
test_coarse_recipe_is_not_the_original_recipe_enlarged (test_native_coarse.NativeCoarseTests.test_coarse_recipe_is_not_the_original_recipe_enlarged) ... ok
test_export_is_explicit_deterministic_and_preserves_fine_file (test_native_coarse.NativeCoarseTests.test_export_is_explicit_deterministic_and_preserves_fine_file) ... ok
test_fine_export_bytes_stay_pinned (test_native_coarse.NativeCoarseTests.test_fine_export_bytes_stay_pinned) ... ok
test_geometry_variants_do_not_collapse (test_native_coarse.NativeCoarseTests.test_geometry_variants_do_not_collapse) ... ok
test_invalid_profile_rejected_before_existing_output_changes (test_native_coarse.NativeCoarseTests.test_invalid_profile_rejected_before_existing_output_changes) ... ok
test_material_ties_and_insertion_order_are_deterministic (test_native_coarse.NativeCoarseTests.test_material_ties_and_insertion_order_are_deterministic) ... ok
test_minimal_stool_keeps_three_separate_legs (test_native_coarse.NativeCoarseTests.test_minimal_stool_keeps_three_separate_legs) ... ok
test_open_container_cavities_remain_open_from_above (test_native_coarse.NativeCoarseTests.test_open_container_cavities_remain_open_from_above) ... ok
test_palette_ids_and_import_only_pitch_policy (test_native_coarse.NativeCoarseTests.test_palette_ids_and_import_only_pitch_policy) ... ok
test_recipe_barrel (test_native_coarse.NativeCoarseTests.test_recipe_barrel) ... ok
test_recipe_barrel_1 (test_native_coarse.NativeCoarseTests.test_recipe_barrel_1) ... ok
test_recipe_barrel_2 (test_native_coarse.NativeCoarseTests.test_recipe_barrel_2) ... ok
test_recipe_barrel_3 (test_native_coarse.NativeCoarseTests.test_recipe_barrel_3) ... ok
test_recipe_bed (test_native_coarse.NativeCoarseTests.test_recipe_bed) ... ok
test_recipe_crate (test_native_coarse.NativeCoarseTests.test_recipe_crate) ... ok
test_recipe_crate_1 (test_native_coarse.NativeCoarseTests.test_recipe_crate_1) ... ok
test_recipe_crate_2 (test_native_coarse.NativeCoarseTests.test_recipe_crate_2) ... ok
test_recipe_crate_3 (test_native_coarse.NativeCoarseTests.test_recipe_crate_3) ... ok
test_recipe_rock (test_native_coarse.NativeCoarseTests.test_recipe_rock) ... ok
test_recipe_rock_1 (test_native_coarse.NativeCoarseTests.test_recipe_rock_1) ... ok
test_recipe_rock_2 (test_native_coarse.NativeCoarseTests.test_recipe_rock_2) ... FAIL
test_recipe_scrub (test_native_coarse.NativeCoarseTests.test_recipe_scrub) ... ok
test_recipe_scrub_1 (test_native_coarse.NativeCoarseTests.test_recipe_scrub_1) ... ok
test_recipe_scrub_2 (test_native_coarse.NativeCoarseTests.test_recipe_scrub_2) ... ok
test_recipe_stool (test_native_coarse.NativeCoarseTests.test_recipe_stool) ... ok
test_recipe_tree (test_native_coarse.NativeCoarseTests.test_recipe_tree) ... ok
test_recipe_tree_1 (test_native_coarse.NativeCoarseTests.test_recipe_tree_1) ... ok
test_recipe_tree_2 (test_native_coarse.NativeCoarseTests.test_recipe_tree_2) ... ok
test_resampling_is_translation_independent_for_negative_coordinates (test_native_coarse.NativeCoarseTests.test_resampling_is_translation_independent_for_negative_coordinates) ... ok
test_returned_recipes_are_independent (test_native_coarse.NativeCoarseTests.test_returned_recipes_are_independent) ... ok
test_trees_keep_wood_below_an_overhanging_leaf_canopy (test_native_coarse.NativeCoarseTests.test_trees_keep_wood_below_an_overhanging_leaf_canopy) ... ok
test_unbound_recipes_are_unchanged (test_native_coarse.NativeCoarseTests.test_unbound_recipes_are_unchanged) ... ok

======================================================================
ERROR: test_coarse_profile_is_rejected_by_fine_candidate_preview (test_native_coarse.NativeCoarseTests.test_coarse_profile_is_rejected_by_fine_candidate_preview)
----------------------------------------------------------------------
Traceback (most recent call last):
  File "/Users/steven/caves-of-ooo/ArtSource/VoxelTown/tests/test_native_coarse.py", line 126, in test_coarse_profile_is_rejected_by_fine_candidate_preview
    from town_generator.native_scene import validate_preview
ImportError: cannot import name 'validate_preview' from 'town_generator.native_scene' (/Users/steven/caves-of-ooo/ArtSource/VoxelTown/town_generator/native_scene.py)

======================================================================
FAIL: test_recipe_rock_2 (test_native_coarse.NativeCoarseTests.test_recipe_rock_2)
----------------------------------------------------------------------
Traceback (most recent call last):
  File "/Users/steven/caves-of-ooo/ArtSource/VoxelTown/tests/test_native_coarse.py", line 176, in gate
    if key!='stool':self.assertGreater(row['voxelSize']*scale,fine.voxel_size*.6)
                    ^^^^^^^^^^^^^^^^^^^^^^^^^^^^^^^^^^^^^^^^^^^^^^^^^^^^^^^^^^^^^
AssertionError: 0.15 not greater than 0.15

----------------------------------------------------------------------
Ran 35 tests in 0.927s

FAILED (failures=1, errors=1)
