{
  "towns": 54,
  "completed": 54,
  "failures": [],
  "counts": [
    [
      0,
      4,
      10,
      0.45,
      128,
      18,
      459
    ],
    [
      0,
      10,
      10,
      0.45,
      101,
      20,
      448
    ],
    [
      1,
      4,
      10,
      0.45,
      115,
      18,
      510
    ],
    [
      1,
      10,
      10,
      0.45,
      96,
      20,
      438
    ],
    [
      2,
      4,
      10,
      0.45,
      128,
      18,
      494
    ],
    [
      2,
      10,
      10,
      0.45,
      91,
      20,
      434
    ],
    [
      3,
      4,
      10,
      0.45,
      116,
      18,
      464
    ],
    [
      3,
      10,
      10,
      0.45,
      86,
      20,
      432
    ],
    [
      4,
      4,
      10,
      0.45,
      126,
      18,
      487
    ],
    [
      4,
      10,
      10,
      0.45,
      99,
      20,
      434
    ],
    [
      5,
      4,
      10,
      0.45,
      132,
      18,
      452
    ],
    [
      5,
      10,
      10,
      0.45,
      102,
      20,
      454
    ],
    [
      6,
      4,
      10,
      0.45,
      116,
      18,
      459
    ],
    [
      6,
      10,
      10,
      0.45,
      97,
      20,
      463
    ],
    [
      7,
      4,
      10,
      0.45,
      119,
      18,
      493
    ],
    [
      7,
      10,
      10,
      0.45,
      87,
      20,
      438
    ],
    [
      8,
      4,
      10,
      0.45,
      127,
      18,
      488
    ],
    [
      8,
      10,
      10,
      0.45,
      93,
      20,
      468
    ],
    [
      9,
      4,
      10,
      0.45,
      128,
      18,
      480
    ],
    [
      9,
      10,
      10,
      0.45,
      100,
      20,
      465
    ],
    [
      10,
      4,
      10,
      0.45,
      121,
      18,
      462
    ],
    [
      10,
      10,
      10,
      0.45,
      101,
      20,
      441
    ],
    [
      11,
      4,
      10,
      0.45,
      120,
      18,
      492
    ],
    [
      11,
      10,
      10,
      0.45,
      91,
      20,
      445
    ],
    [
      12,
      4,
      10,
      0.45,
      122,
      18,
      509
    ],
    [
      12,
      10,
      10,
      0.45,
      89,
      20,
      448
    ],
    [
      13,
      4,
      10,
      0.45,
      123,
      18,
      482
    ],
    [
      13,
      10,
      10,
      0.45,
      102,
      20,
      470
    ],
    [
      14,
      4,
      10,
      0.45,
      119,
      18,
      493
    ],
    [
      14,
      10,
      10,
      0.45,
      100,
      20,
      466
    ],
    [
      15,
      4,
      10,
      0.45,
      125,
      18,
      462
    ],
    [
      15,
      10,
      10,
      0.45,
      103,
      20,
      441
    ],
    [
      16,
      4,
      10,
      0.45,
      123,
      18,
      522
    ],
    [
      16,
      10,
      10,
      0.45,
      99,
      20,
      452
    ],
    [
      17,
      4,
      10,
      0.45,
      124,
      18,
      444
    ],
    [
      17,
      10,
      10,
      0.45,
      97,
      20,
      439
    ],
    [
      18,
      4,
      10,
      0.45,
      130,
      18,
      491
    ],
    [
      18,
      10,
      10,
      0.45,
      100,
      20,
      436
    ],
    [
      19,
      4,
      10,
      0.45,
      119,
      18,
      487
    ],
    [
      19,
      10,
      10,
      0.45,
      93,
      20,
      442
    ],
    [
      88,
      4,
      30,
      0.45,
      370,
      93,
      902
    ],
    [
      11,
      4,
      7,
      0.45,
      82,
      11,
      223
    ],
    [
      2,
      4,
      50,
      0.45,
      616,
      200,
      1402
    ],
    [
      0,
      10,
      10,
      0,
      101,
      20,
      448
    ],
    [
      1,
      10,
      10,
      0,
      96,
      20,
      438
    ],
    [
      2,
      10,
      10,
      0,
      91,
      20,
      434
    ],
    [
      3,
      10,
      10,
      0,
      86,
      20,
      432
    ],
    [
      4,
      10,
      10,
      0,
      99,
      20,
      434
    ],
    [
      5,
      10,
      10,
      0,
      102,
      20,
      454
    ],
    [
      6,
      10,
      10,
      0,
      97,
      20,
      463
    ],
    [
      7,
      10,
      10,
      0,
      87,
      20,
      438
    ],
    [
      8,
      10,
      10,
      0,
      93,
      20,
      468
    ],
    [
      9,
      10,
      10,
      0,
      100,
      20,
      465
    ],
    [
      41,
      10,
      10,
      0.65,
      98,
      26,
      422
    ]
  ],
  "seconds": 27.47361866699066
}
