{
  "towns": 43,
  "completed": 35,
  "failures": [
    {
      "seed": 0,
      "roles": [
        "residence",
        "workshop",
        "trader",
        "meeting_house",
        "shrine",
        "storehouse",
        "farmhouse",
        "bathhouse",
        "animal_enclosure",
        "guard_watch"
      ],
      "error": "Primary well does not fit its reserved water gathering space"
    },
    {
      "seed": 1,
      "roles": [
        "residence",
        "workshop",
        "trader",
        "farmhouse"
      ],
      "error": "Primary well does not fit its reserved water gathering space"
    },
    {
      "seed": 1,
      "roles": [
        "residence",
        "workshop",
        "trader",
        "meeting_house",
        "shrine",
        "storehouse",
        "farmhouse",
        "bathhouse",
        "animal_enclosure",
        "guard_watch"
      ],
      "error": "Primary well does not fit its reserved water gathering space"
    },
    {
      "seed": 7,
      "roles": [
        "residence",
        "workshop",
        "trader",
        "meeting_house",
        "shrine",
        "storehouse",
        "farmhouse",
        "bathhouse",
        "animal_enclosure",
        "guard_watch"
      ],
      "error": "Primary well does not fit its reserved water gathering space"
    },
    {
      "seed": 13,
      "roles": [
        "residence",
        "workshop",
        "trader",
        "meeting_house",
        "shrine",
        "storehouse",
        "farmhouse",
        "bathhouse",
        "animal_enclosure",
        "guard_watch"
      ],
      "error": "Primary well does not fit its reserved water gathering space"
    },
    {
      "seed": 15,
      "roles": [
        "residence",
        "workshop",
        "trader",
        "meeting_house",
        "shrine",
        "storehouse",
        "farmhouse",
        "bathhouse",
        "animal_enclosure",
        "guard_watch"
      ],
      "error": "Primary well does not fit its reserved water gathering space"
    },
    {
      "seed": 16,
      "roles": [
        "residence",
        "workshop",
        "trader",
        "meeting_house",
        "shrine",
        "storehouse",
        "farmhouse",
        "bathhouse",
        "animal_enclosure",
        "guard_watch"
      ],
      "error": "Primary well does not fit its reserved water gathering space"
    },
    {
      "seed": 18,
      "roles": [
        "residence",
        "workshop",
        "trader",
        "farmhouse"
      ],
      "error": "Primary well does not fit its reserved water gathering space"
    }
  ],
  "counts": [
    [
      0,
      4,
      82,
      18,
      505
    ],
    [
      2,
      4,
      80,
      18,
      460
    ],
    [
      2,
      10,
      75,
      20,
      422
    ],
    [
      3,
      4,
      79,
      18,
      496
    ],
    [
      3,
      10,
      71,
      20,
      437
    ],
    [
      4,
      4,
      79,
      18,
      473
    ],
    [
      4,
      10,
      72,
      20,
      474
    ],
    [
      5,
      4,
      79,
      18,
      476
    ],
    [
      5,
      10,
      79,
      20,
      474
    ],
    [
      6,
      4,
      78,
      18,
      512
    ],
    [
      6,
      10,
      75,
      20,
      416
    ],
    [
      7,
      4,
      79,
      18,
      490
    ],
    [
      8,
      4,
      78,
      18,
      449
    ],
    [
      8,
      10,
      76,
      20,
      466
    ],
    [
      9,
      4,
      85,
      18,
      469
    ],
    [
      9,
      10,
      74,
      20,
      457
    ],
    [
      10,
      4,
      78,
      18,
      496
    ],
    [
      10,
      10,
      74,
      20,
      437
    ],
    [
      11,
      4,
      80,
      18,
      477
    ],
    [
      11,
      10,
      73,
      20,
      429
    ],
    [
      12,
      4,
      79,
      18,
      482
    ],
    [
      12,
      10,
      73,
      20,
      428
    ],
    [
      13,
      4,
      79,
      18,
      474
    ],
    [
      14,
      4,
      81,
      18,
      499
    ],
    [
      14,
      10,
      77,
      20,
      459
    ],
    [
      15,
      4,
      79,
      18,
      475
    ],
    [
      16,
      4,
      77,
      18,
      469
    ],
    [
      17,
      4,
      79,
      18,
      482
    ],
    [
      17,
      10,
      73,
      20,
      439
    ],
    [
      18,
      10,
      74,
      20,
      444
    ],
    [
      19,
      4,
      80,
      18,
      509
    ],
    [
      19,
      10,
      77,
      20,
      451
    ],
    [
      88,
      30,
      228,
      93,
      942
    ],
    [
      11,
      7,
      60,
      11,
      223
    ],
    [
      2,
      50,
      388,
      200,
      1438
    ]
  ],
  "seconds": 18.138243083958514
}
