{
  "towns": 54,
  "completed": 54,
  "failures": [],
  "counts": [
    [
      0,
      4,
      10,
      18,
      6,
      459
    ],
    [
      0,
      10,
      10,
      18,
      6,
      448
    ],
    [
      1,
      4,
      10,
      18,
      6,
      510
    ],
    [
      1,
      10,
      10,
      18,
      6,
      437
    ],
    [
      2,
      4,
      10,
      18,
      6,
      494
    ],
    [
      2,
      10,
      10,
      18,
      6,
      433
    ],
    [
      3,
      4,
      10,
      18,
      6,
      464
    ],
    [
      3,
      10,
      10,
      18,
      6,
      432
    ],
    [
      4,
      4,
      10,
      18,
      6,
      487
    ],
    [
      4,
      10,
      10,
      18,
      6,
      434
    ],
    [
      5,
      4,
      10,
      18,
      6,
      452
    ],
    [
      5,
      10,
      10,
      18,
      6,
      454
    ],
    [
      6,
      4,
      10,
      18,
      6,
      459
    ],
    [
      6,
      10,
      10,
      18,
      6,
      463
    ],
    [
      7,
      4,
      10,
      18,
      6,
      493
    ],
    [
      7,
      10,
      10,
      18,
      6,
      437
    ],
    [
      8,
      4,
      10,
      18,
      6,
      488
    ],
    [
      8,
      10,
      10,
      18,
      6,
      467
    ],
    [
      9,
      4,
      10,
      18,
      6,
      480
    ],
    [
      9,
      10,
      10,
      18,
      6,
      464
    ],
    [
      10,
      4,
      10,
      18,
      5,
      462
    ],
    [
      10,
      10,
      10,
      18,
      6,
      441
    ],
    [
      11,
      4,
      10,
      18,
      6,
      492
    ],
    [
      11,
      10,
      10,
      18,
      6,
      445
    ],
    [
      12,
      4,
      10,
      18,
      6,
      509
    ],
    [
      12,
      10,
      10,
      18,
      6,
      448
    ],
    [
      13,
      4,
      10,
      18,
      6,
      482
    ],
    [
      13,
      10,
      10,
      18,
      6,
      469
    ],
    [
      14,
      4,
      10,
      18,
      6,
      493
    ],
    [
      14,
      10,
      10,
      18,
      6,
      466
    ],
    [
      15,
      4,
      10,
      18,
      6,
      462
    ],
    [
      15,
      10,
      10,
      18,
      6,
      440
    ],
    [
      16,
      4,
      10,
      18,
      6,
      522
    ],
    [
      16,
      10,
      10,
      18,
      6,
      452
    ],
    [
      17,
      4,
      10,
      18,
      6,
      444
    ],
    [
      17,
      10,
      10,
      18,
      6,
      439
    ],
    [
      18,
      4,
      10,
      18,
      6,
      491
    ],
    [
      18,
      10,
      10,
      18,
      6,
      436
    ],
    [
      19,
      4,
      10,
      18,
      6,
      487
    ],
    [
      19,
      10,
      10,
      18,
      6,
      442
    ],
    [
      88,
      4,
      30,
      93,
      31,
      901
    ],
    [
      11,
      4,
      7,
      11,
      4,
      223
    ],
    [
      2,
      4,
      50,
      200,
      67,
      1401
    ],
    [
      0,
      10,
      10,
      18,
      6,
      448
    ],
    [
      1,
      10,
      10,
      18,
      6,
      437
    ],
    [
      2,
      10,
      10,
      18,
      6,
      433
    ],
    [
      3,
      10,
      10,
      18,
      6,
      432
    ],
    [
      4,
      10,
      10,
      18,
      6,
      434
    ],
    [
      5,
      10,
      10,
      18,
      6,
      454
    ],
    [
      6,
      10,
      10,
      18,
      6,
      463
    ],
    [
      7,
      10,
      10,
      18,
      6,
      437
    ],
    [
      8,
      10,
      10,
      18,
      6,
      467
    ],
    [
      9,
      10,
      10,
      18,
      6,
      464
    ],
    [
      41,
      10,
      10,
      24,
      8,
      422
    ]
  ],
  "seconds": 20.834789208020084
}
