{
  "towns": 53,
  "completed": 53,
  "failures": [],
  "counts": [
    [
      0,
      4,
      10,
      0.45,
      128,
      18,
      459
    ],
    [
      0,
      10,
      10,
      0.45,
      103,
      20,
      436
    ],
    [
      1,
      4,
      10,
      0.45,
      115,
      18,
      510
    ],
    [
      1,
      10,
      10,
      0.45,
      98,
      20,
      421
    ],
    [
      2,
      4,
      10,
      0.45,
      128,
      18,
      494
    ],
    [
      2,
      10,
      10,
      0.45,
      95,
      20,
      453
    ],
    [
      3,
      4,
      10,
      0.45,
      115,
      18,
      464
    ],
    [
      3,
      10,
      10,
      0.45,
      86,
      20,
      455
    ],
    [
      4,
      4,
      10,
      0.45,
      126,
      18,
      487
    ],
    [
      4,
      10,
      10,
      0.45,
      101,
      20,
      418
    ],
    [
      5,
      4,
      10,
      0.45,
      132,
      18,
      452
    ],
    [
      5,
      10,
      10,
      0.45,
      102,
      20,
      445
    ],
    [
      6,
      4,
      10,
      0.45,
      116,
      18,
      459
    ],
    [
      6,
      10,
      10,
      0.45,
      95,
      20,
      441
    ],
    [
      7,
      4,
      10,
      0.45,
      119,
      18,
      493
    ],
    [
      7,
      10,
      10,
      0.45,
      87,
      20,
      438
    ],
    [
      8,
      4,
      10,
      0.45,
      127,
      18,
      488
    ],
    [
      8,
      10,
      10,
      0.45,
      99,
      20,
      425
    ],
    [
      9,
      4,
      10,
      0.45,
      128,
      18,
      480
    ],
    [
      9,
      10,
      10,
      0.45,
      96,
      20,
      440
    ],
    [
      10,
      4,
      10,
      0.45,
      120,
      18,
      462
    ],
    [
      10,
      10,
      10,
      0.45,
      101,
      20,
      441
    ],
    [
      11,
      4,
      10,
      0.45,
      120,
      18,
      492
    ],
    [
      11,
      10,
      10,
      0.45,
      90,
      20,
      460
    ],
    [
      12,
      4,
      10,
      0.45,
      122,
      18,
      509
    ],
    [
      12,
      10,
      10,
      0.45,
      78,
      20,
      451
    ],
    [
      13,
      4,
      10,
      0.45,
      122,
      18,
      483
    ],
    [
      13,
      10,
      10,
      0.45,
      100,
      20,
      465
    ],
    [
      14,
      4,
      10,
      0.45,
      119,
      18,
      493
    ],
    [
      14,
      10,
      10,
      0.45,
      100,
      20,
      464
    ],
    [
      15,
      4,
      10,
      0.45,
      125,
      18,
      462
    ],
    [
      15,
      10,
      10,
      0.45,
      98,
      20,
      469
    ],
    [
      16,
      4,
      10,
      0.45,
      123,
      18,
      522
    ],
    [
      16,
      10,
      10,
      0.45,
      99,
      20,
      459
    ],
    [
      17,
      4,
      10,
      0.45,
      124,
      18,
      444
    ],
    [
      17,
      10,
      10,
      0.45,
      97,
      20,
      439
    ],
    [
      18,
      4,
      10,
      0.45,
      130,
      18,
      491
    ],
    [
      18,
      10,
      10,
      0.45,
      99,
      20,
      447
    ],
    [
      19,
      4,
      10,
      0.45,
      119,
      18,
      487
    ],
    [
      19,
      10,
      10,
      0.45,
      88,
      20,
      455
    ],
    [
      88,
      4,
      30,
      0.45,
      368,
      93,
      900
    ],
    [
      11,
      4,
      7,
      0.45,
      82,
      11,
      223
    ],
    [
      2,
      4,
      50,
      0.45,
      611,
      200,
      1402
    ],
    [
      0,
      10,
      10,
      0,
      103,
      20,
      436
    ],
    [
      1,
      10,
      10,
      0,
      98,
      20,
      421
    ],
    [
      2,
      10,
      10,
      0,
      95,
      20,
      453
    ],
    [
      3,
      10,
      10,
      0,
      86,
      20,
      455
    ],
    [
      4,
      10,
      10,
      0,
      101,
      20,
      418
    ],
    [
      5,
      10,
      10,
      0,
      102,
      20,
      445
    ],
    [
      6,
      10,
      10,
      0,
      95,
      20,
      441
    ],
    [
      7,
      10,
      10,
      0,
      87,
      20,
      438
    ],
    [
      8,
      10,
      10,
      0,
      99,
      20,
      425
    ],
    [
      9,
      10,
      10,
      0,
      96,
      20,
      440
    ]
  ],
  "seconds": 22.395626207930036
}
