{
  "towns": 53,
  "completed": 53,
  "failures": [],
  "counts": [
    [
      0,
      4,
      10,
      0.45,
      82,
      18,
      505
    ],
    [
      0,
      10,
      10,
      0.45,
      80,
      20,
      457
    ],
    [
      1,
      4,
      10,
      0.45,
      81,
      18,
      475
    ],
    [
      1,
      10,
      10,
      0.45,
      70,
      20,
      467
    ],
    [
      2,
      4,
      10,
      0.45,
      80,
      18,
      460
    ],
    [
      2,
      10,
      10,
      0.45,
      75,
      20,
      422
    ],
    [
      3,
      4,
      10,
      0.45,
      79,
      18,
      496
    ],
    [
      3,
      10,
      10,
      0.45,
      71,
      20,
      437
    ],
    [
      4,
      4,
      10,
      0.45,
      79,
      18,
      473
    ],
    [
      4,
      10,
      10,
      0.45,
      72,
      20,
      474
    ],
    [
      5,
      4,
      10,
      0.45,
      79,
      18,
      476
    ],
    [
      5,
      10,
      10,
      0.45,
      79,
      20,
      474
    ],
    [
      6,
      4,
      10,
      0.45,
      78,
      18,
      512
    ],
    [
      6,
      10,
      10,
      0.45,
      75,
      20,
      416
    ],
    [
      7,
      4,
      10,
      0.45,
      79,
      18,
      490
    ],
    [
      7,
      10,
      10,
      0.45,
      72,
      20,
      459
    ],
    [
      8,
      4,
      10,
      0.45,
      78,
      18,
      449
    ],
    [
      8,
      10,
      10,
      0.45,
      76,
      20,
      466
    ],
    [
      9,
      4,
      10,
      0.45,
      85,
      18,
      469
    ],
    [
      9,
      10,
      10,
      0.45,
      74,
      20,
      457
    ],
    [
      10,
      4,
      10,
      0.45,
      78,
      18,
      496
    ],
    [
      10,
      10,
      10,
      0.45,
      74,
      20,
      437
    ],
    [
      11,
      4,
      10,
      0.45,
      80,
      18,
      477
    ],
    [
      11,
      10,
      10,
      0.45,
      73,
      20,
      429
    ],
    [
      12,
      4,
      10,
      0.45,
      79,
      18,
      482
    ],
    [
      12,
      10,
      10,
      0.45,
      73,
      20,
      428
    ],
    [
      13,
      4,
      10,
      0.45,
      79,
      18,
      474
    ],
    [
      13,
      10,
      10,
      0.45,
      72,
      20,
      465
    ],
    [
      14,
      4,
      10,
      0.45,
      81,
      18,
      499
    ],
    [
      14,
      10,
      10,
      0.45,
      77,
      20,
      459
    ],
    [
      15,
      4,
      10,
      0.45,
      79,
      18,
      475
    ],
    [
      15,
      10,
      10,
      0.45,
      72,
      20,
      466
    ],
    [
      16,
      4,
      10,
      0.45,
      77,
      18,
      469
    ],
    [
      16,
      10,
      10,
      0.45,
      78,
      20,
      419
    ],
    [
      17,
      4,
      10,
      0.45,
      79,
      18,
      482
    ],
    [
      17,
      10,
      10,
      0.45,
      73,
      20,
      439
    ],
    [
      18,
      4,
      10,
      0.45,
      78,
      18,
      491
    ],
    [
      18,
      10,
      10,
      0.45,
      74,
      20,
      444
    ],
    [
      19,
      4,
      10,
      0.45,
      80,
      18,
      509
    ],
    [
      19,
      10,
      10,
      0.45,
      77,
      20,
      451
    ],
    [
      88,
      4,
      30,
      0.45,
      228,
      93,
      942
    ],
    [
      11,
      4,
      7,
      0.45,
      60,
      11,
      223
    ],
    [
      2,
      4,
      50,
      0.45,
      388,
      200,
      1438
    ],
    [
      0,
      10,
      10,
      0,
      80,
      20,
      457
    ],
    [
      1,
      10,
      10,
      0,
      70,
      20,
      467
    ],
    [
      2,
      10,
      10,
      0,
      75,
      20,
      422
    ],
    [
      3,
      10,
      10,
      0,
      71,
      20,
      437
    ],
    [
      4,
      10,
      10,
      0,
      72,
      20,
      474
    ],
    [
      5,
      10,
      10,
      0,
      79,
      20,
      474
    ],
    [
      6,
      10,
      10,
      0,
      75,
      20,
      416
    ],
    [
      7,
      10,
      10,
      0,
      72,
      20,
      459
    ],
    [
      8,
      10,
      10,
      0,
      76,
      20,
      466
    ],
    [
      9,
      10,
      10,
      0,
      74,
      20,
      457
    ]
  ],
  "seconds": 18.2950040420983
}
