test_invalid_00_seed (__main__.LayoutAdversarialTests.test_invalid_00_seed) ... ok
test_invalid_01_seed (__main__.LayoutAdversarialTests.test_invalid_01_seed) ... ok
test_invalid_02_town_size (__main__.LayoutAdversarialTests.test_invalid_02_town_size) ... ok
test_invalid_03_town_size (__main__.LayoutAdversarialTests.test_invalid_03_town_size) ... ok
test_invalid_04_town_size (__main__.LayoutAdversarialTests.test_invalid_04_town_size) ... ok
test_invalid_05_town_size (__main__.LayoutAdversarialTests.test_invalid_05_town_size) ... ok
test_invalid_06_building_count (__main__.LayoutAdversarialTests.test_invalid_06_building_count) ... ok
test_invalid_07_building_count (__main__.LayoutAdversarialTests.test_invalid_07_building_count) ... ok
test_invalid_08_population (__main__.LayoutAdversarialTests.test_invalid_08_population) ... ok
test_invalid_09_population (__main__.LayoutAdversarialTests.test_invalid_09_population) ... ok
test_invalid_10_density (__main__.LayoutAdversarialTests.test_invalid_10_density) ... ok
test_invalid_11_density (__main__.LayoutAdversarialTests.test_invalid_11_density) ... ok
test_invalid_12_water_amount (__main__.LayoutAdversarialTests.test_invalid_12_water_amount) ... ok
test_invalid_13_water_amount (__main__.LayoutAdversarialTests.test_invalid_13_water_amount) ... ok
test_invalid_14_vegetation_amount (__main__.LayoutAdversarialTests.test_invalid_14_vegetation_amount) ... ok
test_invalid_15_vegetation_amount (__main__.LayoutAdversarialTests.test_invalid_15_vegetation_amount) ... ok
test_invalid_16_agriculture_amount (__main__.LayoutAdversarialTests.test_invalid_16_agriculture_amount) ... ok
test_invalid_17_agriculture_amount (__main__.LayoutAdversarialTests.test_invalid_17_agriculture_amount) ... ok
test_invalid_18_ruin_amount (__main__.LayoutAdversarialTests.test_invalid_18_ruin_amount) ... ok
test_invalid_19_wealth (__main__.LayoutAdversarialTests.test_invalid_19_wealth) ... ok
test_invalid_20_town_age (__main__.LayoutAdversarialTests.test_invalid_20_town_age) ... ok
test_invalid_21_clutter_amount (__main__.LayoutAdversarialTests.test_invalid_21_clutter_amount) ... ok
test_invalid_22_building_irregularity (__main__.LayoutAdversarialTests.test_invalid_22_building_irregularity) ... ok
test_invalid_23_path_irregularity (__main__.LayoutAdversarialTests.test_invalid_23_path_irregularity) ... ok
test_invalid_24_voxel_size (__main__.LayoutAdversarialTests.test_invalid_24_voxel_size) ... ok
test_invalid_25_voxel_size (__main__.LayoutAdversarialTests.test_invalid_25_voxel_size) ... ok
test_invalid_26_archetypes (__main__.LayoutAdversarialTests.test_invalid_26_archetypes) ... ok
test_invalid_27_archetypes (__main__.LayoutAdversarialTests.test_invalid_27_archetypes) ... ok
test_invalid_28_building_count (__main__.LayoutAdversarialTests.test_invalid_28_building_count) ... ok
test_invalid_29_population (__main__.LayoutAdversarialTests.test_invalid_29_population) ... ok
test_invalid_path_width_0 (__main__.LayoutAdversarialTests.test_invalid_path_width_0) ... ok
test_invalid_path_width_1 (__main__.LayoutAdversarialTests.test_invalid_path_width_1) ... ok
test_invalid_path_width_2 (__main__.LayoutAdversarialTests.test_invalid_path_width_2) ... ok
test_invalid_path_width_3 (__main__.LayoutAdversarialTests.test_invalid_path_width_3) ... ok
test_layout_00_seed_0 (__main__.LayoutAdversarialTests.test_layout_00_seed_0) ... ok
test_layout_01_seed_-918 (__main__.LayoutAdversarialTests.test_layout_01_seed_-918) ... ok
test_layout_02_seed_9223372036854775807 (__main__.LayoutAdversarialTests.test_layout_02_seed_9223372036854775807) ... ok
test_layout_03_seed_77 (__main__.LayoutAdversarialTests.test_layout_03_seed_77) ... ok
test_layout_04_seed_17 (__main__.LayoutAdversarialTests.test_layout_04_seed_17) ... ok
test_layout_05_seed_99 (__main__.LayoutAdversarialTests.test_layout_05_seed_99) ... ok
test_layout_06_seed_6 (__main__.LayoutAdversarialTests.test_layout_06_seed_6) ... ok
test_layout_07_seed_88 (__main__.LayoutAdversarialTests.test_layout_07_seed_88) ... ok
test_layout_08_seed_11 (__main__.LayoutAdversarialTests.test_layout_08_seed_11) ... ok
test_layout_09_seed_4 (__main__.LayoutAdversarialTests.test_layout_09_seed_4) ... ok
test_hypothesis_coarse_voxels_keep_fields_and_doors_on_lattice (__main__.LayoutHypothesisTests.test_hypothesis_coarse_voxels_keep_fields_and_doors_on_lattice)
Side-garden offsets and half-widths can quietly escape a coarse voxel grid. ... ok
test_hypothesis_ellipse_crossing_without_corner_containment_is_rejected (__main__.LayoutHypothesisTests.test_hypothesis_ellipse_crossing_without_corner_containment_is_rejected)
A long building edge can cross a water body with all four corners dry. ... ok
test_hypothesis_fields_never_cross_unrelated_buildings (__main__.LayoutHypothesisTests.test_hypothesis_fields_never_cross_unrelated_buildings)
Attached fields can escape the collision check applied only to house footprints. ... ok
test_hypothesis_obstructed_public_endpoint_fails_closed (__main__.LayoutHypothesisTests.test_hypothesis_obstructed_public_endpoint_fails_closed)
A generic routing caller must not get a route teleported out of a wall. ... ok
test_hypothesis_population_and_dressing_do_not_shuffle_lots (__main__.LayoutHypothesisTests.test_hypothesis_population_and_dressing_do_not_shuffle_lots)
Changing clutter or inhabitants must not randomize the underlying architecture. ... ok
test_hypothesis_zero_agriculture_releases_attached_fields (__main__.LayoutHypothesisTests.test_hypothesis_zero_agriculture_releases_attached_fields)
Zero agriculture must suppress fields despite still permitting farmhouse homes. ... ok
test_all_archetypes_are_optional_not_silent_aliases (__main__.LayoutTests.test_all_archetypes_are_optional_not_silent_aliases) ... ok
test_building_footprints_and_water_are_disjoint (__main__.LayoutTests.test_building_footprints_and_water_are_disjoint) ... ok
test_default_population_roles_and_semantic_rooms (__main__.LayoutTests.test_default_population_roles_and_semantic_rooms) ... ok
test_empty_and_dry_towns_remain_valid (__main__.LayoutTests.test_empty_and_dry_towns_remain_valid) ... ok
test_major_paths_are_wider_than_footpaths (__main__.LayoutTests.test_major_paths_are_wider_than_footpaths) ... ok
test_mutating_one_result_does_not_mutate_future_generation (__main__.LayoutTests.test_mutating_one_result_does_not_mutate_future_generation) ... ok
test_paths_connect_to_real_entrances_and_do_not_cross_walls (__main__.LayoutTests.test_paths_connect_to_real_entrances_and_do_not_cross_walls) ... ok
test_repeatability_and_different_seed_countercheck (__main__.LayoutTests.test_repeatability_and_different_seed_countercheck) ... ok
test_route_blocks_widened_clearance_not_only_centerline (__main__.LayoutTests.test_route_blocks_widened_clearance_not_only_centerline) ... ok
test_semantic_distances_have_real_counterexample (__main__.LayoutTests.test_semantic_distances_have_real_counterexample) ... ok
test_world_coordinates_use_voxel_grid_and_quarter_turns (__main__.LayoutTests.test_world_coordinates_use_voxel_grid_and_quarter_turns) ... ok
test_world_is_serializable_and_does_not_borrow_random_state (__main__.LayoutTests.test_world_is_serializable_and_does_not_borrow_random_state) ... ok

----------------------------------------------------------------------
Ran 62 tests in 3.969s

OK
