test_invalid_path_width_0 (__main__.LayoutAdversarialTests.test_invalid_path_width_0) ... FAIL
test_invalid_path_width_1 (__main__.LayoutAdversarialTests.test_invalid_path_width_1) ... FAIL
test_invalid_path_width_2 (__main__.LayoutAdversarialTests.test_invalid_path_width_2) ... FAIL
test_invalid_path_width_3 (__main__.LayoutAdversarialTests.test_invalid_path_width_3) ... FAIL

======================================================================
FAIL: test_invalid_path_width_0 (__main__.LayoutAdversarialTests.test_invalid_path_width_0)
----------------------------------------------------------------------
Traceback (most recent call last):
  File "/Users/steven/caves-of-ooo/ArtSource/VoxelTown/tests/test_layout.py", line 214, in test
    with self.assertRaisesRegex(ValueError,'width'):
         ^^^^^^^^^^^^^^^^^^^^^^^^^^^^^^^^^^^^^^^^^^
AssertionError: ValueError not raised

======================================================================
FAIL: test_invalid_path_width_1 (__main__.LayoutAdversarialTests.test_invalid_path_width_1)
----------------------------------------------------------------------
Traceback (most recent call last):
  File "/Users/steven/caves-of-ooo/ArtSource/VoxelTown/tests/test_layout.py", line 214, in test
    with self.assertRaisesRegex(ValueError,'width'):
         ^^^^^^^^^^^^^^^^^^^^^^^^^^^^^^^^^^^^^^^^^^
AssertionError: ValueError not raised

======================================================================
FAIL: test_invalid_path_width_2 (__main__.LayoutAdversarialTests.test_invalid_path_width_2)
----------------------------------------------------------------------
Traceback (most recent call last):
  File "/Users/steven/caves-of-ooo/ArtSource/VoxelTown/tests/test_layout.py", line 214, in test
    with self.assertRaisesRegex(ValueError,'width'):
         ^^^^^^^^^^^^^^^^^^^^^^^^^^^^^^^^^^^^^^^^^^
AssertionError: ValueError not raised

======================================================================
FAIL: test_invalid_path_width_3 (__main__.LayoutAdversarialTests.test_invalid_path_width_3)
----------------------------------------------------------------------
Traceback (most recent call last):
  File "/Users/steven/caves-of-ooo/ArtSource/VoxelTown/tests/test_layout.py", line 214, in test
    with self.assertRaisesRegex(ValueError,'width'):
         ^^^^^^^^^^^^^^^^^^^^^^^^^^^^^^^^^^^^^^^^^^
AssertionError: ValueError not raised

----------------------------------------------------------------------
Ran 4 tests in 0.004s

FAILED (failures=4)
