EE
======================================================================
ERROR: test_native_region (unittest.loader._FailedTest.test_native_region)
----------------------------------------------------------------------
ImportError: Failed to import test module: test_native_region
Traceback (most recent call last):
  File "/Users/steven/.pyenv/versions/3.12.12/lib/python3.12/unittest/loader.py", line 396, in _find_test_path
    module = self._get_module_from_name(name)
             ^^^^^^^^^^^^^^^^^^^^^^^^^^^^^^^^
  File "/Users/steven/.pyenv/versions/3.12.12/lib/python3.12/unittest/loader.py", line 339, in _get_module_from_name
    __import__(name)
  File "/Users/steven/caves-of-ooo/ArtSource/VoxelTown/tests/test_native_region.py", line 7, in <module>
    from town_generator.native_region import NativeConfig, generate_region, validate_region
ModuleNotFoundError: No module named 'town_generator.native_region'


======================================================================
ERROR: test_native_region_adversarial (unittest.loader._FailedTest.test_native_region_adversarial)
----------------------------------------------------------------------
ImportError: Failed to import test module: test_native_region_adversarial
Traceback (most recent call last):
  File "/Users/steven/.pyenv/versions/3.12.12/lib/python3.12/unittest/loader.py", line 396, in _find_test_path
    module = self._get_module_from_name(name)
             ^^^^^^^^^^^^^^^^^^^^^^^^^^^^^^^^
  File "/Users/steven/.pyenv/versions/3.12.12/lib/python3.12/unittest/loader.py", line 339, in _get_module_from_name
    __import__(name)
  File "/Users/steven/caves-of-ooo/ArtSource/VoxelTown/tests/test_native_region_adversarial.py", line 4, in <module>
    from town_generator.native_region import NativeConfig,generate_region,validate_region
ModuleNotFoundError: No module named 'town_generator.native_region'


----------------------------------------------------------------------
Ran 2 tests in 0.000s

FAILED (errors=2)
