test_construction_materials_stay_identical_after_repeated_exports (test_native_palette.NativePaletteTests.test_construction_materials_stay_identical_after_repeated_exports) ... ok
test_fine_profile_and_palette_are_byte_identical (test_native_palette.NativePaletteTests.test_fine_profile_and_palette_are_byte_identical) ... ok
test_fire_water_and_npc_accents_survive (test_native_palette.NativePaletteTests.test_fire_water_and_npc_accents_survive) ... ok
test_geometry_topology_runs_bounds_and_fitting_are_bit_exact (test_native_palette.NativePaletteTests.test_geometry_topology_runs_bounds_and_fitting_are_bit_exact) ... ok
test_metal_only_on_containers_that_already_had_metal (test_native_palette.NativePaletteTests.test_metal_only_on_containers_that_already_had_metal) ... ok
test_recipe_awning (test_native_palette.NativePaletteTests.test_recipe_awning) ... ok
test_recipe_banner (test_native_palette.NativePaletteTests.test_recipe_banner) ... ok
test_recipe_barrel (test_native_palette.NativePaletteTests.test_recipe_barrel) ... ok
test_recipe_barrel_1 (test_native_palette.NativePaletteTests.test_recipe_barrel_1) ... ok
test_recipe_barrel_2 (test_native_palette.NativePaletteTests.test_recipe_barrel_2) ... ok
test_recipe_barrel_3 (test_native_palette.NativePaletteTests.test_recipe_barrel_3) ... ok
test_recipe_bed (test_native_palette.NativePaletteTests.test_recipe_bed) ... ok
test_recipe_bridge (test_native_palette.NativePaletteTests.test_recipe_bridge) ... ok
test_recipe_crate (test_native_palette.NativePaletteTests.test_recipe_crate) ... ok
test_recipe_crate_1 (test_native_palette.NativePaletteTests.test_recipe_crate_1) ... ok
test_recipe_crate_2 (test_native_palette.NativePaletteTests.test_recipe_crate_2) ... ok
test_recipe_crate_3 (test_native_palette.NativePaletteTests.test_recipe_crate_3) ... ok
test_recipe_crop (test_native_palette.NativePaletteTests.test_recipe_crop) ... ok
test_recipe_crop_1 (test_native_palette.NativePaletteTests.test_recipe_crop_1) ... ok
test_recipe_crop_2 (test_native_palette.NativePaletteTests.test_recipe_crop_2) ... ok
test_recipe_door (test_native_palette.NativePaletteTests.test_recipe_door) ... ok
test_recipe_fence (test_native_palette.NativePaletteTests.test_recipe_fence) ... ok
test_recipe_firepit (test_native_palette.NativePaletteTests.test_recipe_firepit) ... ok
test_recipe_floor (test_native_palette.NativePaletteTests.test_recipe_floor) ... ok
test_recipe_furnace (test_native_palette.NativePaletteTests.test_recipe_furnace) ... ok
test_recipe_gate (test_native_palette.NativePaletteTests.test_recipe_gate) ... ok
test_recipe_hay (test_native_palette.NativePaletteTests.test_recipe_hay) ... ok
test_recipe_irrigation (test_native_palette.NativePaletteTests.test_recipe_irrigation) ... ok
test_recipe_lantern (test_native_palette.NativePaletteTests.test_recipe_lantern) ... ok
test_recipe_livestock (test_native_palette.NativePaletteTests.test_recipe_livestock) ... ok
test_recipe_livestock_1 (test_native_palette.NativePaletteTests.test_recipe_livestock_1) ... ok
test_recipe_livestock_2 (test_native_palette.NativePaletteTests.test_recipe_livestock_2) ... ok
test_recipe_market_stall (test_native_palette.NativePaletteTests.test_recipe_market_stall) ... ok
test_recipe_npc (test_native_palette.NativePaletteTests.test_recipe_npc) ... ok
test_recipe_npc_1 (test_native_palette.NativePaletteTests.test_recipe_npc_1) ... ok
test_recipe_npc_2 (test_native_palette.NativePaletteTests.test_recipe_npc_2) ... ok
test_recipe_palm (test_native_palette.NativePaletteTests.test_recipe_palm) ... ok
test_recipe_palm_1 (test_native_palette.NativePaletteTests.test_recipe_palm_1) ... ok
test_recipe_palm_2 (test_native_palette.NativePaletteTests.test_recipe_palm_2) ... ok
test_recipe_pot (test_native_palette.NativePaletteTests.test_recipe_pot) ... ok
test_recipe_reeds (test_native_palette.NativePaletteTests.test_recipe_reeds) ... ok
test_recipe_reeds_1 (test_native_palette.NativePaletteTests.test_recipe_reeds_1) ... ok
test_recipe_reeds_2 (test_native_palette.NativePaletteTests.test_recipe_reeds_2) ... ok
test_recipe_rock (test_native_palette.NativePaletteTests.test_recipe_rock) ... ok
test_recipe_rock_1 (test_native_palette.NativePaletteTests.test_recipe_rock_1) ... ok
test_recipe_rock_2 (test_native_palette.NativePaletteTests.test_recipe_rock_2) ... ok
test_recipe_ruin (test_native_palette.NativePaletteTests.test_recipe_ruin) ... ok
test_recipe_scrub (test_native_palette.NativePaletteTests.test_recipe_scrub) ... ok
test_recipe_scrub_1 (test_native_palette.NativePaletteTests.test_recipe_scrub_1) ... ok
test_recipe_scrub_2 (test_native_palette.NativePaletteTests.test_recipe_scrub_2) ... ok
test_recipe_shelf (test_native_palette.NativePaletteTests.test_recipe_shelf) ... ok
test_recipe_sign (test_native_palette.NativePaletteTests.test_recipe_sign) ... ok
test_recipe_stairs (test_native_palette.NativePaletteTests.test_recipe_stairs) ... ok
test_recipe_stool (test_native_palette.NativePaletteTests.test_recipe_stool) ... ok
test_recipe_table (test_native_palette.NativePaletteTests.test_recipe_table) ... ok
test_recipe_torch (test_native_palette.NativePaletteTests.test_recipe_torch) ... ok
test_recipe_tree (test_native_palette.NativePaletteTests.test_recipe_tree) ... ok
test_recipe_tree_1 (test_native_palette.NativePaletteTests.test_recipe_tree_1) ... ok
test_recipe_tree_2 (test_native_palette.NativePaletteTests.test_recipe_tree_2) ... ok
test_recipe_trough (test_native_palette.NativePaletteTests.test_recipe_trough) ... ok
test_recipe_wall (test_native_palette.NativePaletteTests.test_recipe_wall) ... ok
test_recipe_well (test_native_palette.NativePaletteTests.test_recipe_well) ... ok
test_recipe_window (test_native_palette.NativePaletteTests.test_recipe_window) ... ok
test_recipe_workbench (test_native_palette.NativePaletteTests.test_recipe_workbench) ... ok
test_repeated_export_is_deterministic_and_does_not_consume_rng (test_native_palette.NativePaletteTests.test_repeated_export_is_deterministic_and_does_not_consume_rng) ... ok
test_tree_and_bed_keep_semantic_contrast (test_native_palette.NativePaletteTests.test_tree_and_bed_keep_semantic_contrast) ... ok

----------------------------------------------------------------------
Ran 66 tests in 0.266s

OK
