test_all_archetypes_preserve_center_aisle (test_architecture.ArchitectureTests.test_all_archetypes_preserve_center_aisle) ... ok
test_alternate_voxel_scale_quantizes_all_vertices (test_architecture.ArchitectureTests.test_alternate_voxel_scale_quantizes_all_vertices) ... ok
test_civic_piers_cannot_intrude_into_an_accepted_offset_entrance (test_architecture.ArchitectureTests.test_civic_piers_cannot_intrude_into_an_accepted_offset_entrance) ... ok
test_civic_piers_leave_valid_offset_entrance_clear (test_architecture.ArchitectureTests.test_civic_piers_leave_valid_offset_entrance_clear) ... ok
test_countercheck_wall_beside_door_is_solid (test_architecture.ArchitectureTests.test_countercheck_wall_beside_door_is_solid) ... ok
test_floor_fills_footprint_at_one_voxel_high (test_architecture.ArchitectureTests.test_floor_fills_footprint_at_one_voxel_high) ... ok
test_front_entrance_has_full_walking_clearance (test_architecture.ArchitectureTests.test_front_entrance_has_full_walking_clearance) ... ok
test_geometry_bounds_match_semantic_footprint (test_architecture.ArchitectureTests.test_geometry_bounds_match_semantic_footprint) ... ok
test_invalid_dimension_rejected (test_architecture.ArchitectureTests.test_invalid_dimension_rejected) ... ok
test_masonry_relief_recesses_outer_faces_without_weakening_inner_wall (test_architecture.ArchitectureTests.test_masonry_relief_recesses_outer_faces_without_weakening_inner_wall) ... ok
test_material_set_changes_walls_without_changing_occupancy (test_architecture.ArchitectureTests.test_material_set_changes_walls_without_changing_occupancy) ... ok
test_missing_or_nonperimeter_entrances_rejected (test_architecture.ArchitectureTests.test_missing_or_nonperimeter_entrances_rejected) ... ok
test_pen_has_see_through_rails_but_standing_posts (test_architecture.ArchitectureTests.test_pen_has_see_through_rails_but_standing_posts) ... ok
test_primary_archetypes_have_distinct_structures (test_architecture.ArchitectureTests.test_primary_archetypes_have_distinct_structures) ... ok
test_roof_does_not_cover_interior (test_architecture.ArchitectureTests.test_roof_does_not_cover_interior) ... ok
test_semantic_world_transform_does_not_change_local_mesh (test_architecture.ArchitectureTests.test_semantic_world_transform_does_not_change_local_mesh) ... ok
test_side_and_back_entrances_are_physically_open (test_architecture.ArchitectureTests.test_side_and_back_entrances_are_physically_open) ... ok
test_trader_lintel_cloth_is_above_walkable_opening (test_architecture.ArchitectureTests.test_trader_lintel_cloth_is_above_walkable_opening) ... ok
test_unknown_role_and_material_rejected (test_architecture.ArchitectureTests.test_unknown_role_and_material_rejected) ... ok
test_watch_structure_has_gaps_between_battlements (test_architecture.ArchitectureTests.test_watch_structure_has_gaps_between_battlements) ... ok
test_width_and_depth_variations_keep_both_entrance_and_wall (test_architecture.ArchitectureTests.test_width_and_depth_variations_keep_both_entrance_and_wall) ... ok
test_all_assets_ground_at_zero (test_assets.AssetRecipeTests.test_all_assets_ground_at_zero) ... ok
test_all_recipe_vertices_are_finite_and_quantized (test_assets.AssetRecipeTests.test_all_recipe_vertices_are_finite_and_quantized) ... ok
test_assets_are_bounded_not_extravagant_microgeometry (test_assets.AssetRecipeTests.test_assets_are_bounded_not_extravagant_microgeometry) ... ok
test_communal_firepit_has_visible_coals_and_low_stone_ring (test_assets.AssetRecipeTests.test_communal_firepit_has_visible_coals_and_low_stone_ring) ... ok
test_every_required_category_has_real_volume (test_assets.AssetRecipeTests.test_every_required_category_has_real_volume) ... ok
test_npc_is_gameplay_scale (test_assets.AssetRecipeTests.test_npc_is_gameplay_scale) ... ok
test_recipes_are_deterministic_and_do_not_use_global_rng (test_assets.AssetRecipeTests.test_recipes_are_deterministic_and_do_not_use_global_rng) ... ok
test_repeated_natural_objects_have_three_distinct_silhouettes (test_assets.AssetRecipeTests.test_repeated_natural_objects_have_three_distinct_silhouettes) ... ok
test_scrub_has_separate_grounded_sprigs_not_filled_leaf_pads (test_assets.AssetRecipeTests.test_scrub_has_separate_grounded_sprigs_not_filled_leaf_pads) ... ok
test_voxel_scale_changes_size_but_not_topology (test_assets.AssetRecipeTests.test_voxel_scale_changes_size_but_not_topology) ... ok
test_adversarial_box_center_overflow_is_value_error (test_assets.VoxelAdversarialTests.test_adversarial_box_center_overflow_is_value_error) ... ok
test_adversarial_budget_repaint_does_not_need_extra_capacity (test_assets.VoxelAdversarialTests.test_adversarial_budget_repaint_does_not_need_extra_capacity) ... ok
test_adversarial_buried_material_creates_no_surface (test_assets.VoxelAdversarialTests.test_adversarial_buried_material_creates_no_surface) ... ok
test_adversarial_capacity_failure_is_atomic (test_assets.VoxelAdversarialTests.test_adversarial_capacity_failure_is_atomic) ... ok
test_adversarial_cavity_surface_remains_exposed (test_assets.VoxelAdversarialTests.test_adversarial_cavity_surface_remains_exposed) ... ok
test_adversarial_disjoint_union_area_is_additive (test_assets.VoxelAdversarialTests.test_adversarial_disjoint_union_area_is_additive) ... ok
test_adversarial_failed_edit_keeps_cached_geometry (test_assets.VoxelAdversarialTests.test_adversarial_failed_edit_keeps_cached_geometry) ... ok
test_adversarial_finite_coordinate_ratio_overflow_is_value_error (test_assets.VoxelAdversarialTests.test_adversarial_finite_coordinate_ratio_overflow_is_value_error) ... ok
test_adversarial_float_material_index_does_not_truncate (test_assets.VoxelAdversarialTests.test_adversarial_float_material_index_does_not_truncate) ... ok
test_adversarial_insertion_order_without_overlaps_is_irrelevant (test_assets.VoxelAdversarialTests.test_adversarial_insertion_order_without_overlaps_is_irrelevant) ... ok
test_adversarial_light_material_is_not_used_for_whole_prop (test_assets.VoxelAdversarialTests.test_adversarial_light_material_is_not_used_for_whole_prop) ... ok
test_adversarial_livestock_horns_attach_by_faces_not_floating_edges (test_assets.VoxelAdversarialTests.test_adversarial_livestock_horns_attach_by_faces_not_floating_edges) ... ok
test_adversarial_material_islands_do_not_inflate_surface_area (test_assets.VoxelAdversarialTests.test_adversarial_material_islands_do_not_inflate_surface_area) ... ok
test_adversarial_negative_coordinate_translation_preserves_area (test_assets.VoxelAdversarialTests.test_adversarial_negative_coordinate_translation_preserves_area) ... ok
test_adversarial_negative_size_cannot_swap_bounds (test_assets.VoxelAdversarialTests.test_adversarial_negative_size_cannot_swap_bounds) ... ok
test_adversarial_partial_overlap_respects_exact_capacity (test_assets.VoxelAdversarialTests.test_adversarial_partial_overlap_respects_exact_capacity) ... ok
test_adversarial_repeated_recipe_objects_are_independent (test_assets.VoxelAdversarialTests.test_adversarial_repeated_recipe_objects_are_independent) ... ok
test_adversarial_seeded_shape_surface_matches_independent_neighbors (test_assets.VoxelAdversarialTests.test_adversarial_seeded_shape_surface_matches_independent_neighbors) ... ok
test_adversarial_t_junction_preserves_boundary_area (test_assets.VoxelAdversarialTests.test_adversarial_t_junction_preserves_boundary_area) ... ok
test_adversarial_tiny_scale_ratio_overflow_is_value_error (test_assets.VoxelAdversarialTests.test_adversarial_tiny_scale_ratio_overflow_is_value_error) ... ok
test_adversarial_whitespace_material_does_not_silently_fallback (test_assets.VoxelAdversarialTests.test_adversarial_whitespace_material_does_not_silently_fallback) ... ok
test_bad_bounds_rejected_without_partial_change (test_assets.VoxelGeometryTests.test_bad_bounds_rejected_without_partial_change) ... ok
test_bad_material_rejected_without_mutation (test_assets.VoxelGeometryTests.test_bad_material_rejected_without_mutation) ... ok
test_bad_vectors_rejected (test_assets.VoxelGeometryTests.test_bad_vectors_rejected) ... ok
test_cache_is_invalidated_by_new_block (test_assets.VoxelGeometryTests.test_cache_is_invalidated_by_new_block) ... ok
test_empty_geometry_raises (test_assets.VoxelGeometryTests.test_empty_geometry_raises) ... ok
test_face_winding_points_outward (test_assets.VoxelGeometryTests.test_face_winding_points_outward) ... ok
test_integer_material_index_matches_name (test_assets.VoxelGeometryTests.test_integer_material_index_matches_name) ... ok
test_invalid_material_indices_rejected (test_assets.VoxelGeometryTests.test_invalid_material_indices_rejected) ... ok
test_invalid_voxel_scales_rejected (test_assets.VoxelGeometryTests.test_invalid_voxel_scales_rejected) ... ok
test_last_material_wins_overlap_without_duplicate_solid (test_assets.VoxelGeometryTests.test_last_material_wins_overlap_without_duplicate_solid) ... ok
test_nearest_quantization_is_symmetric_at_ties (test_assets.VoxelGeometryTests.test_nearest_quantization_is_symmetric_at_ties) ... ok
test_off_grid_coordinates_are_snapped (test_assets.VoxelGeometryTests.test_off_grid_coordinates_are_snapped) ... ok
test_separated_blocks_retain_inner_facing_sides (test_assets.VoxelGeometryTests.test_separated_blocks_retain_inner_facing_sides) ... ok
test_single_block_is_six_quads (test_assets.VoxelGeometryTests.test_single_block_is_six_quads) ... ok
test_subvoxel_collapse_rejected (test_assets.VoxelGeometryTests.test_subvoxel_collapse_rejected) ... ok
test_touching_distinct_materials_keep_surface_boundary (test_assets.VoxelGeometryTests.test_touching_distinct_materials_keep_surface_boundary) ... ok
test_touching_identical_blocks_have_no_interior_faces (test_assets.VoxelGeometryTests.test_touching_identical_blocks_have_no_interior_faces) ... ok
test_unreasonable_box_is_rejected_before_allocation (test_assets.VoxelGeometryTests.test_unreasonable_box_is_rejected_before_allocation) ... ok
test_a_third_of_residents_prefer_clear_outdoor_activity_spaces (test_dressing.DressingAdversarialTests.test_a_third_of_residents_prefer_clear_outdoor_activity_spaces) ... ok
test_actual_voxel_collision_probe_has_disjoint_countercheck (test_dressing.DressingAdversarialTests.test_actual_voxel_collision_probe_has_disjoint_countercheck) ... ok
test_allow_farm_releases_only_farm_reservation (test_dressing.DressingAdversarialTests.test_allow_farm_releases_only_farm_reservation) ... ok
test_canopy_is_planned_for_inhabited_shade_not_only_random_understory (test_dressing.DressingAdversarialTests.test_canopy_is_planned_for_inhabited_shade_not_only_random_understory) ... ok
test_civic_corner_piers_have_their_actual_wider_clearance (test_dressing.DressingAdversarialTests.test_civic_corner_piers_have_their_actual_wider_clearance) ... ok
test_farm_boundaries_are_fenced_with_house_facing_access (test_dressing.DressingAdversarialTests.test_farm_boundaries_are_fenced_with_house_facing_access) ... ok
test_furniture_and_population_do_not_intersect_real_structure_voxels (test_dressing.DressingAdversarialTests.test_furniture_and_population_do_not_intersect_real_structure_voxels) ... ok
test_ignore_owner_does_not_ignore_its_neighbors (test_dressing.DressingAdversarialTests.test_ignore_owner_does_not_ignore_its_neighbors) ... ok
test_integrated_town_extent_must_align_with_centered_voxel_grid (test_dressing.DressingAdversarialTests.test_integrated_town_extent_must_align_with_centered_voxel_grid) ... ok
test_large_town_traders_can_share_the_district_market_outdoors (test_dressing.DressingAdversarialTests.test_large_town_traders_can_share_the_district_market_outdoors) ... ok
test_optional_clutter_cannot_take_the_primary_well_footprint (test_dressing.DressingAdversarialTests.test_optional_clutter_cannot_take_the_primary_well_footprint) ... ok
test_outdoor_assignment_varies_outfits_and_keeps_livestock_in_pen (test_dressing.DressingAdversarialTests.test_outdoor_assignment_varies_outfits_and_keeps_livestock_in_pen) ... ok
test_outdoor_preference_falls_back_inside_without_eligible_routes (test_dressing.DressingAdversarialTests.test_outdoor_preference_falls_back_inside_without_eligible_routes) ... ok
test_prepopulated_town_lists_do_not_change_independent_planners (test_dressing.DressingAdversarialTests.test_prepopulated_town_lists_do_not_change_independent_planners) ... ok
test_semantic_boundaries_00 (test_dressing.DressingAdversarialTests.test_semantic_boundaries_00) ... ok
test_semantic_boundaries_01 (test_dressing.DressingAdversarialTests.test_semantic_boundaries_01) ... ok
test_semantic_boundaries_02 (test_dressing.DressingAdversarialTests.test_semantic_boundaries_02) ... ok
test_semantic_boundaries_03 (test_dressing.DressingAdversarialTests.test_semantic_boundaries_03) ... ok
test_semantic_boundaries_04 (test_dressing.DressingAdversarialTests.test_semantic_boundaries_04) ... ok
test_semantic_boundaries_05 (test_dressing.DressingAdversarialTests.test_semantic_boundaries_05) ... ok
test_semantic_boundaries_06 (test_dressing.DressingAdversarialTests.test_semantic_boundaries_06) ... ok
test_semantic_boundaries_07 (test_dressing.DressingAdversarialTests.test_semantic_boundaries_07) ... ok
test_traders_find_merchandise_yards_when_side_wings_are_obstructed (test_dressing.DressingAdversarialTests.test_traders_find_merchandise_yards_when_side_wings_are_obstructed) ... ok
test_vegetation_reserves_outdoor_residents_consistently (test_dressing.DressingAdversarialTests.test_vegetation_reserves_outdoor_residents_consistently) ... ok
test_zero_length_path_has_finite_clearance (test_dressing.DressingAdversarialTests.test_zero_length_path_has_finite_clearance) ... ok
test_zero_wealth_still_generates_buildable_accessible_shells (test_dressing.DressingAdversarialTests.test_zero_wealth_still_generates_buildable_accessible_shells) ... ok
test_dry_world_has_no_reeds_or_cultivated_plants (test_dressing.DressingHypothesisTests.test_dry_world_has_no_reeds_or_cultivated_plants)
No natural water/agriculture must suppress wetland and crop families. ... ok
test_exact_human_population_and_separate_livestock (test_dressing.DressingHypothesisTests.test_exact_human_population_and_separate_livestock) ... ok
test_field_values_are_bounded_and_gradual (test_dressing.DressingHypothesisTests.test_field_values_are_bounded_and_gradual) ... ok
test_fractional_terrain_size_does_not_protrude_outside_map (test_dressing.DressingHypothesisTests.test_fractional_terrain_size_does_not_protrude_outside_map)
Ceil(tile-count) must clip the final tile rather than expanding map bounds. ... ok
test_interior_entrance_aisles_remain_clear_of_solid_props (test_dressing.DressingHypothesisTests.test_interior_entrance_aisles_remain_clear_of_solid_props)
A readable door must retain a one-meter central approach into the room. ... ok
test_irrigation_and_crops_do_not_share_solid_voxels (test_dressing.DressingHypothesisTests.test_irrigation_and_crops_do_not_share_solid_voxels)
Farm centerline equipment can cut into the first crop row. ... ok
test_natural_props_use_full_shape_at_the_water_edge (test_dressing.DressingHypothesisTests.test_natural_props_use_full_shape_at_the_water_edge)
A center just outside water is insufficient for a one-meter-radius object. ... ok
test_npcs_do_not_interpenetrate_actual_body_voxels (test_dressing.DressingHypothesisTests.test_npcs_do_not_interpenetrate_actual_body_voxels)
Three people spaced .65m apart may overlap their 1.25m-wide arms. ... ok
test_npcs_do_not_materialize_inside_furniture (test_dressing.DressingHypothesisTests.test_npcs_do_not_materialize_inside_furniture)
Independent furniture and population planners need shared reserved space. ... ok
test_overflow_people_do_not_enter_unrelated_buildings (test_dressing.DressingHypothesisTests.test_overflow_people_do_not_enter_unrelated_buildings)
A world-negative-Y overflow formula can put rotated-house crowds through walls. ... ok
test_overflow_people_stay_on_land_and_inside_map (test_dressing.DressingHypothesisTests.test_overflow_people_stay_on_land_and_inside_map)
Exterior crowd rows must respect rotated doors, shore, and finite terrain. ... ok
test_props_do_not_interpenetrate_actual_solid_voxels (test_dressing.DressingHypothesisTests.test_props_do_not_interpenetrate_actual_solid_voxels)
Center-only placement may permit furniture/lantern/clutter intersections. ... ok
test_spatial_bins_honor_queries_larger_than_two_meters (test_dressing.DressingHypothesisTests.test_spatial_bins_honor_queries_larger_than_two_meters)
Clearance pad is a public argument; pre-indexing must not impose hidden maxima. ... ok
test_stages_are_repeatable_independent_and_nonmutating (test_dressing.DressingHypothesisTests.test_stages_are_repeatable_independent_and_nonmutating) ... ok
test_unsupported_town_voxel_scales_reject_before_invalid_furniture (test_dressing.DressingHypothesisTests.test_unsupported_town_voxel_scales_reject_before_invalid_furniture)
M1 explicitly supports .25m; earlier coarse-scale interpenetration was RED. ... ok
test_zero_clutter_preserves_functional_furniture (test_dressing.DressingHypothesisTests.test_zero_clutter_preserves_functional_furniture) ... ok
test_zero_ruins_removes_only_ancient_remnants (test_dressing.DressingHypothesisTests.test_zero_ruins_removes_only_ancient_remnants) ... ok
test_zero_vegetation_removes_natural_plants_but_keeps_farmed_crops (test_dressing.DressingHypothesisTests.test_zero_vegetation_removes_natural_plants_but_keeps_farmed_crops)
Natural vegetation and deliberate agriculture have independent controls. ... ok
test_empty_has_no_phantom_voxels (test_export.ExportTests.test_empty_has_no_phantom_voxels) ... ok
test_gap_remains_destructible_air (test_export.ExportTests.test_gap_remains_destructible_air) ... ok
test_lossless_irregular_negative_occupancy (test_export.ExportTests.test_lossless_irregular_negative_occupancy) ... ok
test_order_does_not_depend_on_box_authoring_sequence (test_export.ExportTests.test_order_does_not_depend_on_box_authoring_sequence) ... ok
test_repainted_region_retains_material (test_export.ExportTests.test_repainted_region_retains_material) ... ok
test_runs_remain_separate_on_other_axes (test_export.ExportTests.test_runs_remain_separate_on_other_axes) ... ok
test_finite_bounded_and_gradual (test_fields.FieldsTests.test_finite_bounded_and_gradual) ... ok
test_no_water_counter (test_fields.FieldsTests.test_no_water_counter) ... ok
test_repeat_does_not_mutate (test_fields.FieldsTests.test_repeat_does_not_mutate) ... ok
test_shore_wetter_than_desert (test_fields.FieldsTests.test_shore_wetter_than_desert) ... ok
test_invalid_00_seed (test_layout.LayoutAdversarialTests.test_invalid_00_seed) ... ok
test_invalid_01_seed (test_layout.LayoutAdversarialTests.test_invalid_01_seed) ... ok
test_invalid_02_town_size (test_layout.LayoutAdversarialTests.test_invalid_02_town_size) ... ok
test_invalid_03_town_size (test_layout.LayoutAdversarialTests.test_invalid_03_town_size) ... ok
test_invalid_04_town_size (test_layout.LayoutAdversarialTests.test_invalid_04_town_size) ... ok
test_invalid_05_town_size (test_layout.LayoutAdversarialTests.test_invalid_05_town_size) ... ok
test_invalid_06_building_count (test_layout.LayoutAdversarialTests.test_invalid_06_building_count) ... ok
test_invalid_07_building_count (test_layout.LayoutAdversarialTests.test_invalid_07_building_count) ... ok
test_invalid_08_population (test_layout.LayoutAdversarialTests.test_invalid_08_population) ... ok
test_invalid_09_population (test_layout.LayoutAdversarialTests.test_invalid_09_population) ... ok
test_invalid_10_density (test_layout.LayoutAdversarialTests.test_invalid_10_density) ... ok
test_invalid_11_density (test_layout.LayoutAdversarialTests.test_invalid_11_density) ... ok
test_invalid_12_water_amount (test_layout.LayoutAdversarialTests.test_invalid_12_water_amount) ... ok
test_invalid_13_water_amount (test_layout.LayoutAdversarialTests.test_invalid_13_water_amount) ... ok
test_invalid_14_vegetation_amount (test_layout.LayoutAdversarialTests.test_invalid_14_vegetation_amount) ... ok
test_invalid_15_vegetation_amount (test_layout.LayoutAdversarialTests.test_invalid_15_vegetation_amount) ... ok
test_invalid_16_agriculture_amount (test_layout.LayoutAdversarialTests.test_invalid_16_agriculture_amount) ... ok
test_invalid_17_agriculture_amount (test_layout.LayoutAdversarialTests.test_invalid_17_agriculture_amount) ... ok
test_invalid_18_ruin_amount (test_layout.LayoutAdversarialTests.test_invalid_18_ruin_amount) ... ok
test_invalid_19_wealth (test_layout.LayoutAdversarialTests.test_invalid_19_wealth) ... ok
test_invalid_20_town_age (test_layout.LayoutAdversarialTests.test_invalid_20_town_age) ... ok
test_invalid_21_clutter_amount (test_layout.LayoutAdversarialTests.test_invalid_21_clutter_amount) ... ok
test_invalid_22_building_irregularity (test_layout.LayoutAdversarialTests.test_invalid_22_building_irregularity) ... ok
test_invalid_23_path_irregularity (test_layout.LayoutAdversarialTests.test_invalid_23_path_irregularity) ... ok
test_invalid_24_voxel_size (test_layout.LayoutAdversarialTests.test_invalid_24_voxel_size) ... ok
test_invalid_25_voxel_size (test_layout.LayoutAdversarialTests.test_invalid_25_voxel_size) ... ok
test_invalid_26_archetypes (test_layout.LayoutAdversarialTests.test_invalid_26_archetypes) ... ok
test_invalid_27_archetypes (test_layout.LayoutAdversarialTests.test_invalid_27_archetypes) ... ok
test_invalid_28_building_count (test_layout.LayoutAdversarialTests.test_invalid_28_building_count) ... ok
test_invalid_29_population (test_layout.LayoutAdversarialTests.test_invalid_29_population) ... ok
test_invalid_path_width_0 (test_layout.LayoutAdversarialTests.test_invalid_path_width_0) ... ok
test_invalid_path_width_1 (test_layout.LayoutAdversarialTests.test_invalid_path_width_1) ... ok
test_invalid_path_width_2 (test_layout.LayoutAdversarialTests.test_invalid_path_width_2) ... ok
test_invalid_path_width_3 (test_layout.LayoutAdversarialTests.test_invalid_path_width_3) ... ok
test_layout_00_seed_0 (test_layout.LayoutAdversarialTests.test_layout_00_seed_0) ... ok
test_layout_01_seed_-918 (test_layout.LayoutAdversarialTests.test_layout_01_seed_-918) ... ok
test_layout_02_seed_9223372036854775807 (test_layout.LayoutAdversarialTests.test_layout_02_seed_9223372036854775807) ... ok
test_layout_03_seed_77 (test_layout.LayoutAdversarialTests.test_layout_03_seed_77) ... ok
test_layout_04_seed_17 (test_layout.LayoutAdversarialTests.test_layout_04_seed_17) ... ok
test_layout_05_seed_99 (test_layout.LayoutAdversarialTests.test_layout_05_seed_99) ... ok
test_layout_06_seed_6 (test_layout.LayoutAdversarialTests.test_layout_06_seed_6) ... ok
test_layout_07_seed_88 (test_layout.LayoutAdversarialTests.test_layout_07_seed_88) ... ok
test_layout_08_seed_11 (test_layout.LayoutAdversarialTests.test_layout_08_seed_11) ... ok
test_layout_09_seed_4 (test_layout.LayoutAdversarialTests.test_layout_09_seed_4) ... ok
test_hypothesis_ellipse_crossing_without_corner_containment_is_rejected (test_layout.LayoutHypothesisTests.test_hypothesis_ellipse_crossing_without_corner_containment_is_rejected)
A long building edge can cross a water body with all four corners dry. ... ok
test_hypothesis_fields_never_cross_unrelated_buildings (test_layout.LayoutHypothesisTests.test_hypothesis_fields_never_cross_unrelated_buildings)
Attached fields can escape the collision check applied only to house footprints. ... ok
test_hypothesis_obstructed_public_endpoint_fails_closed (test_layout.LayoutHypothesisTests.test_hypothesis_obstructed_public_endpoint_fails_closed)
A generic routing caller must not get a route teleported out of a wall. ... ok
test_hypothesis_population_and_dressing_do_not_shuffle_lots (test_layout.LayoutHypothesisTests.test_hypothesis_population_and_dressing_do_not_shuffle_lots)
Changing clutter or inhabitants must not randomize the underlying architecture. ... ok
test_hypothesis_zero_agriculture_releases_attached_fields (test_layout.LayoutHypothesisTests.test_hypothesis_zero_agriculture_releases_attached_fields)
Zero agriculture must suppress fields despite still permitting farmhouse homes. ... ok
test_supported_voxel_grid_keeps_fields_and_doors_on_lattice (test_layout.LayoutHypothesisTests.test_supported_voxel_grid_keeps_fields_and_doors_on_lattice)
M1 town realization supports the audited .25m physical asset scale. ... ok
test_all_archetypes_are_optional_not_silent_aliases (test_layout.LayoutTests.test_all_archetypes_are_optional_not_silent_aliases) ... ok
test_building_footprints_and_water_are_disjoint (test_layout.LayoutTests.test_building_footprints_and_water_are_disjoint) ... ok
test_default_population_roles_and_semantic_rooms (test_layout.LayoutTests.test_default_population_roles_and_semantic_rooms) ... ok
test_empty_and_dry_towns_remain_valid (test_layout.LayoutTests.test_empty_and_dry_towns_remain_valid) ... ok
test_major_paths_are_wider_than_footpaths (test_layout.LayoutTests.test_major_paths_are_wider_than_footpaths) ... ok
test_mutating_one_result_does_not_mutate_future_generation (test_layout.LayoutTests.test_mutating_one_result_does_not_mutate_future_generation) ... ok
test_oasis_preset_reserves_shore_for_water_dependent_buildings (test_layout.LayoutTests.test_oasis_preset_reserves_shore_for_water_dependent_buildings) ... ok
test_paths_connect_to_real_entrances_and_do_not_cross_walls (test_layout.LayoutTests.test_paths_connect_to_real_entrances_and_do_not_cross_walls) ... ok
test_repeatability_and_different_seed_countercheck (test_layout.LayoutTests.test_repeatability_and_different_seed_countercheck) ... ok
test_repeated_workshops_form_staggered_lots_not_a_straight_column (test_layout.LayoutTests.test_repeated_workshops_form_staggered_lots_not_a_straight_column)
Visual M1 review found three workshops almost exactly on one X coordinate. ... ok
test_route_blocks_widened_clearance_not_only_centerline (test_layout.LayoutTests.test_route_blocks_widened_clearance_not_only_centerline) ... ok
test_semantic_distances_have_real_counterexample (test_layout.LayoutTests.test_semantic_distances_have_real_counterexample) ... ok
test_world_coordinates_use_voxel_grid_and_quarter_turns (test_layout.LayoutTests.test_world_coordinates_use_voxel_grid_and_quarter_turns) ... ok
test_world_is_serializable_and_does_not_borrow_random_state (test_layout.LayoutTests.test_world_is_serializable_and_does_not_borrow_random_state) ... ok
test_axes_scale_and_palette_are_explicit (test_native_assets.NativeAssetTests.test_axes_scale_and_palette_are_explicit) ... ok
test_crates_and_barrels_have_four_geometry_variants_in_one_cell (test_native_assets.NativeAssetTests.test_crates_and_barrels_have_four_geometry_variants_in_one_cell) ... ok
test_every_recipe_survives_as_real_geometry_and_voxels (test_native_assets.NativeAssetTests.test_every_recipe_survives_as_real_geometry_and_voxels) ... ok
test_export_does_not_consume_global_rng_or_share_mutable_results (test_native_assets.NativeAssetTests.test_export_does_not_consume_global_rng_or_share_mutable_results) ... ok
test_export_is_json_roundtrippable_and_preserves_other_files (test_native_assets.NativeAssetTests.test_export_is_json_roundtrippable_and_preserves_other_files) ... ok
test_mesh_material_indices_and_faces_are_valid (test_native_assets.NativeAssetTests.test_mesh_material_indices_and_faces_are_valid) ... ok
test_recipe_conversion_preserves_source_and_surface_dimensions (test_native_assets.NativeAssetTests.test_recipe_conversion_preserves_source_and_surface_dimensions) ... ok
test_uniform_fit_is_honest_about_large_objects (test_native_assets.NativeAssetTests.test_uniform_fit_is_honest_about_large_objects) ... ok
test_bed_keeps_four_feet_fabric_and_tall_headboard (test_native_coarse.NativeCoarseTests.test_bed_keeps_four_feet_fabric_and_tall_headboard) ... ok
test_coarse_density_is_actually_lower_not_a_scale_change (test_native_coarse.NativeCoarseTests.test_coarse_density_is_actually_lower_not_a_scale_change) ... ok
test_coarse_profile_is_rejected_by_fine_candidate_preview (test_native_coarse.NativeCoarseTests.test_coarse_profile_is_rejected_by_fine_candidate_preview) ... ok
test_coarse_recipe_is_not_the_original_recipe_enlarged (test_native_coarse.NativeCoarseTests.test_coarse_recipe_is_not_the_original_recipe_enlarged) ... ok
test_export_is_explicit_deterministic_and_preserves_fine_file (test_native_coarse.NativeCoarseTests.test_export_is_explicit_deterministic_and_preserves_fine_file) ... ok
test_fine_export_bytes_stay_pinned (test_native_coarse.NativeCoarseTests.test_fine_export_bytes_stay_pinned) ... ok
test_geometry_variants_do_not_collapse (test_native_coarse.NativeCoarseTests.test_geometry_variants_do_not_collapse) ... ok
test_invalid_profile_rejected_before_existing_output_changes (test_native_coarse.NativeCoarseTests.test_invalid_profile_rejected_before_existing_output_changes) ... ok
test_material_ties_and_insertion_order_are_deterministic (test_native_coarse.NativeCoarseTests.test_material_ties_and_insertion_order_are_deterministic) ... ok
test_minimal_stool_keeps_three_separate_legs (test_native_coarse.NativeCoarseTests.test_minimal_stool_keeps_three_separate_legs) ... ok
test_open_container_cavities_remain_open_from_above (test_native_coarse.NativeCoarseTests.test_open_container_cavities_remain_open_from_above) ... ok
test_palette_ids_and_import_only_pitch_policy (test_native_coarse.NativeCoarseTests.test_palette_ids_and_import_only_pitch_policy) ... ok
test_recipe_barrel (test_native_coarse.NativeCoarseTests.test_recipe_barrel) ... ok
test_recipe_barrel_1 (test_native_coarse.NativeCoarseTests.test_recipe_barrel_1) ... ok
test_recipe_barrel_2 (test_native_coarse.NativeCoarseTests.test_recipe_barrel_2) ... ok
test_recipe_barrel_3 (test_native_coarse.NativeCoarseTests.test_recipe_barrel_3) ... ok
test_recipe_bed (test_native_coarse.NativeCoarseTests.test_recipe_bed) ... ok
test_recipe_crate (test_native_coarse.NativeCoarseTests.test_recipe_crate) ... ok
test_recipe_crate_1 (test_native_coarse.NativeCoarseTests.test_recipe_crate_1) ... ok
test_recipe_crate_2 (test_native_coarse.NativeCoarseTests.test_recipe_crate_2) ... ok
test_recipe_crate_3 (test_native_coarse.NativeCoarseTests.test_recipe_crate_3) ... ok
test_recipe_rock (test_native_coarse.NativeCoarseTests.test_recipe_rock) ... ok
test_recipe_rock_1 (test_native_coarse.NativeCoarseTests.test_recipe_rock_1) ... ok
test_recipe_rock_2 (test_native_coarse.NativeCoarseTests.test_recipe_rock_2) ... ok
test_recipe_scrub (test_native_coarse.NativeCoarseTests.test_recipe_scrub) ... ok
test_recipe_scrub_1 (test_native_coarse.NativeCoarseTests.test_recipe_scrub_1) ... ok
test_recipe_scrub_2 (test_native_coarse.NativeCoarseTests.test_recipe_scrub_2) ... ok
test_recipe_stool (test_native_coarse.NativeCoarseTests.test_recipe_stool) ... ok
test_recipe_tree (test_native_coarse.NativeCoarseTests.test_recipe_tree) ... ok
test_recipe_tree_1 (test_native_coarse.NativeCoarseTests.test_recipe_tree_1) ... ok
test_recipe_tree_2 (test_native_coarse.NativeCoarseTests.test_recipe_tree_2) ... ok
test_resampling_is_translation_independent_for_negative_coordinates (test_native_coarse.NativeCoarseTests.test_resampling_is_translation_independent_for_negative_coordinates) ... ok
test_returned_recipes_are_independent (test_native_coarse.NativeCoarseTests.test_returned_recipes_are_independent) ... ok
test_trees_keep_wood_below_an_overhanging_leaf_canopy (test_native_coarse.NativeCoarseTests.test_trees_keep_wood_below_an_overhanging_leaf_canopy) ... ok
test_unbound_recipes_are_unchanged (test_native_coarse.NativeCoarseTests.test_unbound_recipes_are_unchanged) ... ok
test_asset_export_replaces_symlink_without_rewriting_its_target (test_native_export.NativeExportTests.test_asset_export_replaces_symlink_without_rewriting_its_target) ... ok
test_bad_region_cannot_replace_existing_file (test_native_export.NativeExportTests.test_bad_region_cannot_replace_existing_file) ... ok
test_data_export_is_repeatable_and_preserves_unrelated_files (test_native_export.NativeExportTests.test_data_export_is_repeatable_and_preserves_unrelated_files) ... ok
test_invalid_envelope_rejects_before_any_export (test_native_export.NativeExportTests.test_invalid_envelope_rejects_before_any_export) ... ok
test_missing_blender_rejects_render_before_touching_prior_exports (test_native_export.NativeExportTests.test_missing_blender_rejects_render_before_touching_prior_exports) ... ok
test_nonfile_asset_destination_is_rejected_without_temporary_debris (test_native_export.NativeExportTests.test_nonfile_asset_destination_is_rejected_without_temporary_debris) ... ok
test_construction_materials_stay_identical_after_repeated_exports (test_native_palette.NativePaletteTests.test_construction_materials_stay_identical_after_repeated_exports) ... ok
test_fine_profile_and_palette_are_byte_identical (test_native_palette.NativePaletteTests.test_fine_profile_and_palette_are_byte_identical) ... ok
test_fire_water_and_npc_accents_survive (test_native_palette.NativePaletteTests.test_fire_water_and_npc_accents_survive) ... ok
test_geometry_topology_runs_bounds_and_fitting_are_bit_exact (test_native_palette.NativePaletteTests.test_geometry_topology_runs_bounds_and_fitting_are_bit_exact) ... ok
test_metal_only_on_containers_that_already_had_metal (test_native_palette.NativePaletteTests.test_metal_only_on_containers_that_already_had_metal) ... ok
test_recipe_awning (test_native_palette.NativePaletteTests.test_recipe_awning) ... ok
test_recipe_banner (test_native_palette.NativePaletteTests.test_recipe_banner) ... ok
test_recipe_barrel (test_native_palette.NativePaletteTests.test_recipe_barrel) ... ok
test_recipe_barrel_1 (test_native_palette.NativePaletteTests.test_recipe_barrel_1) ... ok
test_recipe_barrel_2 (test_native_palette.NativePaletteTests.test_recipe_barrel_2) ... ok
test_recipe_barrel_3 (test_native_palette.NativePaletteTests.test_recipe_barrel_3) ... ok
test_recipe_bed (test_native_palette.NativePaletteTests.test_recipe_bed) ... ok
test_recipe_bridge (test_native_palette.NativePaletteTests.test_recipe_bridge) ... ok
test_recipe_crate (test_native_palette.NativePaletteTests.test_recipe_crate) ... ok
test_recipe_crate_1 (test_native_palette.NativePaletteTests.test_recipe_crate_1) ... ok
test_recipe_crate_2 (test_native_palette.NativePaletteTests.test_recipe_crate_2) ... ok
test_recipe_crate_3 (test_native_palette.NativePaletteTests.test_recipe_crate_3) ... ok
test_recipe_crop (test_native_palette.NativePaletteTests.test_recipe_crop) ... ok
test_recipe_crop_1 (test_native_palette.NativePaletteTests.test_recipe_crop_1) ... ok
test_recipe_crop_2 (test_native_palette.NativePaletteTests.test_recipe_crop_2) ... ok
test_recipe_door (test_native_palette.NativePaletteTests.test_recipe_door) ... ok
test_recipe_fence (test_native_palette.NativePaletteTests.test_recipe_fence) ... ok
test_recipe_firepit (test_native_palette.NativePaletteTests.test_recipe_firepit) ... ok
test_recipe_floor (test_native_palette.NativePaletteTests.test_recipe_floor) ... ok
test_recipe_furnace (test_native_palette.NativePaletteTests.test_recipe_furnace) ... ok
test_recipe_gate (test_native_palette.NativePaletteTests.test_recipe_gate) ... ok
test_recipe_hay (test_native_palette.NativePaletteTests.test_recipe_hay) ... ok
test_recipe_irrigation (test_native_palette.NativePaletteTests.test_recipe_irrigation) ... ok
test_recipe_lantern (test_native_palette.NativePaletteTests.test_recipe_lantern) ... ok
test_recipe_livestock (test_native_palette.NativePaletteTests.test_recipe_livestock) ... ok
test_recipe_livestock_1 (test_native_palette.NativePaletteTests.test_recipe_livestock_1) ... ok
test_recipe_livestock_2 (test_native_palette.NativePaletteTests.test_recipe_livestock_2) ... ok
test_recipe_market_stall (test_native_palette.NativePaletteTests.test_recipe_market_stall) ... ok
test_recipe_npc (test_native_palette.NativePaletteTests.test_recipe_npc) ... ok
test_recipe_npc_1 (test_native_palette.NativePaletteTests.test_recipe_npc_1) ... ok
test_recipe_npc_2 (test_native_palette.NativePaletteTests.test_recipe_npc_2) ... ok
test_recipe_palm (test_native_palette.NativePaletteTests.test_recipe_palm) ... ok
test_recipe_palm_1 (test_native_palette.NativePaletteTests.test_recipe_palm_1) ... ok
test_recipe_palm_2 (test_native_palette.NativePaletteTests.test_recipe_palm_2) ... ok
test_recipe_pot (test_native_palette.NativePaletteTests.test_recipe_pot) ... ok
test_recipe_reeds (test_native_palette.NativePaletteTests.test_recipe_reeds) ... ok
test_recipe_reeds_1 (test_native_palette.NativePaletteTests.test_recipe_reeds_1) ... ok
test_recipe_reeds_2 (test_native_palette.NativePaletteTests.test_recipe_reeds_2) ... ok
test_recipe_rock (test_native_palette.NativePaletteTests.test_recipe_rock) ... ok
test_recipe_rock_1 (test_native_palette.NativePaletteTests.test_recipe_rock_1) ... ok
test_recipe_rock_2 (test_native_palette.NativePaletteTests.test_recipe_rock_2) ... ok
test_recipe_ruin (test_native_palette.NativePaletteTests.test_recipe_ruin) ... ok
test_recipe_scrub (test_native_palette.NativePaletteTests.test_recipe_scrub) ... ok
test_recipe_scrub_1 (test_native_palette.NativePaletteTests.test_recipe_scrub_1) ... ok
test_recipe_scrub_2 (test_native_palette.NativePaletteTests.test_recipe_scrub_2) ... ok
test_recipe_shelf (test_native_palette.NativePaletteTests.test_recipe_shelf) ... ok
test_recipe_sign (test_native_palette.NativePaletteTests.test_recipe_sign) ... ok
test_recipe_stairs (test_native_palette.NativePaletteTests.test_recipe_stairs) ... ok
test_recipe_stool (test_native_palette.NativePaletteTests.test_recipe_stool) ... ok
test_recipe_table (test_native_palette.NativePaletteTests.test_recipe_table) ... ok
test_recipe_torch (test_native_palette.NativePaletteTests.test_recipe_torch) ... ok
test_recipe_tree (test_native_palette.NativePaletteTests.test_recipe_tree) ... ok
test_recipe_tree_1 (test_native_palette.NativePaletteTests.test_recipe_tree_1) ... ok
test_recipe_tree_2 (test_native_palette.NativePaletteTests.test_recipe_tree_2) ... ok
test_recipe_trough (test_native_palette.NativePaletteTests.test_recipe_trough) ... ok
test_recipe_wall (test_native_palette.NativePaletteTests.test_recipe_wall) ... ok
test_recipe_well (test_native_palette.NativePaletteTests.test_recipe_well) ... ok
test_recipe_window (test_native_palette.NativePaletteTests.test_recipe_window) ... ok
test_recipe_workbench (test_native_palette.NativePaletteTests.test_recipe_workbench) ... ok
test_repeated_export_is_deterministic_and_does_not_consume_rng (test_native_palette.NativePaletteTests.test_repeated_export_is_deterministic_and_does_not_consume_rng) ... ok
test_tree_and_bed_keep_semantic_contrast (test_native_palette.NativePaletteTests.test_tree_and_bed_keep_semantic_contrast) ... ok
test_bad_face_index_or_material_cannot_reach_blender_mesh_creation (test_native_preview.NativePreviewTests.test_bad_face_index_or_material_cannot_reach_blender_mesh_creation) ... ok
test_bad_terrain_and_placement_are_rejected_before_scene_mutation (test_native_preview.NativePreviewTests.test_bad_terrain_and_placement_are_rejected_before_scene_mutation) ... ok
test_generated_preview_inputs_validate_without_blender (test_native_preview.NativePreviewTests.test_generated_preview_inputs_validate_without_blender) ... ok
test_incompatible_palette_is_rejected_instead_of_silently_recolored (test_native_preview.NativePreviewTests.test_incompatible_palette_is_rejected_instead_of_silently_recolored) ... ok
test_nan_vertex_cannot_poison_scene_geometry (test_native_preview.NativePreviewTests.test_nan_vertex_cannot_poison_scene_geometry) ... ok
test_unknown_visual_is_rejected_in_preflight (test_native_preview.NativePreviewTests.test_unknown_visual_is_rejected_in_preflight) ... ok
test_bulk_nature_uses_the_whole_reusable_variant_family (test_native_region.NativeRegionTests.test_bulk_nature_uses_the_whole_reusable_variant_family) ... ok
test_every_solid_owner_fits_without_overlap_or_crossing_chunk_boundary (test_native_region.NativeRegionTests.test_every_solid_owner_fits_without_overlap_or_crossing_chunk_boundary) ... ok
test_exact_terrain_coverage_and_interior_semantics (test_native_region.NativeRegionTests.test_exact_terrain_coverage_and_interior_semantics) ... ok
test_four_distinct_connected_roles_and_native_dimensions (test_native_region.NativeRegionTests.test_four_distinct_connected_roles_and_native_dimensions) ... ok
test_greedy_lot_dead_end_restarts_rules_without_dropping_native_buildings (test_native_region.NativeRegionTests.test_greedy_lot_dead_end_restarts_rules_without_dropping_native_buildings) ... ok
test_internal_routes_are_established_but_external_footpaths_are_narrow (test_native_region.NativeRegionTests.test_internal_routes_are_established_but_external_footpaths_are_narrow) ... ok
test_native_rectangular_size_changes_envelope_without_squashing_assets (test_native_region.NativeRegionTests.test_native_rectangular_size_changes_envelope_without_squashing_assets) ... ok
test_population_counter_preserves_exact_requested_initial_residents (test_native_region.NativeRegionTests.test_population_counter_preserves_exact_requested_initial_residents) ... ok
test_reciprocal_edges_have_exact_same_indices_and_clear_approaches (test_native_region.NativeRegionTests.test_reciprocal_edges_have_exact_same_indices_and_clear_approaches) ... ok
test_seed_variation_determinism_and_global_random_independence (test_native_region.NativeRegionTests.test_seed_variation_determinism_and_global_random_independence) ... ok
test_small_rectangle_reduces_requested_lot_count_without_scaling_assets (test_native_region.NativeRegionTests.test_small_rectangle_reduces_requested_lot_count_without_scaling_assets) ... ok
test_trader_merchandise_spills_into_an_accessible_exterior_market (test_native_region.NativeRegionTests.test_trader_merchandise_spills_into_an_accessible_exterior_market) ... ok
test_trunks_and_rocks_block_but_reeds_scrub_crops_do_not (test_native_region.NativeRegionTests.test_trunks_and_rocks_block_but_reeds_scrub_crops_do_not) ... ok
test_validation_rejects_broken_portal_and_duplicate_owner (test_native_region.NativeRegionTests.test_validation_rejects_broken_portal_and_duplicate_owner) ... ok
test_walls_have_independent_cell_owners_and_openings_are_native_cells (test_native_region.NativeRegionTests.test_walls_have_independent_cell_owners_and_openings_are_native_cells) ... ok
test_water_vegetation_clutter_controls_have_real_counter_cases (test_native_region.NativeRegionTests.test_water_vegetation_clutter_controls_have_real_counter_cases) ... ok
test_a_missing_wall_in_both_visual_and_semantic_lists_is_still_a_hole (test_native_region_adversarial.NativeRegionAdversarialTests.test_a_missing_wall_in_both_visual_and_semantic_lists_is_still_a_hole) ... ok
test_fractional_anchor_cannot_evade_integer_cell_collision (test_native_region_adversarial.NativeRegionAdversarialTests.test_fractional_anchor_cannot_evade_integer_cell_collision) ... ok
test_hypothesis_an_owner_crosses_zone_boundary (test_native_region_adversarial.NativeRegionAdversarialTests.test_hypothesis_an_owner_crosses_zone_boundary) ... ok
test_hypothesis_extra_terrain_cell_hides_duplicate_coordinates (test_native_region_adversarial.NativeRegionAdversarialTests.test_hypothesis_extra_terrain_cell_hides_duplicate_coordinates) ... ok
test_hypothesis_missing_native_floor_is_silently_accepted (test_native_region_adversarial.NativeRegionAdversarialTests.test_hypothesis_missing_native_floor_is_silently_accepted) ... ok
test_hypothesis_one_blocker_can_close_the_only_building_entrance (test_native_region_adversarial.NativeRegionAdversarialTests.test_hypothesis_one_blocker_can_close_the_only_building_entrance) ... ok
test_hypothesis_returned_mutation_leaks_into_future_generation (test_native_region_adversarial.NativeRegionAdversarialTests.test_hypothesis_returned_mutation_leaks_into_future_generation) ... ok
test_hypothesis_wall_cells_can_be_empty_visual_claims (test_native_region_adversarial.NativeRegionAdversarialTests.test_hypothesis_wall_cells_can_be_empty_visual_claims) ... ok
test_invalid_parameter_00 (test_native_region_adversarial.NativeRegionAdversarialTests.test_invalid_parameter_00) ... ok
test_invalid_parameter_01 (test_native_region_adversarial.NativeRegionAdversarialTests.test_invalid_parameter_01) ... ok
test_invalid_parameter_02 (test_native_region_adversarial.NativeRegionAdversarialTests.test_invalid_parameter_02) ... ok
test_invalid_parameter_03 (test_native_region_adversarial.NativeRegionAdversarialTests.test_invalid_parameter_03) ... ok
test_invalid_parameter_04 (test_native_region_adversarial.NativeRegionAdversarialTests.test_invalid_parameter_04) ... ok
test_invalid_parameter_05 (test_native_region_adversarial.NativeRegionAdversarialTests.test_invalid_parameter_05) ... ok
test_invalid_parameter_06 (test_native_region_adversarial.NativeRegionAdversarialTests.test_invalid_parameter_06) ... ok
test_invalid_parameter_07 (test_native_region_adversarial.NativeRegionAdversarialTests.test_invalid_parameter_07) ... ok
test_invalid_parameter_08 (test_native_region_adversarial.NativeRegionAdversarialTests.test_invalid_parameter_08) ... ok
test_invalid_parameter_09 (test_native_region_adversarial.NativeRegionAdversarialTests.test_invalid_parameter_09) ... ok
test_invalid_parameter_10 (test_native_region_adversarial.NativeRegionAdversarialTests.test_invalid_parameter_10) ... ok
test_invalid_parameter_11 (test_native_region_adversarial.NativeRegionAdversarialTests.test_invalid_parameter_11) ... ok
test_invalid_parameter_12 (test_native_region_adversarial.NativeRegionAdversarialTests.test_invalid_parameter_12) ... ok
test_invalid_parameter_13 (test_native_region_adversarial.NativeRegionAdversarialTests.test_invalid_parameter_13) ... ok
test_invalid_parameter_14 (test_native_region_adversarial.NativeRegionAdversarialTests.test_invalid_parameter_14) ... ok
test_invalid_parameter_15 (test_native_region_adversarial.NativeRegionAdversarialTests.test_invalid_parameter_15) ... ok
test_invalid_parameter_16 (test_native_region_adversarial.NativeRegionAdversarialTests.test_invalid_parameter_16) ... ok
test_invalid_parameter_17 (test_native_region_adversarial.NativeRegionAdversarialTests.test_invalid_parameter_17) ... ok
test_invalid_parameter_18 (test_native_region_adversarial.NativeRegionAdversarialTests.test_invalid_parameter_18) ... ok
test_invalid_parameter_19 (test_native_region_adversarial.NativeRegionAdversarialTests.test_invalid_parameter_19) ... ok
test_native_owner_cannot_claim_a_smaller_body_than_its_recipe (test_native_region_adversarial.NativeRegionAdversarialTests.test_native_owner_cannot_claim_a_smaller_body_than_its_recipe) ... ok
test_optional_clutter_stays_near_actual_activity_sites (test_native_region_adversarial.NativeRegionAdversarialTests.test_optional_clutter_stays_near_actual_activity_sites) ... ok
test_out_of_bounds_route_is_not_an_unchecked_manifest_claim (test_native_region_adversarial.NativeRegionAdversarialTests.test_out_of_bounds_route_is_not_an_unchecked_manifest_claim) ... ok
test_plaza_must_be_an_actual_open_in_bounds_cell (test_native_region_adversarial.NativeRegionAdversarialTests.test_plaza_must_be_an_actual_open_in_bounds_cell) ... ok
test_unknown_asset_cannot_turn_into_a_missing_visual (test_native_region_adversarial.NativeRegionAdversarialTests.test_unknown_asset_cannot_turn_into_a_missing_visual) ... ok
test_wall_physical_flags_cannot_turn_structure_into_ghost_art (test_native_region_adversarial.NativeRegionAdversarialTests.test_wall_physical_flags_cannot_turn_structure_into_ghost_art) ... ok
test_wrong_external_neighbor_is_rejected_even_without_a_partner_chunk (test_native_region_adversarial.NativeRegionAdversarialTests.test_wrong_external_neighbor_is_rejected_even_without_a_partner_chunk) ... ok
test_data_only_and_fbx_are_rejected_before_output_mutation (test_pipeline_review.CliPipelineReview.test_data_only_and_fbx_are_rejected_before_output_mutation) ... ok
test_data_only_and_render_are_rejected_before_output_mutation (test_pipeline_review.CliPipelineReview.test_data_only_and_render_are_rejected_before_output_mutation) ... ok
test_data_only_succeeds_and_creates_only_semantic_output (test_pipeline_review.CliPipelineReview.test_data_only_succeeds_and_creates_only_semantic_output) ... ok
test_cancelled_render_preserves_bundle_even_without_python_exception (test_pipeline_review.PublicationTests.test_cancelled_render_preserves_bundle_even_without_python_exception) ... ok
test_data_only_never_imports_bpy_and_marks_prior_blend_not_current (test_pipeline_review.PublicationTests.test_data_only_never_imports_bpy_and_marks_prior_blend_not_current) ... ok
test_different_shared_slot_layouts_leave_all_warnings_visible (test_pipeline_review.PublicationTests.test_different_shared_slot_layouts_leave_all_warnings_visible) ... ok
test_duplicate_warning_aggregation_requires_matching_shared_slot_layouts (test_pipeline_review.PublicationTests.test_duplicate_warning_aggregation_requires_matching_shared_slot_layouts) ... ok
test_export_failure_preserves_existing_bundle (test_pipeline_review.PublicationTests.test_export_failure_preserves_existing_bundle) ... ok
test_failed_first_publication_removes_only_own_new_files (test_pipeline_review.PublicationTests.test_failed_first_publication_removes_only_own_new_files) ... ok
test_fbx_raw_log_retains_both_known_and_unrelated_warnings (test_pipeline_review.PublicationTests.test_fbx_raw_log_retains_both_known_and_unrelated_warnings) ... ok
test_missing_export_file_rejects_success_return_without_mutating_destination (test_pipeline_review.PublicationTests.test_missing_export_file_rejects_success_return_without_mutating_destination) ... ok
test_planning_failure_preserves_existing_bundle (test_pipeline_review.PublicationTests.test_planning_failure_preserves_existing_bundle) ... ok
test_publish_failure_rolls_back_partial_replacements (test_pipeline_review.PublicationTests.test_publish_failure_rolls_back_partial_replacements) ... ok
test_render_failure_preserves_existing_bundle (test_pipeline_review.PublicationTests.test_render_failure_preserves_existing_bundle) ... ok
test_replace_owned_filename_symlink_does_not_modify_external_file (test_pipeline_review.PublicationTests.test_replace_owned_filename_symlink_does_not_modify_external_file) ... ok
test_save_failure_preserves_existing_bundle (test_pipeline_review.PublicationTests.test_save_failure_preserves_existing_bundle) ... ok
test_staged_blend_save_is_a_copy_not_a_deleted_active_document_path (test_pipeline_review.PublicationTests.test_staged_blend_save_is_a_copy_not_a_deleted_active_document_path) ... ok
test_success_publishes_complete_hash_manifest_and_preserves_manual_file (test_pipeline_review.PublicationTests.test_success_publishes_complete_hash_manifest_and_preserves_manual_file) ... ok
test_unrelated_directory_named_as_artifact_rejects_before_replacing_any_file (test_pipeline_review.PublicationTests.test_unrelated_directory_named_as_artifact_rejects_before_replacing_any_file) ... ok
test_unrequested_previous_optional_outputs_are_preserved_but_not_claimed_current (test_pipeline_review.PublicationTests.test_unrequested_previous_optional_outputs_are_preserved_but_not_claimed_current) ... ok
test_without_shared_mesh_borrowers_registration_warning_is_not_assumed_safe (test_pipeline_review.PublicationTests.test_without_shared_mesh_borrowers_registration_warning_is_not_assumed_safe) ... ok

----------------------------------------------------------------------
Ran 381 tests in 21.679s

OK
