awning 2 -> 2 wood,cloth_cream
banner 4 -> 2 wood,cloth_red
barrel 3 -> 2 wood,metal
barrel_1 2 -> 2 wood_light,metal
barrel_2 2 -> 2 wood,wood_light
barrel_3 4 -> 2 wood,metal
bed 4 -> 2 wood,cloth_red
bridge 2 -> 2 wood,wood_light
crate 2 -> 2 wood,wood_light
crate_1 2 -> 2 wood,wood_light
crate_2 3 -> 2 wood,metal
crate_3 3 -> 2 wood,wood_light
crop 3 -> 2 leaf,dry_leaf
crop_1 2 -> 2 leaf_light,dry_leaf
crop_2 3 -> 2 earth,leaf
door 4 -> 2 wood,metal
fence 2 -> 2 wood,wood_light
firepit 4 -> 2 ancient_stone,ember
floor 1 -> 1 dark_floor
furnace 6 -> 2 ancient_stone,ember
gate 4 -> 2 wood,metal
hay 2 -> 2 wood_light,dry_leaf
irrigation 4 -> 2 earth,water
lantern 2 -> 2 metal,ember
livestock 2 -> 2 sandstone,wood
livestock_1 2 -> 2 wood,cloth_cream
livestock_2 4 -> 2 wood,cloth_red
market_stall 6 -> 2 wood,cloth_cream
npc 4 -> 2 skin,cloth_teal
npc_1 5 -> 2 cloth_red,skin_dark
npc_2 5 -> 2 cloth_cream,skin
palm 5 -> 2 wood,leaf
palm_1 5 -> 2 wood,leaf
palm_2 5 -> 2 wood,leaf
pot 2 -> 2 sandstone,rust
reeds 3 -> 2 leaf,dry_leaf
reeds_1 3 -> 2 leaf,dry_leaf
reeds_2 3 -> 2 leaf,dry_leaf
rock 2 -> 2 sandstone,ancient_stone
rock_1 2 -> 2 sandstone,ancient_stone
rock_2 2 -> 2 sandstone,ancient_stone
ruin 4 -> 2 sandstone,ancient_stone
scrub 2 -> 2 leaf,leaf_light
scrub_1 2 -> 2 leaf,leaf_light
scrub_2 2 -> 2 wood_light,dry_leaf
shelf 5 -> 2 wood,cloth_red
sign 3 -> 2 wood,coal
stairs 2 -> 2 sandstone,stone_light
stool 2 -> 2 wood,wood_light
table 2 -> 2 wood,wood_light
torch 4 -> 2 wood,ember
tree 3 -> 2 wood,leaf
tree_1 3 -> 2 wood,leaf
tree_2 3 -> 2 wood,leaf
trough 3 -> 2 wood,water
wall 2 -> 2 sandstone,stone_light
well 7 -> 2 sandstone,water
window 3 -> 2 sandstone,wood
workbench 4 -> 2 wood,metal
{
  "status": "passed",
  "recipes": 59,
  "changedMaterialRows": 35,
  "geometryChanged": false,
  "maximumRecipeColors": 2,
  "singleColorRows": 1,
  "twoColorRows": 58,
  "export": "ArtSource/VoxelTown/Output/native-region/assets-coarse.json",
  "sha256": "2f3ff7c6ca2ac0af1000809fa4f74bedc231a2b0f49bacd0036e631e9d5823ab",
  "fineExportSha256": "a7f350b3f54e4402e8500104aaa0f44732b79456515ea0077ab2a426e08ec7b2"
}
