test_construction_materials_stay_identical_after_repeated_exports (test_native_palette.NativePaletteTests.test_construction_materials_stay_identical_after_repeated_exports) ... ok
test_fine_profile_and_palette_are_byte_identical (test_native_palette.NativePaletteTests.test_fine_profile_and_palette_are_byte_identical) ... ok
test_fire_water_and_npc_accents_survive (test_native_palette.NativePaletteTests.test_fire_water_and_npc_accents_survive) ... ok
test_geometry_topology_runs_bounds_and_fitting_are_bit_exact (test_native_palette.NativePaletteTests.test_geometry_topology_runs_bounds_and_fitting_are_bit_exact) ... ok
test_metal_only_on_containers_that_already_had_metal (test_native_palette.NativePaletteTests.test_metal_only_on_containers_that_already_had_metal) ... ok
test_recipe_awning (test_native_palette.NativePaletteTests.test_recipe_awning) ... ok
test_recipe_banner (test_native_palette.NativePaletteTests.test_recipe_banner) ... FAIL
test_recipe_barrel (test_native_palette.NativePaletteTests.test_recipe_barrel) ... FAIL
test_recipe_barrel_1 (test_native_palette.NativePaletteTests.test_recipe_barrel_1) ... ok
test_recipe_barrel_2 (test_native_palette.NativePaletteTests.test_recipe_barrel_2) ... ok
test_recipe_barrel_3 (test_native_palette.NativePaletteTests.test_recipe_barrel_3) ... FAIL
test_recipe_bed (test_native_palette.NativePaletteTests.test_recipe_bed) ... FAIL
test_recipe_bridge (test_native_palette.NativePaletteTests.test_recipe_bridge) ... ok
test_recipe_crate (test_native_palette.NativePaletteTests.test_recipe_crate) ... ok
test_recipe_crate_1 (test_native_palette.NativePaletteTests.test_recipe_crate_1) ... ok
test_recipe_crate_2 (test_native_palette.NativePaletteTests.test_recipe_crate_2) ... FAIL
test_recipe_crate_3 (test_native_palette.NativePaletteTests.test_recipe_crate_3) ... FAIL
test_recipe_crop (test_native_palette.NativePaletteTests.test_recipe_crop) ... FAIL
test_recipe_crop_1 (test_native_palette.NativePaletteTests.test_recipe_crop_1) ... ok
test_recipe_crop_2 (test_native_palette.NativePaletteTests.test_recipe_crop_2) ... FAIL
test_recipe_door (test_native_palette.NativePaletteTests.test_recipe_door) ... FAIL
test_recipe_fence (test_native_palette.NativePaletteTests.test_recipe_fence) ... ok
test_recipe_firepit (test_native_palette.NativePaletteTests.test_recipe_firepit) ... FAIL
test_recipe_floor (test_native_palette.NativePaletteTests.test_recipe_floor) ... ok
test_recipe_furnace (test_native_palette.NativePaletteTests.test_recipe_furnace) ... FAIL
test_recipe_gate (test_native_palette.NativePaletteTests.test_recipe_gate) ... FAIL
test_recipe_hay (test_native_palette.NativePaletteTests.test_recipe_hay) ... ok
test_recipe_irrigation (test_native_palette.NativePaletteTests.test_recipe_irrigation) ... FAIL
test_recipe_lantern (test_native_palette.NativePaletteTests.test_recipe_lantern) ... ok
test_recipe_livestock (test_native_palette.NativePaletteTests.test_recipe_livestock) ... ok
test_recipe_livestock_1 (test_native_palette.NativePaletteTests.test_recipe_livestock_1) ... ok
test_recipe_livestock_2 (test_native_palette.NativePaletteTests.test_recipe_livestock_2) ... FAIL
test_recipe_market_stall (test_native_palette.NativePaletteTests.test_recipe_market_stall) ... FAIL
test_recipe_npc (test_native_palette.NativePaletteTests.test_recipe_npc) ... FAIL
test_recipe_npc_1 (test_native_palette.NativePaletteTests.test_recipe_npc_1) ... FAIL
test_recipe_npc_2 (test_native_palette.NativePaletteTests.test_recipe_npc_2) ... FAIL
test_recipe_palm (test_native_palette.NativePaletteTests.test_recipe_palm) ... FAIL
test_recipe_palm_1 (test_native_palette.NativePaletteTests.test_recipe_palm_1) ... FAIL
test_recipe_palm_2 (test_native_palette.NativePaletteTests.test_recipe_palm_2) ... FAIL
test_recipe_pot (test_native_palette.NativePaletteTests.test_recipe_pot) ... ok
test_recipe_reeds (test_native_palette.NativePaletteTests.test_recipe_reeds) ... FAIL
test_recipe_reeds_1 (test_native_palette.NativePaletteTests.test_recipe_reeds_1) ... FAIL
test_recipe_reeds_2 (test_native_palette.NativePaletteTests.test_recipe_reeds_2) ... FAIL
test_recipe_rock (test_native_palette.NativePaletteTests.test_recipe_rock) ... ok
test_recipe_rock_1 (test_native_palette.NativePaletteTests.test_recipe_rock_1) ... ok
test_recipe_rock_2 (test_native_palette.NativePaletteTests.test_recipe_rock_2) ... ok
test_recipe_ruin (test_native_palette.NativePaletteTests.test_recipe_ruin) ... FAIL
test_recipe_scrub (test_native_palette.NativePaletteTests.test_recipe_scrub) ... ok
test_recipe_scrub_1 (test_native_palette.NativePaletteTests.test_recipe_scrub_1) ... ok
test_recipe_scrub_2 (test_native_palette.NativePaletteTests.test_recipe_scrub_2) ... ok
test_recipe_shelf (test_native_palette.NativePaletteTests.test_recipe_shelf) ... FAIL
test_recipe_sign (test_native_palette.NativePaletteTests.test_recipe_sign) ... FAIL
test_recipe_stairs (test_native_palette.NativePaletteTests.test_recipe_stairs) ... ok
test_recipe_stool (test_native_palette.NativePaletteTests.test_recipe_stool) ... ok
test_recipe_table (test_native_palette.NativePaletteTests.test_recipe_table) ... ok
test_recipe_torch (test_native_palette.NativePaletteTests.test_recipe_torch) ... FAIL
test_recipe_tree (test_native_palette.NativePaletteTests.test_recipe_tree) ... FAIL
test_recipe_tree_1 (test_native_palette.NativePaletteTests.test_recipe_tree_1) ... FAIL
test_recipe_tree_2 (test_native_palette.NativePaletteTests.test_recipe_tree_2) ... FAIL
test_recipe_trough (test_native_palette.NativePaletteTests.test_recipe_trough) ... FAIL
test_recipe_wall (test_native_palette.NativePaletteTests.test_recipe_wall) ... ok
test_recipe_well (test_native_palette.NativePaletteTests.test_recipe_well) ... FAIL
test_recipe_window (test_native_palette.NativePaletteTests.test_recipe_window) ... FAIL
test_recipe_workbench (test_native_palette.NativePaletteTests.test_recipe_workbench) ... FAIL
test_repeated_export_is_deterministic_and_does_not_consume_rng (test_native_palette.NativePaletteTests.test_repeated_export_is_deterministic_and_does_not_consume_rng) ... ok
test_tree_and_bed_keep_semantic_contrast (test_native_palette.NativePaletteTests.test_tree_and_bed_keep_semantic_contrast) ... FAIL

======================================================================
FAIL: test_recipe_banner (test_native_palette.NativePaletteTests.test_recipe_banner)
----------------------------------------------------------------------
Traceback (most recent call last):
  File "/Users/steven/caves-of-ooo/ArtSource/VoxelTown/tests/test_native_palette.py", line 92, in gate
    self.assertGreater(len(colors),0);self.assertLessEqual(len(colors),2,key)
                                      ^^^^^^^^^^^^^^^^^^^^^^^^^^^^^^^^^^^^^^^
AssertionError: 4 not less than or equal to 2 : banner

======================================================================
FAIL: test_recipe_barrel (test_native_palette.NativePaletteTests.test_recipe_barrel)
----------------------------------------------------------------------
Traceback (most recent call last):
  File "/Users/steven/caves-of-ooo/ArtSource/VoxelTown/tests/test_native_palette.py", line 92, in gate
    self.assertGreater(len(colors),0);self.assertLessEqual(len(colors),2,key)
                                      ^^^^^^^^^^^^^^^^^^^^^^^^^^^^^^^^^^^^^^^
AssertionError: 3 not less than or equal to 2 : barrel

======================================================================
FAIL: test_recipe_barrel_3 (test_native_palette.NativePaletteTests.test_recipe_barrel_3)
----------------------------------------------------------------------
Traceback (most recent call last):
  File "/Users/steven/caves-of-ooo/ArtSource/VoxelTown/tests/test_native_palette.py", line 92, in gate
    self.assertGreater(len(colors),0);self.assertLessEqual(len(colors),2,key)
                                      ^^^^^^^^^^^^^^^^^^^^^^^^^^^^^^^^^^^^^^^
AssertionError: 4 not less than or equal to 2 : barrel_3

======================================================================
FAIL: test_recipe_bed (test_native_palette.NativePaletteTests.test_recipe_bed)
----------------------------------------------------------------------
Traceback (most recent call last):
  File "/Users/steven/caves-of-ooo/ArtSource/VoxelTown/tests/test_native_palette.py", line 92, in gate
    self.assertGreater(len(colors),0);self.assertLessEqual(len(colors),2,key)
                                      ^^^^^^^^^^^^^^^^^^^^^^^^^^^^^^^^^^^^^^^
AssertionError: 4 not less than or equal to 2 : bed

======================================================================
FAIL: test_recipe_crate_2 (test_native_palette.NativePaletteTests.test_recipe_crate_2)
----------------------------------------------------------------------
Traceback (most recent call last):
  File "/Users/steven/caves-of-ooo/ArtSource/VoxelTown/tests/test_native_palette.py", line 92, in gate
    self.assertGreater(len(colors),0);self.assertLessEqual(len(colors),2,key)
                                      ^^^^^^^^^^^^^^^^^^^^^^^^^^^^^^^^^^^^^^^
AssertionError: 3 not less than or equal to 2 : crate_2

======================================================================
FAIL: test_recipe_crate_3 (test_native_palette.NativePaletteTests.test_recipe_crate_3)
----------------------------------------------------------------------
Traceback (most recent call last):
  File "/Users/steven/caves-of-ooo/ArtSource/VoxelTown/tests/test_native_palette.py", line 92, in gate
    self.assertGreater(len(colors),0);self.assertLessEqual(len(colors),2,key)
                                      ^^^^^^^^^^^^^^^^^^^^^^^^^^^^^^^^^^^^^^^
AssertionError: 3 not less than or equal to 2 : crate_3

======================================================================
FAIL: test_recipe_crop (test_native_palette.NativePaletteTests.test_recipe_crop)
----------------------------------------------------------------------
Traceback (most recent call last):
  File "/Users/steven/caves-of-ooo/ArtSource/VoxelTown/tests/test_native_palette.py", line 92, in gate
    self.assertGreater(len(colors),0);self.assertLessEqual(len(colors),2,key)
                                      ^^^^^^^^^^^^^^^^^^^^^^^^^^^^^^^^^^^^^^^
AssertionError: 3 not less than or equal to 2 : crop

======================================================================
FAIL: test_recipe_crop_2 (test_native_palette.NativePaletteTests.test_recipe_crop_2)
----------------------------------------------------------------------
Traceback (most recent call last):
  File "/Users/steven/caves-of-ooo/ArtSource/VoxelTown/tests/test_native_palette.py", line 92, in gate
    self.assertGreater(len(colors),0);self.assertLessEqual(len(colors),2,key)
                                      ^^^^^^^^^^^^^^^^^^^^^^^^^^^^^^^^^^^^^^^
AssertionError: 3 not less than or equal to 2 : crop_2

======================================================================
FAIL: test_recipe_door (test_native_palette.NativePaletteTests.test_recipe_door)
----------------------------------------------------------------------
Traceback (most recent call last):
  File "/Users/steven/caves-of-ooo/ArtSource/VoxelTown/tests/test_native_palette.py", line 92, in gate
    self.assertGreater(len(colors),0);self.assertLessEqual(len(colors),2,key)
                                      ^^^^^^^^^^^^^^^^^^^^^^^^^^^^^^^^^^^^^^^
AssertionError: 4 not less than or equal to 2 : door

======================================================================
FAIL: test_recipe_firepit (test_native_palette.NativePaletteTests.test_recipe_firepit)
----------------------------------------------------------------------
Traceback (most recent call last):
  File "/Users/steven/caves-of-ooo/ArtSource/VoxelTown/tests/test_native_palette.py", line 92, in gate
    self.assertGreater(len(colors),0);self.assertLessEqual(len(colors),2,key)
                                      ^^^^^^^^^^^^^^^^^^^^^^^^^^^^^^^^^^^^^^^
AssertionError: 4 not less than or equal to 2 : firepit

======================================================================
FAIL: test_recipe_furnace (test_native_palette.NativePaletteTests.test_recipe_furnace)
----------------------------------------------------------------------
Traceback (most recent call last):
  File "/Users/steven/caves-of-ooo/ArtSource/VoxelTown/tests/test_native_palette.py", line 92, in gate
    self.assertGreater(len(colors),0);self.assertLessEqual(len(colors),2,key)
                                      ^^^^^^^^^^^^^^^^^^^^^^^^^^^^^^^^^^^^^^^
AssertionError: 6 not less than or equal to 2 : furnace

======================================================================
FAIL: test_recipe_gate (test_native_palette.NativePaletteTests.test_recipe_gate)
----------------------------------------------------------------------
Traceback (most recent call last):
  File "/Users/steven/caves-of-ooo/ArtSource/VoxelTown/tests/test_native_palette.py", line 92, in gate
    self.assertGreater(len(colors),0);self.assertLessEqual(len(colors),2,key)
                                      ^^^^^^^^^^^^^^^^^^^^^^^^^^^^^^^^^^^^^^^
AssertionError: 4 not less than or equal to 2 : gate

======================================================================
FAIL: test_recipe_irrigation (test_native_palette.NativePaletteTests.test_recipe_irrigation)
----------------------------------------------------------------------
Traceback (most recent call last):
  File "/Users/steven/caves-of-ooo/ArtSource/VoxelTown/tests/test_native_palette.py", line 92, in gate
    self.assertGreater(len(colors),0);self.assertLessEqual(len(colors),2,key)
                                      ^^^^^^^^^^^^^^^^^^^^^^^^^^^^^^^^^^^^^^^
AssertionError: 4 not less than or equal to 2 : irrigation

======================================================================
FAIL: test_recipe_livestock_2 (test_native_palette.NativePaletteTests.test_recipe_livestock_2)
----------------------------------------------------------------------
Traceback (most recent call last):
  File "/Users/steven/caves-of-ooo/ArtSource/VoxelTown/tests/test_native_palette.py", line 92, in gate
    self.assertGreater(len(colors),0);self.assertLessEqual(len(colors),2,key)
                                      ^^^^^^^^^^^^^^^^^^^^^^^^^^^^^^^^^^^^^^^
AssertionError: 4 not less than or equal to 2 : livestock_2

======================================================================
FAIL: test_recipe_market_stall (test_native_palette.NativePaletteTests.test_recipe_market_stall)
----------------------------------------------------------------------
Traceback (most recent call last):
  File "/Users/steven/caves-of-ooo/ArtSource/VoxelTown/tests/test_native_palette.py", line 92, in gate
    self.assertGreater(len(colors),0);self.assertLessEqual(len(colors),2,key)
                                      ^^^^^^^^^^^^^^^^^^^^^^^^^^^^^^^^^^^^^^^
AssertionError: 6 not less than or equal to 2 : market_stall

======================================================================
FAIL: test_recipe_npc (test_native_palette.NativePaletteTests.test_recipe_npc)
----------------------------------------------------------------------
Traceback (most recent call last):
  File "/Users/steven/caves-of-ooo/ArtSource/VoxelTown/tests/test_native_palette.py", line 92, in gate
    self.assertGreater(len(colors),0);self.assertLessEqual(len(colors),2,key)
                                      ^^^^^^^^^^^^^^^^^^^^^^^^^^^^^^^^^^^^^^^
AssertionError: 4 not less than or equal to 2 : npc

======================================================================
FAIL: test_recipe_npc_1 (test_native_palette.NativePaletteTests.test_recipe_npc_1)
----------------------------------------------------------------------
Traceback (most recent call last):
  File "/Users/steven/caves-of-ooo/ArtSource/VoxelTown/tests/test_native_palette.py", line 92, in gate
    self.assertGreater(len(colors),0);self.assertLessEqual(len(colors),2,key)
                                      ^^^^^^^^^^^^^^^^^^^^^^^^^^^^^^^^^^^^^^^
AssertionError: 5 not less than or equal to 2 : npc_1

======================================================================
FAIL: test_recipe_npc_2 (test_native_palette.NativePaletteTests.test_recipe_npc_2)
----------------------------------------------------------------------
Traceback (most recent call last):
  File "/Users/steven/caves-of-ooo/ArtSource/VoxelTown/tests/test_native_palette.py", line 92, in gate
    self.assertGreater(len(colors),0);self.assertLessEqual(len(colors),2,key)
                                      ^^^^^^^^^^^^^^^^^^^^^^^^^^^^^^^^^^^^^^^
AssertionError: 5 not less than or equal to 2 : npc_2

======================================================================
FAIL: test_recipe_palm (test_native_palette.NativePaletteTests.test_recipe_palm)
----------------------------------------------------------------------
Traceback (most recent call last):
  File "/Users/steven/caves-of-ooo/ArtSource/VoxelTown/tests/test_native_palette.py", line 92, in gate
    self.assertGreater(len(colors),0);self.assertLessEqual(len(colors),2,key)
                                      ^^^^^^^^^^^^^^^^^^^^^^^^^^^^^^^^^^^^^^^
AssertionError: 5 not less than or equal to 2 : palm

======================================================================
FAIL: test_recipe_palm_1 (test_native_palette.NativePaletteTests.test_recipe_palm_1)
----------------------------------------------------------------------
Traceback (most recent call last):
  File "/Users/steven/caves-of-ooo/ArtSource/VoxelTown/tests/test_native_palette.py", line 92, in gate
    self.assertGreater(len(colors),0);self.assertLessEqual(len(colors),2,key)
                                      ^^^^^^^^^^^^^^^^^^^^^^^^^^^^^^^^^^^^^^^
AssertionError: 5 not less than or equal to 2 : palm_1

======================================================================
FAIL: test_recipe_palm_2 (test_native_palette.NativePaletteTests.test_recipe_palm_2)
----------------------------------------------------------------------
Traceback (most recent call last):
  File "/Users/steven/caves-of-ooo/ArtSource/VoxelTown/tests/test_native_palette.py", line 92, in gate
    self.assertGreater(len(colors),0);self.assertLessEqual(len(colors),2,key)
                                      ^^^^^^^^^^^^^^^^^^^^^^^^^^^^^^^^^^^^^^^
AssertionError: 5 not less than or equal to 2 : palm_2

======================================================================
FAIL: test_recipe_reeds (test_native_palette.NativePaletteTests.test_recipe_reeds)
----------------------------------------------------------------------
Traceback (most recent call last):
  File "/Users/steven/caves-of-ooo/ArtSource/VoxelTown/tests/test_native_palette.py", line 92, in gate
    self.assertGreater(len(colors),0);self.assertLessEqual(len(colors),2,key)
                                      ^^^^^^^^^^^^^^^^^^^^^^^^^^^^^^^^^^^^^^^
AssertionError: 3 not less than or equal to 2 : reeds

======================================================================
FAIL: test_recipe_reeds_1 (test_native_palette.NativePaletteTests.test_recipe_reeds_1)
----------------------------------------------------------------------
Traceback (most recent call last):
  File "/Users/steven/caves-of-ooo/ArtSource/VoxelTown/tests/test_native_palette.py", line 92, in gate
    self.assertGreater(len(colors),0);self.assertLessEqual(len(colors),2,key)
                                      ^^^^^^^^^^^^^^^^^^^^^^^^^^^^^^^^^^^^^^^
AssertionError: 3 not less than or equal to 2 : reeds_1

======================================================================
FAIL: test_recipe_reeds_2 (test_native_palette.NativePaletteTests.test_recipe_reeds_2)
----------------------------------------------------------------------
Traceback (most recent call last):
  File "/Users/steven/caves-of-ooo/ArtSource/VoxelTown/tests/test_native_palette.py", line 92, in gate
    self.assertGreater(len(colors),0);self.assertLessEqual(len(colors),2,key)
                                      ^^^^^^^^^^^^^^^^^^^^^^^^^^^^^^^^^^^^^^^
AssertionError: 3 not less than or equal to 2 : reeds_2

======================================================================
FAIL: test_recipe_ruin (test_native_palette.NativePaletteTests.test_recipe_ruin)
----------------------------------------------------------------------
Traceback (most recent call last):
  File "/Users/steven/caves-of-ooo/ArtSource/VoxelTown/tests/test_native_palette.py", line 92, in gate
    self.assertGreater(len(colors),0);self.assertLessEqual(len(colors),2,key)
                                      ^^^^^^^^^^^^^^^^^^^^^^^^^^^^^^^^^^^^^^^
AssertionError: 4 not less than or equal to 2 : ruin

======================================================================
FAIL: test_recipe_shelf (test_native_palette.NativePaletteTests.test_recipe_shelf)
----------------------------------------------------------------------
Traceback (most recent call last):
  File "/Users/steven/caves-of-ooo/ArtSource/VoxelTown/tests/test_native_palette.py", line 92, in gate
    self.assertGreater(len(colors),0);self.assertLessEqual(len(colors),2,key)
                                      ^^^^^^^^^^^^^^^^^^^^^^^^^^^^^^^^^^^^^^^
AssertionError: 5 not less than or equal to 2 : shelf

======================================================================
FAIL: test_recipe_sign (test_native_palette.NativePaletteTests.test_recipe_sign)
----------------------------------------------------------------------
Traceback (most recent call last):
  File "/Users/steven/caves-of-ooo/ArtSource/VoxelTown/tests/test_native_palette.py", line 92, in gate
    self.assertGreater(len(colors),0);self.assertLessEqual(len(colors),2,key)
                                      ^^^^^^^^^^^^^^^^^^^^^^^^^^^^^^^^^^^^^^^
AssertionError: 3 not less than or equal to 2 : sign

======================================================================
FAIL: test_recipe_torch (test_native_palette.NativePaletteTests.test_recipe_torch)
----------------------------------------------------------------------
Traceback (most recent call last):
  File "/Users/steven/caves-of-ooo/ArtSource/VoxelTown/tests/test_native_palette.py", line 92, in gate
    self.assertGreater(len(colors),0);self.assertLessEqual(len(colors),2,key)
                                      ^^^^^^^^^^^^^^^^^^^^^^^^^^^^^^^^^^^^^^^
AssertionError: 4 not less than or equal to 2 : torch

======================================================================
FAIL: test_recipe_tree (test_native_palette.NativePaletteTests.test_recipe_tree)
----------------------------------------------------------------------
Traceback (most recent call last):
  File "/Users/steven/caves-of-ooo/ArtSource/VoxelTown/tests/test_native_palette.py", line 92, in gate
    self.assertGreater(len(colors),0);self.assertLessEqual(len(colors),2,key)
                                      ^^^^^^^^^^^^^^^^^^^^^^^^^^^^^^^^^^^^^^^
AssertionError: 3 not less than or equal to 2 : tree

======================================================================
FAIL: test_recipe_tree_1 (test_native_palette.NativePaletteTests.test_recipe_tree_1)
----------------------------------------------------------------------
Traceback (most recent call last):
  File "/Users/steven/caves-of-ooo/ArtSource/VoxelTown/tests/test_native_palette.py", line 92, in gate
    self.assertGreater(len(colors),0);self.assertLessEqual(len(colors),2,key)
                                      ^^^^^^^^^^^^^^^^^^^^^^^^^^^^^^^^^^^^^^^
AssertionError: 3 not less than or equal to 2 : tree_1

======================================================================
FAIL: test_recipe_tree_2 (test_native_palette.NativePaletteTests.test_recipe_tree_2)
----------------------------------------------------------------------
Traceback (most recent call last):
  File "/Users/steven/caves-of-ooo/ArtSource/VoxelTown/tests/test_native_palette.py", line 92, in gate
    self.assertGreater(len(colors),0);self.assertLessEqual(len(colors),2,key)
                                      ^^^^^^^^^^^^^^^^^^^^^^^^^^^^^^^^^^^^^^^
AssertionError: 3 not less than or equal to 2 : tree_2

======================================================================
FAIL: test_recipe_trough (test_native_palette.NativePaletteTests.test_recipe_trough)
----------------------------------------------------------------------
Traceback (most recent call last):
  File "/Users/steven/caves-of-ooo/ArtSource/VoxelTown/tests/test_native_palette.py", line 92, in gate
    self.assertGreater(len(colors),0);self.assertLessEqual(len(colors),2,key)
                                      ^^^^^^^^^^^^^^^^^^^^^^^^^^^^^^^^^^^^^^^
AssertionError: 3 not less than or equal to 2 : trough

======================================================================
FAIL: test_recipe_well (test_native_palette.NativePaletteTests.test_recipe_well)
----------------------------------------------------------------------
Traceback (most recent call last):
  File "/Users/steven/caves-of-ooo/ArtSource/VoxelTown/tests/test_native_palette.py", line 92, in gate
    self.assertGreater(len(colors),0);self.assertLessEqual(len(colors),2,key)
                                      ^^^^^^^^^^^^^^^^^^^^^^^^^^^^^^^^^^^^^^^
AssertionError: 7 not less than or equal to 2 : well

======================================================================
FAIL: test_recipe_window (test_native_palette.NativePaletteTests.test_recipe_window)
----------------------------------------------------------------------
Traceback (most recent call last):
  File "/Users/steven/caves-of-ooo/ArtSource/VoxelTown/tests/test_native_palette.py", line 92, in gate
    self.assertGreater(len(colors),0);self.assertLessEqual(len(colors),2,key)
                                      ^^^^^^^^^^^^^^^^^^^^^^^^^^^^^^^^^^^^^^^
AssertionError: 3 not less than or equal to 2 : window

======================================================================
FAIL: test_recipe_workbench (test_native_palette.NativePaletteTests.test_recipe_workbench)
----------------------------------------------------------------------
Traceback (most recent call last):
  File "/Users/steven/caves-of-ooo/ArtSource/VoxelTown/tests/test_native_palette.py", line 92, in gate
    self.assertGreater(len(colors),0);self.assertLessEqual(len(colors),2,key)
                                      ^^^^^^^^^^^^^^^^^^^^^^^^^^^^^^^^^^^^^^^
AssertionError: 4 not less than or equal to 2 : workbench

======================================================================
FAIL: test_tree_and_bed_keep_semantic_contrast (test_native_palette.NativePaletteTests.test_tree_and_bed_keep_semantic_contrast)
----------------------------------------------------------------------
Traceback (most recent call last):
  File "/Users/steven/caves-of-ooo/ArtSource/VoxelTown/tests/test_native_palette.py", line 61, in test_tree_and_bed_keep_semantic_contrast
    self.assertEqual({MATERIAL_INDEX['wood'],MATERIAL_INDEX['leaf']},used(self.rows[key]),key)
AssertionError: Items in the second set but not the first:
9 : tree

----------------------------------------------------------------------
Ran 66 tests in 0.253s

FAILED (failures=36)
