Processor: VirtualApple @ 2.50GHz, 10 core(s) @ 2502 MHz 
Available Memory: 7836 MB 
Linux Kernel and distribution: Linux 6.12 Ubuntu 22.04 64bit
System Language: en
System has not been booted with systemd as init system (PID 1). Can't operate.
Failed to connect to bus: Host is down
Keyboard Layout: default
Selected window backend: x11 
Input System module state changed to: Initialized.
Display 0 'screen': 1280x800 (primary device).
[Physics::Module] Initialized fallback backend.
[Physics::Module] Id: 0xdecafbad
Loading player data from /audit/game-il2cpp/CavesOfOoo_Data/data.unity3d
Desktop is 1280 x 800 @ 0 Hz
Initialize engine version: 6000.3.4f1 (fdd3b8998ec4)
[Subsystems] Discovering subsystems at path /audit/game-il2cpp/CavesOfOoo_Data/UnitySubsystems
kGfxThreadingModeClientWorkerNativeJobs is not supported on OpenGL Core. Reverting to kGfxThreadingModeClientWorkerJobs instead.
GfxDevice: creating device client; kGfxThreadingModeClientWorkerJobs
Renderer: llvmpipe (LLVM 15.0.7, 256 bits)
Vendor:   Mesa
Version:  4.5 (Core Profile) Mesa 23.2.1-1ubuntu3.1~22.04.4
GLES:     0
 GL_3DFX_texture_compression_FXT1 GL_AMD_conservative_depth GL_AMD_draw_buffers_blend GL_AMD_gpu_shader_int64 GL_AMD_multi_draw_indirect GL_AMD_pinned_memory GL_AMD_query_buffer_object GL_AMD_seamless_cubemap_per_texture GL_AMD_shader_stencil_export GL_AMD_shader_trinary_minmax GL_AMD_texture_texture4 GL_AMD_vertex_shader_layer GL_AMD_vertex_shader_viewport_index GL_ANGLE_texture_compression_dxt3 GL_ANGLE_texture_compression_dxt5 GL_ARB_ES2_compatibility GL_ARB_ES3_1_compatibility GL_ARB_ES3_2_compatibility GL_ARB_ES3_compatibility GL_ARB_arrays_of_arrays GL_ARB_base_instance GL_ARB_blend_func_extended GL_ARB_buffer_storage GL_ARB_clear_buffer_object GL_ARB_clear_texture GL_ARB_clip_control GL_ARB_compressed_texture_pixel_storage GL_ARB_compute_shader GL_ARB_conditional_render_inverted GL_ARB_conservative_depth GL_ARB_copy_buffer GL_ARB_copy_image GL_ARB_cull_distance GL_ARB_debug_output GL_ARB_depth_buffer_float GL_ARB_depth_clamp GL_ARB_derivative_control GL_ARB_direct_state_access GL_ARB_draw_buffers GL_A
RB_draw_buffers_blend GL_ARB_draw_elements_base_vertex GL_ARB_draw_indirect GL_ARB_draw_instanced GL_ARB_enhanced_layouts GL_ARB_explicit_attrib_location GL_ARB_explicit_uniform_location GL_ARB_fragment_coord_conventions GL_ARB_fragment_layer_viewport GL_ARB_fragment_shader GL_ARB_framebuffer_no_attachments GL_ARB_framebuffer_object GL_ARB_framebuffer_sRGB GL_ARB_get_program_binary GL_ARB_get_texture_sub_image GL_ARB_gl_spirv GL_ARB_gpu_shader5 GL_ARB_gpu_shader_fp64 GL_ARB_gpu_shader_int64 GL_ARB_half_float_pixel GL_ARB_half_float_vertex GL_ARB_indirect_parameters GL_ARB_instanced_arrays GL_ARB_internalformat_query GL_ARB_internalformat_query2 GL_ARB_invalidate_subdata GL_ARB_map_buffer_alignment GL_ARB_map_buffer_range GL_ARB_multi_bind GL_ARB_multi_draw_indirect GL_ARB_occlusion_query2 GL_ARB_parallel_shader_compile GL_ARB_pipeline_statistics_query GL_ARB_pixel_buffer_object GL_ARB_point_sprite GL_ARB_polygon_offset_clamp GL_ARB_post_depth_coverage GL_ARB_program_interface_query GL_ARB_provoking_vertex GL
_ARB_query_buffer_object GL_ARB_robust_buffer_access_behavior GL_ARB_robustness GL_ARB_sample_shading GL_ARB_sampler_objects GL_ARB_seamless_cube_map GL_ARB_seamless_cubemap_per_texture GL_ARB_separate_shader_objects GL_ARB_shader_atomic_counter_ops GL_ARB_shader_atomic_counters GL_ARB_shader_ballot GL_ARB_shader_bit_encoding GL_ARB_shader_clock GL_ARB_shader_draw_parameters GL_ARB_shader_group_vote GL_ARB_shader_image_load_store GL_ARB_shader_image_size GL_ARB_shader_objects GL_ARB_shader_precision GL_ARB_shader_stencil_export GL_ARB_shader_storage_buffer_object GL_ARB_shader_subroutine GL_ARB_shader_texture_image_samples GL_ARB_shader_texture_lod GL_ARB_shader_viewport_layer_array GL_ARB_shading_language_420pack GL_ARB_shading_language_include GL_ARB_shading_language_packing GL_ARB_spirv_extensions GL_ARB_stencil_texturing GL_ARB_sync GL_ARB_tessellation_shader GL_ARB_texture_barrier GL_ARB_texture_buffer_object GL_ARB_texture_buffer_object_rgb32 GL_ARB_texture_buffer_range GL_ARB_texture_compression_bptc 
GL_ARB_texture_compression_rgtc GL_ARB_texture_cube_map_array GL_ARB_texture_filter_anisotropic GL_ARB_texture_filter_minmax GL_ARB_texture_float GL_ARB_texture_gather GL_ARB_texture_mirror_clamp_to_edge GL_ARB_texture_multisample GL_ARB_texture_non_power_of_two GL_ARB_texture_query_levels GL_ARB_texture_query_lod GL_ARB_texture_rectangle GL_ARB_texture_rg GL_ARB_texture_rgb10_a2ui GL_ARB_texture_stencil8 GL_ARB_texture_storage GL_ARB_texture_storage_multisample GL_ARB_texture_swizzle GL_ARB_texture_view GL_ARB_timer_query GL_ARB_transform_feedback2 GL_ARB_transform_feedback3 GL_ARB_transform_feedback_instanced GL_ARB_transform_feedback_overflow_query GL_ARB_uniform_buffer_object GL_ARB_vertex_array_bgra GL_ARB_vertex_array_object GL_ARB_vertex_attrib_64bit GL_ARB_vertex_attrib_binding GL_ARB_vertex_buffer_object GL_ARB_vertex_shader GL_ARB_vertex_type_10f_11f_11f_rev GL_ARB_vertex_type_2_10_10_10_rev GL_ARB_viewport_array GL_ARM_shader_framebuffer_fetch_depth_stencil GL_ATI_blend_equation_separate GL_ATI_me
minfo GL_ATI_texture_float GL_ATI_texture_mirror_once GL_EXT_EGL_image_storage GL_EXT_EGL_sync GL_EXT_abgr GL_EXT_blend_equation_separate GL_EXT_debug_label GL_EXT_draw_buffers2 GL_EXT_draw_instanced GL_EXT_framebuffer_blit GL_EXT_framebuffer_multisample GL_EXT_framebuffer_multisample_blit_scaled GL_EXT_framebuffer_object GL_EXT_framebuffer_sRGB GL_EXT_memory_object GL_EXT_memory_object_fd GL_EXT_packed_depth_stencil GL_EXT_packed_float GL_EXT_pixel_buffer_object GL_EXT_polygon_offset_clamp GL_EXT_provoking_vertex GL_EXT_shader_framebuffer_fetch GL_EXT_shader_framebuffer_fetch_non_coherent GL_EXT_shader_integer_mix GL_EXT_texture_array GL_EXT_texture_compression_dxt1 GL_EXT_texture_compression_rgtc GL_EXT_texture_compression_s3tc GL_EXT_texture_filter_anisotropic GL_EXT_texture_filter_minmax GL_EXT_texture_integer GL_EXT_texture_mirror_clamp GL_EXT_texture_sRGB GL_EXT_texture_sRGB_R8 GL_EXT_texture_sRGB_RG8 GL_EXT_texture_sRGB_decode GL_EXT_texture_shadow_lod GL_EXT_texture_shared_exponent GL_EXT_texture_sno
rm GL_EXT_texture_swizzle GL_EXT_timer_query GL_EXT_transform_feedback GL_EXT_vertex_array_bgra GL_EXT_vertex_attrib_64bit GL_IBM_multimode_draw_arrays GL_INTEL_shader_atomic_float_minmax GL_KHR_blend_equation_advanced GL_KHR_blend_equation_advanced_coherent GL_KHR_context_flush_control GL_KHR_debug GL_KHR_no_error GL_KHR_parallel_shader_compile GL_KHR_robust_buffer_access_behavior GL_KHR_robustness GL_KHR_texture_compression_astc_ldr GL_KHR_texture_compression_astc_sliced_3d GL_MESA_framebuffer_flip_y GL_MESA_pack_invert GL_MESA_shader_integer_functions GL_MESA_texture_signed_rgba GL_MESA_ycbcr_texture GL_NVX_gpu_memory_info GL_NV_conditional_render GL_NV_copy_image GL_NV_depth_clamp GL_NV_packed_depth_stencil GL_NV_shader_atomic_float GL_NV_texture_barrier GL_OES_EGL_image GL_S3_s3tc
OPENGL LOG: Creating OpenGL 4.5 graphics device ; Context level  <OpenGL 4.5> ; Context handle 7657536
ALSA lib confmisc.c:855:(parse_card) cannot find card '0'
ALSA lib conf.c:5182:(_snd_config_evaluate) function snd_func_card_inum returned error: No such file or directory
ALSA lib confmisc.c:422:(snd_func_concat) error evaluating strings
ALSA lib conf.c:5182:(_snd_config_evaluate) function snd_func_concat returned error: No such file or directory
ALSA lib confmisc.c:1334:(snd_func_refer) error evaluating name
ALSA lib conf.c:5182:(_snd_config_evaluate) function snd_func_refer returned error: No such file or directory
ALSA lib conf.c:5705:(snd_config_expand) Evaluate error: No such file or directory
ALSA lib pcm.c:2664:(snd_pcm_open_noupdate) Unknown PCM default
FMOD failed to initialize the output device.: "Error initializing output device. " (60)
Forced to initialize FMOD to to the device driver's system output rate 48000, this may impact performance and/or give inconsistent experiences compared to selected sample rate 48000
ALSA lib confmisc.c:855:(parse_card) cannot find card '0'
ALSA lib conf.c:5182:(_snd_config_evaluate) function snd_func_card_inum returned error: No such file or directory
ALSA lib confmisc.c:422:(snd_func_concat) error evaluating strings
ALSA lib conf.c:5182:(_snd_config_evaluate) function snd_func_concat returned error: No such file or directory
ALSA lib confmisc.c:1334:(snd_func_refer) error evaluating name
ALSA lib conf.c:5182:(_snd_config_evaluate) function snd_func_refer returned error: No such file or directory
ALSA lib conf.c:5705:(snd_config_expand) Evaluate error: No such file or directory
ALSA lib pcm.c:2664:(snd_pcm_open_noupdate) Unknown PCM default
FMOD failed to initialize the output device.: "Error initializing output device. " (60)
FMOD failed to initialize any audio devices, running on emulated software output with no sound. Please check your audio drivers and/or hardware for malfunction.
[Physics::Module] Selected backend.
[Physics::Module] Name: PhysX
[Physics::Module] Id: 0xf2b8ea05
[Physics::Module] SDK Version: 4.1.2
[Physics::Module] Integration Version: 1.0.0
[Physics::Module] Threading Mode: Multi-Threaded
Default vsync count 1
Could not fetch DPI for display (screen): Couldn't get DPI
Could not fetch DPI for display (screen): Couldn't get DPI
requesting resize 1280 x 800
resizing window to 1280 x 800
Desktop is 1280 x 800 @ 0 Hz
Could not fetch DPI for display (screen): Couldn't get DPI
Could not fetch DPI for display (screen): Couldn't get DPI
Could not fetch DPI for display (screen): Couldn't get DPI
Could not fetch DPI for display (screen): Couldn't get DPI
Could not fetch DPI for display (screen): Couldn't get DPI
UnloadTime: 11.635291 ms
[Bootstrap] Awake called
UnityEngine.DebugLogHandler:Internal_Log(LogType, LogOption, String, Object)

[Bootstrap] Start called
UnityEngine.DebugLogHandler:Internal_Log(LogType, LogOption, String, Object)
CavesOfOoo.GameBootstrap:Start()

[Bootstrap] Step 1/9: Initializing factions...
UnityEngine.DebugLogHandler:Internal_Log(LogType, LogOption, String, Object)
CavesOfOoo.GameBootstrap:DoStart()
CavesOfOoo.GameBootstrap:Start()

[FactionLoader] Loaded 14 factions.
UnityEngine.DebugLogHandler:Internal_Log(LogType, LogOption, String, Object)
CavesOfOoo.Data.FactionLoader:Load(String)
CavesOfOoo.Core.FactionManager:Initialize(String)
CavesOfOoo.Diagnostics.PerformanceDiagnostics:MeasureStartupPhase(String, ProfilerMarker, Action)
CavesOfOoo.GameBootstrap:DoStart()
CavesOfOoo.GameBootstrap:Start()

[Bootstrap] Step 1b/9: Initializing material reactions...
UnityEngine.DebugLogHandler:Internal_Log(LogType, LogOption, String, Object)
CavesOfOoo.GameBootstrap:DoStart()
CavesOfOoo.GameBootstrap:Start()

[Bootstrap] Loaded 13 reaction file(s), 13 reaction(s) total.
UnityEngine.DebugLogHandler:Internal_Log(LogType, LogOption, String, Object)
CavesOfOoo.<>c:<DoStart>b__18_1()
CavesOfOoo.Diagnostics.PerformanceDiagnostics:MeasureStartupPhase(String, ProfilerMarker, Action)
CavesOfOoo.GameBootstrap:DoStart()
CavesOfOoo.GameBootstrap:Start()

[Bootstrap] Step 1b'/9: Initializing liquid definitions...
UnityEngine.DebugLogHandler:Internal_Log(LogType, LogOption, String, Object)
CavesOfOoo.GameBootstrap:DoStart()
CavesOfOoo.GameBootstrap:Start()

[Bootstrap] Loaded 26 liquid file(s), 26 liquid(s) total.
UnityEngine.DebugLogHandler:Internal_Log(LogType, LogOption, String, Object)
CavesOfOoo.<>c:<DoStart>b__18_2()
CavesOfOoo.Diagnostics.PerformanceDiagnostics:MeasureStartupPhase(String, ProfilerMarker, Action)
CavesOfOoo.GameBootstrap:DoStart()
CavesOfOoo.GameBootstrap:Start()

[Bootstrap] Step 1b''/9: Initializing gas definitions...
UnityEngine.DebugLogHandler:Internal_Log(LogType, LogOption, String, Object)
CavesOfOoo.GameBootstrap:DoStart()
CavesOfOoo.GameBootstrap:Start()

[Bootstrap] Loaded 9 gas file(s), 9 gas(es) total.
UnityEngine.DebugLogHandler:Internal_Log(LogType, LogOption, String, Object)
CavesOfOoo.<>c:<DoStart>b__18_3()
CavesOfOoo.Diagnostics.PerformanceDiagnostics:MeasureStartupPhase(String, ProfilerMarker, Action)
CavesOfOoo.GameBootstrap:DoStart()
CavesOfOoo.GameBootstrap:Start()

[Bootstrap] Step 1c/9: Loading House Dramas...
UnityEngine.DebugLogHandler:Internal_Log(LogType, LogOption, String, Object)
CavesOfOoo.GameBootstrap:DoStart()
CavesOfOoo.GameBootstrap:Start()

[HouseDramaLoader] Loaded 2 drama(s).
UnityEngine.DebugLogHandler:Internal_Log(LogType, LogOption, String, Object)
CavesOfOoo.Data.HouseDramaLoader:LoadAll()
CavesOfOoo.GameBootstrap:DoStart()
CavesOfOoo.GameBootstrap:Start()

[Bootstrap] Step 1d/9: Loading Storylets...
UnityEngine.DebugLogHandler:Internal_Log(LogType, LogOption, String, Object)
CavesOfOoo.GameBootstrap:DoStart()
CavesOfOoo.GameBootstrap:Start()

[StoryletRegistry] Loaded 23 storylet(s).
UnityEngine.DebugLogHandler:Internal_Log(LogType, LogOption, String, Object)
CavesOfOoo.Storylets.StoryletRegistry:LoadAll()
CavesOfOoo.GameBootstrap:DoStart()
CavesOfOoo.GameBootstrap:Start()

[Conversation] Loaded 79 conversations from 31 files.
UnityEngine.DebugLogHandler:Internal_Log(LogType, LogOption, String, Object)
CavesOfOoo.Data.ConversationLoader:LoadAll()
CavesOfOoo.GameBootstrap:DoStart()
CavesOfOoo.GameBootstrap:Start()

[Bootstrap] Step 3/9: Creating EntityFactory...
UnityEngine.DebugLogHandler:Internal_Log(LogType, LogOption, String, Object)
CavesOfOoo.GameBootstrap:DoStart()
CavesOfOoo.GameBootstrap:Start()

[Bootstrap] Step 4/9: Loading blueprints...
UnityEngine.DebugLogHandler:Internal_Log(LogType, LogOption, String, Object)
CavesOfOoo.GameBootstrap:DoStart()
CavesOfOoo.GameBootstrap:Start()

[Bootstrap] Loaded 711 blueprints
UnityEngine.DebugLogHandler:Internal_Log(LogType, LogOption, String, Object)
CavesOfOoo.GameBootstrap:<DoStart>b__18_5()
CavesOfOoo.Diagnostics.PerformanceDiagnostics:MeasureStartupPhase(String, ProfilerMarker, Func`1)
CavesOfOoo.GameBootstrap:DoStart()
CavesOfOoo.GameBootstrap:Start()

[Bootstrap/ASCII] Blueprint render validation passed.
UnityEngine.DebugLogHandler:Internal_Log(LogType, LogOption, String, Object)
CavesOfOoo.GameBootstrap:<DoStart>b__18_5()
CavesOfOoo.Diagnostics.PerformanceDiagnostics:MeasureStartupPhase(String, ProfilerMarker, Func`1)
CavesOfOoo.GameBootstrap:DoStart()
CavesOfOoo.GameBootstrap:Start()

[Bootstrap/Handling] Blueprint handling validation passed.
UnityEngine.DebugLogHandler:Internal_Log(LogType, LogOption, String, Object)
CavesOfOoo.GameBootstrap:<DoStart>b__18_5()
CavesOfOoo.Diagnostics.PerformanceDiagnostics:MeasureStartupPhase(String, ProfilerMarker, Func`1)
CavesOfOoo.GameBootstrap:DoStart()
CavesOfOoo.GameBootstrap:Start()

[Bootstrap] Step 4b/9: Loading loot tables...
UnityEngine.DebugLogHandler:Internal_Log(LogType, LogOption, String, Object)
CavesOfOoo.GameBootstrap:DoStart()
CavesOfOoo.GameBootstrap:Start()

[Bootstrap] Loaded 100 loot table(s), 0 problem(s).
UnityEngine.DebugLogHandler:Internal_Log(LogType, LogOption, String, Object)
CavesOfOoo.GameBootstrap:DoStart()
CavesOfOoo.GameBootstrap:Start()

[Bootstrap] Step 4c/9: Loading starting builds...
UnityEngine.DebugLogHandler:Internal_Log(LogType, LogOption, String, Object)
CavesOfOoo.GameBootstrap:DoStart()
CavesOfOoo.GameBootstrap:Start()

[Bootstrap] Loaded 5 starting build(s); new-game picker ON.
UnityEngine.DebugLogHandler:Internal_Log(LogType, LogOption, String, Object)
CavesOfOoo.GameBootstrap:DoStart()
CavesOfOoo.GameBootstrap:Start()

[Bootstrap] Step 5/9: Generating starting zone...
UnityEngine.DebugLogHandler:Internal_Log(LogType, LogOption, String, Object)
CavesOfOoo.GameBootstrap:DoStart()
CavesOfOoo.GameBootstrap:Start()

[Bootstrap] Zone generated: 2674 entities
UnityEngine.DebugLogHandler:Internal_Log(LogType, LogOption, String, Object)
CavesOfOoo.GameBootstrap:GenerateStartingZone()
CavesOfOoo.Diagnostics.PerformanceDiagnostics:MeasureStartupPhase(String, ProfilerMarker, Func`1)
CavesOfOoo.GameBootstrap:DoStart()
CavesOfOoo.GameBootstrap:Start()

[Bootstrap] Step 6/9: Creating player...
UnityEngine.DebugLogHandler:Internal_Log(LogType, LogOption, String, Object)
CavesOfOoo.GameBootstrap:DoStart()
CavesOfOoo.GameBootstrap:Start()

[Bootstrap] Player created. Has Body part: True, Body initialized: True
UnityEngine.DebugLogHandler:Internal_Log(LogType, LogOption, String, Object)
CavesOfOoo.GameBootstrap:<DoStart>b__18_6()
CavesOfOoo.Diagnostics.PerformanceDiagnostics:MeasureStartupPhase(String, ProfilerMarker, Func`1)
CavesOfOoo.GameBootstrap:DoStart()
CavesOfOoo.GameBootstrap:Start()

[Bootstrap/Farming] Granted 3 farming kit item stack(s) to the player.
UnityEngine.DebugLogHandler:Internal_Log(LogType, LogOption, String, Object)
CavesOfOoo.GameBootstrap:GivePlayerFarmingStarterKit()
CavesOfOoo.GameBootstrap:<DoStart>b__18_6()
CavesOfOoo.Diagnostics.PerformanceDiagnostics:MeasureStartupPhase(String, ProfilerMarker, Func`1)
CavesOfOoo.GameBootstrap:DoStart()
CavesOfOoo.GameBootstrap:Start()

[Bootstrap/Farming] Plantable cells near spawn: 25.
UnityEngine.DebugLogHandler:Internal_Log(LogType, LogOption, String, Object)
CavesOfOoo.GameBootstrap:EnsureFarmPlotAtSpawn()
CavesOfOoo.GameBootstrap:<DoStart>b__18_6()
CavesOfOoo.Diagnostics.PerformanceDiagnostics:MeasureStartupPhase(String, ProfilerMarker, Func`1)
CavesOfOoo.GameBootstrap:DoStart()
CavesOfOoo.GameBootstrap:Start()

[Bootstrap] Step 7/9: Setting up turns...
UnityEngine.DebugLogHandler:Internal_Log(LogType, LogOption, String, Object)
CavesOfOoo.GameBootstrap:DoStart()
CavesOfOoo.GameBootstrap:Start()

GameBootstrap: Registered 7 creatures for turns
UnityEngine.DebugLogHandler:Internal_Log(LogType, LogOption, String, Object)
CavesOfOoo.GameBootstrap:RegisterCreaturesForTurns()
CavesOfOoo.Diagnostics.PerformanceDiagnostics:MeasureStartupPhase(String, ProfilerMarker, Action)
CavesOfOoo.GameBootstrap:DoStart()
CavesOfOoo.GameBootstrap:Start()

[Bootstrap] Step 8/9: Wiring renderer...
UnityEngine.DebugLogHandler:Internal_Log(LogType, LogOption, String, Object)
CavesOfOoo.GameBootstrap:DoStart()
CavesOfOoo.GameBootstrap:Start()

[Bootstrap] ZoneRenderer wired successfully
UnityEngine.DebugLogHandler:Internal_Log(LogType, LogOption, String, Object)
CavesOfOoo.GameBootstrap:<DoStart>b__18_8()
CavesOfOoo.Diagnostics.PerformanceDiagnostics:MeasureStartupPhase(String, ProfilerMarker, Action)
CavesOfOoo.GameBootstrap:DoStart()
CavesOfOoo.GameBootstrap:Start()

[Bootstrap] Step 9/9: Wiring input...
UnityEngine.DebugLogHandler:Internal_Log(LogType, LogOption, String, Object)
CavesOfOoo.GameBootstrap:<DoStart>b__18_8()
CavesOfOoo.Diagnostics.PerformanceDiagnostics:MeasureStartupPhase(String, ProfilerMarker, Action)
CavesOfOoo.GameBootstrap:DoStart()
CavesOfOoo.GameBootstrap:Start()

[ActionMenu:wire] component=True Tilemap=SET BgTilemap=SET PopupCamera=SET
UnityEngine.DebugLogHandler:Internal_Log(LogType, LogOption, String, Object)
CavesOfOoo.GameBootstrap:<DoStart>b__18_8()
CavesOfOoo.Diagnostics.PerformanceDiagnostics:MeasureStartupPhase(String, ProfilerMarker, Action)
CavesOfOoo.GameBootstrap:DoStart()
CavesOfOoo.GameBootstrap:Start()

[Combat] Choose how you begin.
UnityEngine.DebugLogHandler:Internal_Log(LogType, LogOption, String, Object)
CavesOfOoo.Rendering.InputHandler:OpenStartingBuildPicker()
CavesOfOoo.GameBootstrap:DoStart()
CavesOfOoo.GameBootstrap:Start()

[Combat] Move with WASD/arrows; bump enemies to attack. [I]nventory, [C] talk, [G]et, [L]ook.
UnityEngine.DebugLogHandler:Internal_Log(LogType, LogOption, String, Object)
CavesOfOoo.Rendering.ControlsReference:PrintBootSummary(Action`1)
CavesOfOoo.GameBootstrap:DoStart()
CavesOfOoo.GameBootstrap:Start()

[Combat] [X] skills, [M] abilities, [F5] save, [F1] full controls.
UnityEngine.DebugLogHandler:Internal_Log(LogType, LogOption, String, Object)
CavesOfOoo.Rendering.ControlsReference:PrintBootSummary(Action`1)
CavesOfOoo.GameBootstrap:DoStart()
CavesOfOoo.GameBootstrap:Start()

[Combat] Surface: [< / Shift+,] world map; move to a [!] settlement, [> / Shift+.] enter selected destination.
UnityEngine.DebugLogHandler:Internal_Log(LogType, LogOption, String, Object)
CavesOfOoo.Rendering.ControlsReference:PrintBootSummary(Action`1)
CavesOfOoo.GameBootstrap:DoStart()
CavesOfOoo.GameBootstrap:Start()

[Combat] Villagers have work for you — press [Q] for your quest log.
UnityEngine.DebugLogHandler:Internal_Log(LogType, LogOption, String, Object)
CavesOfOoo.GameBootstrap:DoStart()
CavesOfOoo.GameBootstrap:Start()

[Bootstrap] DONE. Zone has 2675 entities. WASD/arrows to move.
UnityEngine.DebugLogHandler:Internal_Log(LogType, LogOption, String, Object)
CavesOfOoo.GameBootstrap:DoStart()
CavesOfOoo.GameBootstrap:Start()

[Combat] You equip dagger.
UnityEngine.DebugLogHandler:Internal_Log(LogType, LogOption, String, Object)
CavesOfOoo.Core.Inventory.Commands.EquipCommand:ExecuteInternal(InventoryContext, InventoryTransaction, Entity, BodyPart, Boolean, Boolean, Boolean)
CavesOfOoo.Core.Inventory.Commands.EquipCommand:Execute(InventoryContext, InventoryTransaction)
CavesOfOoo.Core.Inventory.InventoryCommandExecutor:Execute(IInventoryCommand, InventoryContext)
CavesOfOoo.Core.InventorySystem:Equip(Entity, Entity, BodyPart)
CavesOfOoo.Core.StartingBuildService:GrantItem(EntityFactory, InventoryPart, Entity, StartingBuildItem, StartingBuildResult)
CavesOfOoo.Core.StartingBuildService:Apply(Entity, EntityFactory, StartingBuildDef)
CavesOfOoo.Rendering.InputHandler:OnStartingBuildChosen(StartingBuildDef)
CavesOfOoo.Rendering.StartingBuildMenuController:Tick(IInputProbe)
CavesOfOoo.Rendering.StartingBuildMenuUI:HandleInput(IInputProbe)
CavesOfOoo.Rendering.InputHandler:Update()

[Combat] You equip buckler.
UnityEngine.DebugLogHandler:Internal_Log(LogType, LogOption, String, Object)
CavesOfOoo.Core.Inventory.Commands.EquipCommand:ExecuteInternal(InventoryContext, InventoryTransaction, Entity, BodyPart, Boolean, Boolean, Boolean)
CavesOfOoo.Core.Inventory.Commands.EquipCommand:Execute(InventoryContext, InventoryTransaction)
CavesOfOoo.Core.Inventory.InventoryCommandExecutor:Execute(IInventoryCommand, InventoryContext)
CavesOfOoo.Core.InventorySystem:Equip(Entity, Entity, BodyPart)
CavesOfOoo.Core.StartingBuildService:GrantItem(EntityFactory, InventoryPart, Entity, StartingBuildItem, StartingBuildResult)
CavesOfOoo.Core.StartingBuildService:Apply(Entity, EntityFactory, StartingBuildDef)
CavesOfOoo.Rendering.InputHandler:OnStartingBuildChosen(StartingBuildDef)
CavesOfOoo.Rendering.StartingBuildMenuController:Tick(IInputProbe)
CavesOfOoo.Rendering.StartingBuildMenuUI:HandleInput(IInputProbe)
CavesOfOoo.Rendering.InputHandler:Update()

[Combat] You equip cloak.
UnityEngine.DebugLogHandler:Internal_Log(LogType, LogOption, String, Object)
CavesOfOoo.Core.Inventory.Commands.EquipCommand:ExecuteInternal(InventoryContext, InventoryTransaction, Entity, BodyPart, Boolean, Boolean, Boolean)
CavesOfOoo.Core.Inventory.Commands.EquipCommand:Execute(InventoryContext, InventoryTransaction)
CavesOfOoo.Core.Inventory.InventoryCommandExecutor:Execute(IInventoryCommand, InventoryContext)
CavesOfOoo.Core.InventorySystem:Equip(Entity, Entity, BodyPart)
CavesOfOoo.Core.StartingBuildService:GrantItem(EntityFactory, InventoryPart, Entity, StartingBuildItem, StartingBuildResult)
CavesOfOoo.Core.StartingBuildService:Apply(Entity, EntityFactory, StartingBuildDef)
CavesOfOoo.Rendering.InputHandler:OnStartingBuildChosen(StartingBuildDef)
CavesOfOoo.Rendering.StartingBuildMenuController:Tick(IInputProbe)
CavesOfOoo.Rendering.StartingBuildMenuUI:HandleInput(IInputProbe)
CavesOfOoo.Rendering.InputHandler:Update()

[Combat] You begin as The Duelist.
UnityEngine.DebugLogHandler:Internal_Log(LogType, LogOption, String, Object)
CavesOfOoo.Rendering.InputHandler:OnStartingBuildChosen(StartingBuildDef)
CavesOfOoo.Rendering.StartingBuildMenuController:Tick(IInputProbe)
CavesOfOoo.Rendering.StartingBuildMenuUI:HandleInput(IInputProbe)
CavesOfOoo.Rendering.InputHandler:Update()

[Combat] Initial checkpoint saved.
UnityEngine.DebugLogHandler:Internal_Log(LogType, LogOption, String, Object)
CavesOfOoo.Rendering.InputHandler:OnStartingBuildChosen(StartingBuildDef)
CavesOfOoo.Rendering.StartingBuildMenuController:Tick(IInputProbe)
CavesOfOoo.Rendering.StartingBuildMenuUI:HandleInput(IInputProbe)
CavesOfOoo.Rendering.InputHandler:Update()

Received signal SIGTERM (15) - code:0 errno:0 addr:0x1b9f
[Physics::Module] Cleanup current backend.
[Physics::Module] Id: 0xf2b8ea05
Input System module state changed to: ShutdownInProgress.
Input System polling thread exited.
Input System module state changed to: Shutdown.
