Processor: VirtualApple @ 2.50GHz, 10 core(s) @ 2502 MHz 
Available Memory: 7836 MB 
Linux Kernel and distribution: Linux 6.12 Ubuntu 22.04 64bit
System Language: en
System has not been booted with systemd as init system (PID 1). Can't operate.
Failed to connect to bus: Host is down
Keyboard Layout: default
Selected window backend: x11 
Input System module state changed to: Initialized.
Display 0 'screen': 1280x800 (primary device).
[Physics::Module] Initialized fallback backend.
[Physics::Module] Id: 0xdecafbad
Loading player data from /audit/game-il2cpp/CavesOfOoo_Data/data.unity3d
Desktop is 1280 x 800 @ 0 Hz
Could not fetch DPI for display (screen): Couldn't get DPI
[Vulkan init] extensions: count=20
[Vulkan init] extensions: name=VK_EXT_acquire_drm_display [enabled=0, external=0]
[Vulkan init] extensions: name=VK_EXT_acquire_xlib_display [enabled=0, external=0]
[Vulkan init] extensions: name=VK_EXT_debug_report [enabled=0, external=0]
[Vulkan init] extensions: name=VK_EXT_debug_utils [enabled=0, external=0]
[Vulkan init] extensions: name=VK_EXT_direct_mode_display [enabled=0, external=0]
[Vulkan init] extensions: name=VK_EXT_display_surface_counter [enabled=0, external=0]
[Vulkan init] extensions: name=VK_EXT_swapchain_colorspace [enabled=1, external=0]
[Vulkan init] extensions: name=VK_KHR_device_group_creation [enabled=0, external=0]
[Vulkan init] extensions: name=VK_KHR_display [enabled=1, external=0]
[Vulkan init] extensions: name=VK_KHR_external_fence_capabilities [enabled=1, external=0]
[Vulkan init] extensions: name=VK_KHR_external_memory_capabilities [enabled=1, external=0]
[Vulkan init] extensions: name=VK_KHR_external_semaphore_capabilities [enabled=1, external=0]
[Vulkan init] extensions: name=VK_KHR_get_display_properties2 [enabled=0, external=0]
[Vulkan init] extensions: name=VK_KHR_get_physical_device_properties2 [enabled=1, external=0]
[Vulkan init] extensions: name=VK_KHR_get_surface_capabilities2 [enabled=0, external=0]
[Vulkan init] extensions: name=VK_KHR_surface [enabled=1, external=0]
[Vulkan init] extensions: name=VK_KHR_surface_protected_capabilities [enabled=0, external=0]
[Vulkan init] extensions: name=VK_KHR_wayland_surface [enabled=1, external=0]
[Vulkan init] extensions: name=VK_KHR_xcb_surface [enabled=0, external=0]
[Vulkan init] extensions: name=VK_KHR_xlib_surface [enabled=1, external=0]
[Vulkan init] SelectPhysicalDevice requestedDeviceIndex=0 xrDevice=(nil)
[Vulkan init] Physical Device 0x709e20 [0]: "llvmpipe (LLVM 15.0.7, 256 bits)" deviceType=4 vendorID=10005 deviceID=0
Vulkan detection: 2
Initialize engine version: 6000.3.4f1 (fdd3b8998ec4)
[Subsystems] Discovering subsystems at path /audit/game-il2cpp/CavesOfOoo_Data/UnitySubsystems
Forcing GfxDevice: Vulkan
GfxDevice: creating device client; kGfxThreadingModeClientWorkerNativeJobs
[Vulkan init] extensions: count=20
[Vulkan init] extensions: name=VK_EXT_acquire_drm_display [enabled=0, external=0]
[Vulkan init] extensions: name=VK_EXT_acquire_xlib_display [enabled=0, external=0]
[Vulkan init] extensions: name=VK_EXT_debug_report [enabled=0, external=0]
[Vulkan init] extensions: name=VK_EXT_debug_utils [enabled=0, external=0]
[Vulkan init] extensions: name=VK_EXT_direct_mode_display [enabled=0, external=0]
[Vulkan init] extensions: name=VK_EXT_display_surface_counter [enabled=0, external=0]
[Vulkan init] extensions: name=VK_EXT_swapchain_colorspace [enabled=1, external=0]
[Vulkan init] extensions: name=VK_KHR_device_group_creation [enabled=0, external=0]
[Vulkan init] extensions: name=VK_KHR_display [enabled=1, external=0]
[Vulkan init] extensions: name=VK_KHR_external_fence_capabilities [enabled=1, external=0]
[Vulkan init] extensions: name=VK_KHR_external_memory_capabilities [enabled=1, external=0]
[Vulkan init] extensions: name=VK_KHR_external_semaphore_capabilities [enabled=1, external=0]
[Vulkan init] extensions: name=VK_KHR_get_display_properties2 [enabled=0, external=0]
[Vulkan init] extensions: name=VK_KHR_get_physical_device_properties2 [enabled=1, external=0]
[Vulkan init] extensions: name=VK_KHR_get_surface_capabilities2 [enabled=0, external=0]
[Vulkan init] extensions: name=VK_KHR_surface [enabled=1, external=0]
[Vulkan init] extensions: name=VK_KHR_surface_protected_capabilities [enabled=0, external=0]
[Vulkan init] extensions: name=VK_KHR_wayland_surface [enabled=1, external=0]
[Vulkan init] extensions: name=VK_KHR_xcb_surface [enabled=0, external=0]
[Vulkan init] extensions: name=VK_KHR_xlib_surface [enabled=1, external=0]
[Vulkan init] SelectPhysicalDevice requestedDeviceIndex=0 xrDevice=(nil)
[Vulkan init] Physical Device 0x7203d0 [0]: "llvmpipe (LLVM 15.0.7, 256 bits)" deviceType=4 vendorID=10005 deviceID=0
[Vulkan init] Selected physical device 0x7203d0
[Vulkan init] Graphics queue count=1
[Vulkan init] extensions: count=114
[Vulkan init] extensions: name=VK_ARM_rasterization_order_attachment_access [enabled=0, external=0]
[Vulkan init] extensions: name=VK_EXT_4444_formats [enabled=1, external=0]
[Vulkan init] extensions: name=VK_EXT_attachment_feedback_loop_dynamic_state [enabled=0, external=0]
[Vulkan init] extensions: name=VK_EXT_attachment_feedback_loop_layout [enabled=0, external=0]
[Vulkan init] extensions: name=VK_EXT_border_color_swizzle [enabled=0, external=0]
[Vulkan init] extensions: name=VK_EXT_calibrated_timestamps [enabled=0, external=0]
[Vulkan init] extensions: name=VK_EXT_color_write_enable [enabled=0, external=0]
[Vulkan init] extensions: name=VK_EXT_conditional_rendering [enabled=0, external=0]
[Vulkan init] extensions: name=VK_EXT_custom_border_color [enabled=0, external=0]
[Vulkan init] extensions: name=VK_EXT_depth_clip_control [enabled=0, external=0]
[Vulkan init] extensions: name=VK_EXT_depth_clip_enable [enabled=0, external=0]
[Vulkan init] extensions: name=VK_EXT_depth_range_unrestricted [enabled=0, external=0]
[Vulkan init] extensions: name=VK_EXT_descriptor_buffer [enabled=0, external=0]
[Vulkan init] extensions: name=VK_EXT_descriptor_indexing [enabled=0, external=0]
[Vulkan init] extensions: name=VK_EXT_dynamic_rendering_unused_attachments [enabled=0, external=0]
[Vulkan init] extensions: name=VK_EXT_extended_dynamic_state [enabled=0, external=0]
[Vulkan init] extensions: name=VK_EXT_extended_dynamic_state2 [enabled=0, external=0]
[Vulkan init] extensions: name=VK_EXT_extended_dynamic_state3 [enabled=0, external=0]
[Vulkan init] extensions: name=VK_EXT_external_memory_host [enabled=1, external=0]
[Vulkan init] extensions: name=VK_EXT_graphics_pipeline_library [enabled=0, external=0]
[Vulkan init] extensions: name=VK_EXT_host_query_reset [enabled=0, external=0]
[Vulkan init] extensions: name=VK_EXT_image_2d_view_of_3d [enabled=0, external=0]
[Vulkan init] extensions: name=VK_EXT_image_robustness [enabled=0, external=0]
[Vulkan init] extensions: name=VK_EXT_image_sliced_view_of_3d [enabled=0, external=0]
[Vulkan init] extensions: name=VK_EXT_index_type_uint8 [enabled=0, external=0]
[Vulkan init] extensions: name=VK_EXT_inline_uniform_block [enabled=0, external=0]
[Vulkan init] extensions: name=VK_EXT_line_rasterization [enabled=0, external=0]
[Vulkan init] extensions: name=VK_EXT_memory_budget [enabled=1, external=0]
[Vulkan init] extensions: name=VK_EXT_memory_priority [enabled=1, external=0]
[Vulkan init] extensions: name=VK_EXT_mesh_shader [enabled=0, external=0]
[Vulkan init] extensions: name=VK_EXT_multi_draw [enabled=0, external=0]
[Vulkan init] extensions: name=VK_EXT_multisampled_render_to_single_sampled [enabled=0, external=0]
[Vulkan init] extensions: name=VK_EXT_mutable_descriptor_type [enabled=0, external=0]
[Vulkan init] extensions: name=VK_EXT_non_seamless_cube_map [enabled=0, external=0]
[Vulkan init] extensions: name=VK_EXT_pageable_device_local_memory [enabled=0, external=0]
[Vulkan init] extensions: name=VK_EXT_pipeline_creation_cache_control [enabled=0, external=0]
[Vulkan init] extensions: name=VK_EXT_pipeline_creation_feedback [enabled=0, external=0]
[Vulkan init] extensions: name=VK_EXT_post_depth_coverage [enabled=0, external=0]
[Vulkan init] extensions: name=VK_EXT_primitive_topology_list_restart [enabled=0, external=0]
[Vulkan init] extensions: name=VK_EXT_primitives_generated_query [enabled=0, external=0]
[Vulkan init] extensions: name=VK_EXT_private_data [enabled=0, external=0]
[Vulkan init] extensions: name=VK_EXT_provoking_vertex [enabled=0, external=0]
[Vulkan init] extensions: name=VK_EXT_rasterization_order_attachment_access [enabled=0, external=0]
[Vulkan init] extensions: name=VK_EXT_robustness2 [enabled=0, external=0]
[Vulkan init] extensions: name=VK_EXT_sampler_filter_minmax [enabled=0, external=0]
[Vulkan init] extensions: name=VK_EXT_scalar_block_layout [enabled=1, external=0]
[Vulkan init] extensions: name=VK_EXT_separate_stencil_usage [enabled=0, external=0]
[Vulkan init] extensions: name=VK_EXT_shader_atomic_float [enabled=0, external=0]
[Vulkan init] extensions: name=VK_EXT_shader_atomic_float2 [enabled=0, external=0]
[Vulkan init] extensions: name=VK_EXT_shader_demote_to_helper_invocation [enabled=0, external=0]
[Vulkan init] extensions: name=VK_EXT_shader_object [enabled=0, external=0]
[Vulkan init] extensions: name=VK_EXT_shader_stencil_export [enabled=0, external=0]
[Vulkan init] extensions: name=VK_EXT_shader_subgroup_ballot [enabled=0, external=0]
[Vulkan init] extensions: name=VK_EXT_shader_subgroup_vote [enabled=0, external=0]
[Vulkan init] extensions: name=VK_EXT_shader_viewport_index_layer [enabled=1, external=0]
[Vulkan init] extensions: name=VK_EXT_subgroup_size_control [enabled=0, external=0]
[Vulkan init] extensions: name=VK_EXT_texel_buffer_alignment [enabled=0, external=0]
[Vulkan init] extensions: name=VK_EXT_transform_feedback [enabled=0, external=0]
[Vulkan init] extensions: name=VK_EXT_vertex_attribute_divisor [enabled=0, external=0]
[Vulkan init] extensions: name=VK_EXT_vertex_input_dynamic_state [enabled=1, external=0]
[Vulkan init] extensions: name=VK_GOOGLE_decorate_string [enabled=0, external=0]
[Vulkan init] extensions: name=VK_GOOGLE_hlsl_functionality1 [enabled=0, external=0]
[Vulkan init] extensions: name=VK_KHR_16bit_storage [enabled=1, external=0]
[Vulkan init] extensions: name=VK_KHR_8bit_storage [enabled=0, external=0]
[Vulkan init] extensions: name=VK_KHR_bind_memory2 [enabled=1, external=0]
[Vulkan init] extensions: name=VK_KHR_buffer_device_address [enabled=0, external=0]
[Vulkan init] extensions: name=VK_KHR_copy_commands2 [enabled=0, external=0]
[Vulkan init] extensions: name=VK_KHR_create_renderpass2 [enabled=1, external=0]
[Vulkan init] extensions: name=VK_KHR_dedicated_allocation [enabled=1, external=0]
[Vulkan init] extensions: name=VK_KHR_depth_stencil_resolve [enabled=1, external=0]
[Vulkan init] extensions: name=VK_KHR_descriptor_update_template [enabled=1, external=0]
[Vulkan init] extensions: name=VK_KHR_device_group [enabled=0, external=0]
[Vulkan init] extensions: name=VK_KHR_draw_indirect_count [enabled=0, external=0]
[Vulkan init] extensions: name=VK_KHR_driver_properties [enabled=1, external=0]
[Vulkan init] extensions: name=VK_KHR_dynamic_rendering [enabled=0, external=0]
[Vulkan init] extensions: name=VK_KHR_external_fence [enabled=1, external=0]
[Vulkan init] extensions: name=VK_KHR_external_memory [enabled=1, external=0]
[Vulkan init] extensions: name=VK_KHR_external_memory_fd [enabled=1, external=0]
[Vulkan init] extensions: name=VK_KHR_external_semaphore [enabled=1, external=0]
[Vulkan init] extensions: name=VK_KHR_format_feature_flags2 [enabled=0, external=0]
[Vulkan init] extensions: name=VK_KHR_get_memory_requirements2 [enabled=1, external=0]
[Vulkan init] extensions: name=VK_KHR_image_format_list [enabled=1, external=0]
[Vulkan init] extensions: name=VK_KHR_imageless_framebuffer [enabled=0, external=0]
[Vulkan init] extensions: name=VK_KHR_incremental_present [enabled=0, external=0]
[Vulkan init] extensions: name=VK_KHR_maintenance1 [enabled=1, external=0]
[Vulkan init] extensions: name=VK_KHR_maintenance2 [enabled=1, external=0]
[Vulkan init] extensions: name=VK_KHR_maintenance3 [enabled=0, external=0]
[Vulkan init] extensions: name=VK_KHR_maintenance4 [enabled=0, external=0]
[Vulkan init] extensions: name=VK_KHR_multiview [enabled=1, external=0]
[Vulkan init] extensions: name=VK_KHR_pipeline_library [enabled=0, external=0]
[Vulkan init] extensions: name=VK_KHR_push_descriptor [enabled=0, external=0]
[Vulkan init] extensions: name=VK_KHR_relaxed_block_layout [enabled=0, external=0]
[Vulkan init] extensions: name=VK_KHR_sampler_mirror_clamp_to_edge [enabled=1, external=0]
[Vulkan init] extensions: name=VK_KHR_separate_depth_stencil_layouts [enabled=0, external=0]
[Vulkan init] extensions: name=VK_KHR_shader_atomic_int64 [enabled=1, external=0]
[Vulkan init] extensions: name=VK_KHR_shader_clock [enabled=0, external=0]
[Vulkan init] extensions: name=VK_KHR_shader_draw_parameters [enabled=0, external=0]
[Vulkan init] extensions: name=VK_KHR_shader_float16_int8 [enabled=1, external=0]
[Vulkan init] extensions: name=VK_KHR_shader_float_controls [enabled=0, external=0]
[Vulkan init] extensions: name=VK_KHR_shader_integer_dot_product [enabled=0, external=0]
[Vulkan init] extensions: name=VK_KHR_shader_non_semantic_info [enabled=1, external=0]
[Vulkan init] extensions: name=VK_KHR_shader_subgroup_extended_types [enabled=0, external=0]
[Vulkan init] extensions: name=VK_KHR_shader_terminate_invocation [enabled=0, external=0]
[Vulkan init] extensions: name=VK_KHR_spirv_1_4 [enabled=0, external=0]
[Vulkan init] extensions: name=VK_KHR_storage_buffer_storage_class [enabled=1, external=0]
[Vulkan init] extensions: name=VK_KHR_swapchain [enabled=1, external=0]
[Vulkan init] extensions: name=VK_KHR_swapchain_mutable_format [enabled=1, external=0]
[Vulkan init] extensions: name=VK_KHR_synchronization2 [enabled=0, external=0]
[Vulkan init] extensions: name=VK_KHR_timeline_semaphore [enabled=0, external=0]
[Vulkan init] extensions: name=VK_KHR_uniform_buffer_standard_layout [enabled=0, external=0]
[Vulkan init] extensions: name=VK_KHR_variable_pointers [enabled=0, external=0]
[Vulkan init] extensions: name=VK_KHR_vulkan_memory_model [enabled=0, external=0]
[Vulkan init] extensions: name=VK_KHR_zero_initialize_workgroup_memory [enabled=0, external=0]
[Vulkan init] extensions: name=VK_NV_device_generated_commands [enabled=0, external=0]
Vulkan API version 1.1.0 (1.3.255 supported by driver, 1.1.0 requested)
Vulkan vendor=[Unknown (ID=10005)] id=[10005]
Vulkan renderer=[llvmpipe (LLVM 15.0.7, 256 bits)] id=[0]
Vulkan device type 4
Vulkan driverversion=[0.0.1 (0x00000001)] uint=[1]
Vulkan driverLibraryString=[llvmpipe (13), Mesa 23.2.1-1ubuntu3.1~22.04.4 (LLVM 15.0.7)]
Vulkan PSO: cache data not found [path=/tmp/DefaultCompany/caves-of-ooo/vulkan_pso_cache.bin]
ALSA lib confmisc.c:855:(parse_card) cannot find card '0'
ALSA lib conf.c:5182:(_snd_config_evaluate) function snd_func_card_inum returned error: No such file or directory
ALSA lib confmisc.c:422:(snd_func_concat) error evaluating strings
ALSA lib conf.c:5182:(_snd_config_evaluate) function snd_func_concat returned error: No such file or directory
ALSA lib confmisc.c:1334:(snd_func_refer) error evaluating name
ALSA lib conf.c:5182:(_snd_config_evaluate) function snd_func_refer returned error: No such file or directory
ALSA lib conf.c:5705:(snd_config_expand) Evaluate error: No such file or directory
ALSA lib pcm.c:2664:(snd_pcm_open_noupdate) Unknown PCM default
FMOD failed to initialize the output device.: "Error initializing output device. " (60)
Forced to initialize FMOD to to the device driver's system output rate 48000, this may impact performance and/or give inconsistent experiences compared to selected sample rate 48000
ALSA lib confmisc.c:855:(parse_card) cannot find card '0'
ALSA lib conf.c:5182:(_snd_config_evaluate) function snd_func_card_inum returned error: No such file or directory
ALSA lib confmisc.c:422:(snd_func_concat) error evaluating strings
ALSA lib conf.c:5182:(_snd_config_evaluate) function snd_func_concat returned error: No such file or directory
ALSA lib confmisc.c:1334:(snd_func_refer) error evaluating name
ALSA lib conf.c:5182:(_snd_config_evaluate) function snd_func_refer returned error: No such file or directory
ALSA lib conf.c:5705:(snd_config_expand) Evaluate error: No such file or directory
ALSA lib pcm.c:2664:(snd_pcm_open_noupdate) Unknown PCM default
FMOD failed to initialize the output device.: "Error initializing output device. " (60)
FMOD failed to initialize any audio devices, running on emulated software output with no sound. Please check your audio drivers and/or hardware for malfunction.
[Physics::Module] Selected backend.
[Physics::Module] Name: PhysX
[Physics::Module] Id: 0xf2b8ea05
[Physics::Module] SDK Version: 4.1.2
[Physics::Module] Integration Version: 1.0.0
[Physics::Module] Threading Mode: Multi-Threaded
Could not fetch DPI for display (screen): Couldn't get DPI
Could not fetch DPI for display (screen): Couldn't get DPI
requesting resize 1280 x 800
resizing window to 1280 x 800
Desktop is 1280 x 800 @ 0 Hz
InitializeOrResetSwapChain 1280x800 hdr=0 samples=1
Could not fetch DPI for display (screen): Couldn't get DPI
Could not fetch DPI for display (screen): Couldn't get DPI
Could not fetch DPI for display (screen): Couldn't get DPI
Could not fetch DPI for display (screen): Couldn't get DPI
Could not fetch DPI for display (screen): Couldn't get DPI
UnloadTime: 6.839375 ms
[Bootstrap] Awake called
UnityEngine.DebugLogHandler:Internal_Log(LogType, LogOption, String, Object)

[Bootstrap] Start called
UnityEngine.DebugLogHandler:Internal_Log(LogType, LogOption, String, Object)
CavesOfOoo.GameBootstrap:Start()

[Bootstrap] Step 1/9: Initializing factions...
UnityEngine.DebugLogHandler:Internal_Log(LogType, LogOption, String, Object)
CavesOfOoo.GameBootstrap:DoStart()
CavesOfOoo.GameBootstrap:Start()

[FactionLoader] Loaded 14 factions.
UnityEngine.DebugLogHandler:Internal_Log(LogType, LogOption, String, Object)
CavesOfOoo.Data.FactionLoader:Load(String)
CavesOfOoo.Core.FactionManager:Initialize(String)
CavesOfOoo.Diagnostics.PerformanceDiagnostics:MeasureStartupPhase(String, ProfilerMarker, Action)
CavesOfOoo.GameBootstrap:DoStart()
CavesOfOoo.GameBootstrap:Start()

[Bootstrap] Step 1b/9: Initializing material reactions...
UnityEngine.DebugLogHandler:Internal_Log(LogType, LogOption, String, Object)
CavesOfOoo.GameBootstrap:DoStart()
CavesOfOoo.GameBootstrap:Start()

[Bootstrap] Loaded 13 reaction file(s), 13 reaction(s) total.
UnityEngine.DebugLogHandler:Internal_Log(LogType, LogOption, String, Object)
CavesOfOoo.<>c:<DoStart>b__18_1()
CavesOfOoo.Diagnostics.PerformanceDiagnostics:MeasureStartupPhase(String, ProfilerMarker, Action)
CavesOfOoo.GameBootstrap:DoStart()
CavesOfOoo.GameBootstrap:Start()

[Bootstrap] Step 1b'/9: Initializing liquid definitions...
UnityEngine.DebugLogHandler:Internal_Log(LogType, LogOption, String, Object)
CavesOfOoo.GameBootstrap:DoStart()
CavesOfOoo.GameBootstrap:Start()

[Bootstrap] Loaded 26 liquid file(s), 26 liquid(s) total.
UnityEngine.DebugLogHandler:Internal_Log(LogType, LogOption, String, Object)
CavesOfOoo.<>c:<DoStart>b__18_2()
CavesOfOoo.Diagnostics.PerformanceDiagnostics:MeasureStartupPhase(String, ProfilerMarker, Action)
CavesOfOoo.GameBootstrap:DoStart()
CavesOfOoo.GameBootstrap:Start()

[Bootstrap] Step 1b''/9: Initializing gas definitions...
UnityEngine.DebugLogHandler:Internal_Log(LogType, LogOption, String, Object)
CavesOfOoo.GameBootstrap:DoStart()
CavesOfOoo.GameBootstrap:Start()

[Bootstrap] Loaded 9 gas file(s), 9 gas(es) total.
UnityEngine.DebugLogHandler:Internal_Log(LogType, LogOption, String, Object)
CavesOfOoo.<>c:<DoStart>b__18_3()
CavesOfOoo.Diagnostics.PerformanceDiagnostics:MeasureStartupPhase(String, ProfilerMarker, Action)
CavesOfOoo.GameBootstrap:DoStart()
CavesOfOoo.GameBootstrap:Start()

[Bootstrap] Step 1c/9: Loading House Dramas...
UnityEngine.DebugLogHandler:Internal_Log(LogType, LogOption, String, Object)
CavesOfOoo.GameBootstrap:DoStart()
CavesOfOoo.GameBootstrap:Start()

[HouseDramaLoader] Loaded 2 drama(s).
UnityEngine.DebugLogHandler:Internal_Log(LogType, LogOption, String, Object)
CavesOfOoo.Data.HouseDramaLoader:LoadAll()
CavesOfOoo.GameBootstrap:DoStart()
CavesOfOoo.GameBootstrap:Start()

[Bootstrap] Step 1d/9: Loading Storylets...
UnityEngine.DebugLogHandler:Internal_Log(LogType, LogOption, String, Object)
CavesOfOoo.GameBootstrap:DoStart()
CavesOfOoo.GameBootstrap:Start()

[StoryletRegistry] Loaded 23 storylet(s).
UnityEngine.DebugLogHandler:Internal_Log(LogType, LogOption, String, Object)
CavesOfOoo.Storylets.StoryletRegistry:LoadAll()
CavesOfOoo.GameBootstrap:DoStart()
CavesOfOoo.GameBootstrap:Start()

[Conversation] Loaded 79 conversations from 31 files.
UnityEngine.DebugLogHandler:Internal_Log(LogType, LogOption, String, Object)
CavesOfOoo.Data.ConversationLoader:LoadAll()
CavesOfOoo.GameBootstrap:DoStart()
CavesOfOoo.GameBootstrap:Start()

[Bootstrap] Step 3/9: Creating EntityFactory...
UnityEngine.DebugLogHandler:Internal_Log(LogType, LogOption, String, Object)
CavesOfOoo.GameBootstrap:DoStart()
CavesOfOoo.GameBootstrap:Start()

[Bootstrap] Step 4/9: Loading blueprints...
UnityEngine.DebugLogHandler:Internal_Log(LogType, LogOption, String, Object)
CavesOfOoo.GameBootstrap:DoStart()
CavesOfOoo.GameBootstrap:Start()

[Bootstrap] Loaded 711 blueprints
UnityEngine.DebugLogHandler:Internal_Log(LogType, LogOption, String, Object)
CavesOfOoo.GameBootstrap:<DoStart>b__18_5()
CavesOfOoo.Diagnostics.PerformanceDiagnostics:MeasureStartupPhase(String, ProfilerMarker, Func`1)
CavesOfOoo.GameBootstrap:DoStart()
CavesOfOoo.GameBootstrap:Start()

[Bootstrap/ASCII] Blueprint render validation passed.
UnityEngine.DebugLogHandler:Internal_Log(LogType, LogOption, String, Object)
CavesOfOoo.GameBootstrap:<DoStart>b__18_5()
CavesOfOoo.Diagnostics.PerformanceDiagnostics:MeasureStartupPhase(String, ProfilerMarker, Func`1)
CavesOfOoo.GameBootstrap:DoStart()
CavesOfOoo.GameBootstrap:Start()

[Bootstrap/Handling] Blueprint handling validation passed.
UnityEngine.DebugLogHandler:Internal_Log(LogType, LogOption, String, Object)
CavesOfOoo.GameBootstrap:<DoStart>b__18_5()
CavesOfOoo.Diagnostics.PerformanceDiagnostics:MeasureStartupPhase(String, ProfilerMarker, Func`1)
CavesOfOoo.GameBootstrap:DoStart()
CavesOfOoo.GameBootstrap:Start()

[Bootstrap] Step 4b/9: Loading loot tables...
UnityEngine.DebugLogHandler:Internal_Log(LogType, LogOption, String, Object)
CavesOfOoo.GameBootstrap:DoStart()
CavesOfOoo.GameBootstrap:Start()

[Bootstrap] Loaded 100 loot table(s), 0 problem(s).
UnityEngine.DebugLogHandler:Internal_Log(LogType, LogOption, String, Object)
CavesOfOoo.GameBootstrap:DoStart()
CavesOfOoo.GameBootstrap:Start()

[Bootstrap] Step 4c/9: Loading starting builds...
UnityEngine.DebugLogHandler:Internal_Log(LogType, LogOption, String, Object)
CavesOfOoo.GameBootstrap:DoStart()
CavesOfOoo.GameBootstrap:Start()

[Bootstrap] Loaded 5 starting build(s); new-game picker ON.
UnityEngine.DebugLogHandler:Internal_Log(LogType, LogOption, String, Object)
CavesOfOoo.GameBootstrap:DoStart()
CavesOfOoo.GameBootstrap:Start()

[Bootstrap] Step 5/9: Generating starting zone...
UnityEngine.DebugLogHandler:Internal_Log(LogType, LogOption, String, Object)
CavesOfOoo.GameBootstrap:DoStart()
CavesOfOoo.GameBootstrap:Start()

[Bootstrap] Zone generated: 2721 entities
UnityEngine.DebugLogHandler:Internal_Log(LogType, LogOption, String, Object)
CavesOfOoo.GameBootstrap:GenerateStartingZone()
CavesOfOoo.Diagnostics.PerformanceDiagnostics:MeasureStartupPhase(String, ProfilerMarker, Func`1)
CavesOfOoo.GameBootstrap:DoStart()
CavesOfOoo.GameBootstrap:Start()

[Bootstrap] Step 6/9: Creating player...
UnityEngine.DebugLogHandler:Internal_Log(LogType, LogOption, String, Object)
CavesOfOoo.GameBootstrap:DoStart()
CavesOfOoo.GameBootstrap:Start()

[Bootstrap] Player created. Has Body part: True, Body initialized: True
UnityEngine.DebugLogHandler:Internal_Log(LogType, LogOption, String, Object)
CavesOfOoo.GameBootstrap:<DoStart>b__18_6()
CavesOfOoo.Diagnostics.PerformanceDiagnostics:MeasureStartupPhase(String, ProfilerMarker, Func`1)
CavesOfOoo.GameBootstrap:DoStart()
CavesOfOoo.GameBootstrap:Start()

[Bootstrap/Farming] Granted 3 farming kit item stack(s) to the player.
UnityEngine.DebugLogHandler:Internal_Log(LogType, LogOption, String, Object)
CavesOfOoo.GameBootstrap:GivePlayerFarmingStarterKit()
CavesOfOoo.GameBootstrap:<DoStart>b__18_6()
CavesOfOoo.Diagnostics.PerformanceDiagnostics:MeasureStartupPhase(String, ProfilerMarker, Func`1)
CavesOfOoo.GameBootstrap:DoStart()
CavesOfOoo.GameBootstrap:Start()

[Bootstrap/Farming] Plantable cells near spawn: 25.
UnityEngine.DebugLogHandler:Internal_Log(LogType, LogOption, String, Object)
CavesOfOoo.GameBootstrap:EnsureFarmPlotAtSpawn()
CavesOfOoo.GameBootstrap:<DoStart>b__18_6()
CavesOfOoo.Diagnostics.PerformanceDiagnostics:MeasureStartupPhase(String, ProfilerMarker, Func`1)
CavesOfOoo.GameBootstrap:DoStart()
CavesOfOoo.GameBootstrap:Start()

[Bootstrap] Step 7/9: Setting up turns...
UnityEngine.DebugLogHandler:Internal_Log(LogType, LogOption, String, Object)
CavesOfOoo.GameBootstrap:DoStart()
CavesOfOoo.GameBootstrap:Start()

GameBootstrap: Registered 7 creatures for turns
UnityEngine.DebugLogHandler:Internal_Log(LogType, LogOption, String, Object)
CavesOfOoo.GameBootstrap:RegisterCreaturesForTurns()
CavesOfOoo.Diagnostics.PerformanceDiagnostics:MeasureStartupPhase(String, ProfilerMarker, Action)
CavesOfOoo.GameBootstrap:DoStart()
CavesOfOoo.GameBootstrap:Start()

[Bootstrap] Step 8/9: Wiring renderer...
UnityEngine.DebugLogHandler:Internal_Log(LogType, LogOption, String, Object)
CavesOfOoo.GameBootstrap:DoStart()
CavesOfOoo.GameBootstrap:Start()

[Bootstrap] ZoneRenderer wired successfully
UnityEngine.DebugLogHandler:Internal_Log(LogType, LogOption, String, Object)
CavesOfOoo.GameBootstrap:<DoStart>b__18_8()
CavesOfOoo.Diagnostics.PerformanceDiagnostics:MeasureStartupPhase(String, ProfilerMarker, Action)
CavesOfOoo.GameBootstrap:DoStart()
CavesOfOoo.GameBootstrap:Start()

[Bootstrap] Step 9/9: Wiring input...
UnityEngine.DebugLogHandler:Internal_Log(LogType, LogOption, String, Object)
CavesOfOoo.GameBootstrap:<DoStart>b__18_8()
CavesOfOoo.Diagnostics.PerformanceDiagnostics:MeasureStartupPhase(String, ProfilerMarker, Action)
CavesOfOoo.GameBootstrap:DoStart()
CavesOfOoo.GameBootstrap:Start()

[ActionMenu:wire] component=True Tilemap=SET BgTilemap=SET PopupCamera=SET
UnityEngine.DebugLogHandler:Internal_Log(LogType, LogOption, String, Object)
CavesOfOoo.GameBootstrap:<DoStart>b__18_8()
CavesOfOoo.Diagnostics.PerformanceDiagnostics:MeasureStartupPhase(String, ProfilerMarker, Action)
CavesOfOoo.GameBootstrap:DoStart()
CavesOfOoo.GameBootstrap:Start()

[Combat] Save detected. Press [C] to continue, [N] for new game.
UnityEngine.DebugLogHandler:Internal_Log(LogType, LogOption, String, Object)
CavesOfOoo.Rendering.BootMenuController:TryActivate(Boolean, Action`1)
CavesOfOoo.GameBootstrap:DoStart()
CavesOfOoo.GameBootstrap:Start()

[Combat] Move with WASD/arrows; bump enemies to attack. [I]nventory, [C] talk, [G]et, [L]ook.
UnityEngine.DebugLogHandler:Internal_Log(LogType, LogOption, String, Object)
CavesOfOoo.Rendering.ControlsReference:PrintBootSummary(Action`1)
CavesOfOoo.GameBootstrap:DoStart()
CavesOfOoo.GameBootstrap:Start()

[Combat] [X] skills, [M] abilities, [F5] save, [F1] full controls.
UnityEngine.DebugLogHandler:Internal_Log(LogType, LogOption, String, Object)
CavesOfOoo.Rendering.ControlsReference:PrintBootSummary(Action`1)
CavesOfOoo.GameBootstrap:DoStart()
CavesOfOoo.GameBootstrap:Start()

[Combat] Surface: [< / Shift+,] world map; move to a [!] settlement, [> / Shift+.] enter selected destination.
UnityEngine.DebugLogHandler:Internal_Log(LogType, LogOption, String, Object)
CavesOfOoo.Rendering.ControlsReference:PrintBootSummary(Action`1)
CavesOfOoo.GameBootstrap:DoStart()
CavesOfOoo.GameBootstrap:Start()

[Combat] Villagers have work for you — press [Q] for your quest log.
UnityEngine.DebugLogHandler:Internal_Log(LogType, LogOption, String, Object)
CavesOfOoo.GameBootstrap:DoStart()
CavesOfOoo.GameBootstrap:Start()

[Bootstrap] DONE. Zone has 2722 entities. WASD/arrows to move.
UnityEngine.DebugLogHandler:Internal_Log(LogType, LogOption, String, Object)
CavesOfOoo.GameBootstrap:DoStart()
CavesOfOoo.GameBootstrap:Start()

[Combat] ÍÍÍÍÍÍÍÍÍÍÍÍÍÍÍÍÍÍÍÍÍÍÍÍÍÍÍÍÍÍÍÍÍÍÍÍÍÍÍÍ
UnityEngine.DebugLogHandler:Internal_Log(LogType, LogOption, String, Object)
CavesOfOoo.Core.TurnManager:EndTurn(Entity, Zone)
CavesOfOoo.Rendering.InputHandler:EndTurnAndProcess()
CavesOfOoo.Rendering.InputHandler:Update()

[Combat] Perret Wethand, villager [left hand: fist] hits marlback scrabbler in the right hand for 1 damage! (14 HP remaining)
UnityEngine.DebugLogHandler:Internal_Log(LogType, LogOption, String, Object)
CavesOfOoo.Core.CombatSystem:PerformSingleAttack(Entity, Entity, MeleeWeaponPart, Boolean, Zone, Random, String)
CavesOfOoo.Core.CombatSystem:PerformBodyPartAwareAttack(Entity, Entity, Body, Zone, Random, Boolean)
CavesOfOoo.Core.CombatSystem:PerformMeleeAttackCore(Entity, Entity, Zone, Random, Boolean)
CavesOfOoo.Core.KillGoal:TakeAction()
CavesOfOoo.Core.BrainPart:HandleTakeTurn()
CavesOfOoo.Core.Entity:FireEvent(GameEvent)
CavesOfOoo.Core.Entity:FireEventAndRelease(GameEvent)
CavesOfOoo.Core.TurnManager:ProcessUntilPlayerTurn()
CavesOfOoo.Rendering.InputHandler:EndTurnAndProcess()
CavesOfOoo.Rendering.InputHandler:Update()

[Combat] Perret Wethand, villager [right hand: fist] CRITICALLY hits marlback scrabbler in the left arm for 4 damage! (10 HP remaining)
UnityEngine.DebugLogHandler:Internal_Log(LogType, LogOption, String, Object)
CavesOfOoo.Core.CombatSystem:PerformSingleAttack(Entity, Entity, MeleeWeaponPart, Boolean, Zone, Random, String)
CavesOfOoo.Core.CombatSystem:PerformBodyPartAwareAttack(Entity, Entity, Body, Zone, Random, Boolean)
CavesOfOoo.Core.CombatSystem:PerformMeleeAttackCore(Entity, Entity, Zone, Random, Boolean)
CavesOfOoo.Core.KillGoal:TakeAction()
CavesOfOoo.Core.BrainPart:HandleTakeTurn()
CavesOfOoo.Core.Entity:FireEvent(GameEvent)
CavesOfOoo.Core.Entity:FireEventAndRelease(GameEvent)
CavesOfOoo.Core.TurnManager:ProcessUntilPlayerTurn()
CavesOfOoo.Rendering.InputHandler:EndTurnAndProcess()
CavesOfOoo.Rendering.InputHandler:Update()

[Combat] ÍÍÍÍÍÍÍÍÍÍÍÍÍÍÍÍÍÍÍÍÍÍÍÍÍÍÍÍÍÍÍÍÍÍÍÍÍÍÍÍ
UnityEngine.DebugLogHandler:Internal_Log(LogType, LogOption, String, Object)
CavesOfOoo.Core.TurnManager:EndTurn(Entity, Zone)
CavesOfOoo.Core.TurnManager:ProcessUntilPlayerTurn()
CavesOfOoo.Rendering.InputHandler:EndTurnAndProcess()
CavesOfOoo.Rendering.InputHandler:Update()

