SpreadExplorationActorPlacementTests.CallbackOwnedRelocationIsNotOverwrittenByRollback
SpreadExplorationActorPlacementTests.ChangedSourceInsideAuthorityCallbackRejectsBeforeCommit(False)
SpreadExplorationActorPlacementTests.ChangedSourceInsideAuthorityCallbackRejectsBeforeCommit(True)
SpreadExplorationActorPlacementTests.ConsumedReserveCannotBeSelected
SpreadExplorationActorPlacementTests.ExistingConfiguredDutyCannotBeResetByPlacement
SpreadExplorationActorPlacementTests.FinalAuthorityRefusalRestoresOnlyTheOwnedActorAndRole(False)
SpreadExplorationActorPlacementTests.FinalAuthorityRefusalRestoresOnlyTheOwnedActorAndRole(True)
SpreadExplorationActorPlacementTests.GleaningsConfiguresTheSameFactoryRoleAndTwoExistingFiniteRows
SpreadExplorationActorPlacementTests.NoActualBorderApproachRejectsTerritoryInsteadOfClaimingBypass
SpreadExplorationActorPlacementTests.NoPostIsAnHonestTerritoryRefusal
SpreadExplorationActorPlacementTests.NullGuardFailsClosedWithoutTouchingTheActor(False)
SpreadExplorationActorPlacementTests.NullGuardFailsClosedWithoutTouchingTheActor(True)
SpreadExplorationActorPlacementTests.RefusedAuthorityDoesNotMoveOrConfigureAnyOwner(False)
SpreadExplorationActorPlacementTests.RefusedAuthorityDoesNotMoveOrConfigureAnyOwner(True)
SpreadExplorationActorPlacementTests.RemovedActorAndSameIdReplacementAreNeverReclaimed
SpreadExplorationActorPlacementTests.SealedReservedRowDoesNotCountAsPlayerAccessibleFood
SpreadExplorationActorPlacementTests.SingleLaneThroughTheProposedTerritoryIsNotABypass
SpreadExplorationActorPlacementTests.SingleRemainingRowRefusesWithoutFabricatingOrConfiguringFood
SpreadExplorationActorPlacementTests.TerritoryUsesExactExistingActorAndPostWithInteriorWarningBoundary
  Overall result: Failed
  Test Count: 19, Passed: 0, Failed: 19, Warnings: 0, Inconclusive: 0, Skipped: 0
