SpreadExplorationActorPlacementTests.FinalCallbackCannotBorrowAnAlteredActorLoadoutOrState(False,"units")
SpreadExplorationActorPlacementTests.FinalCallbackCannotBorrowAnAlteredActorLoadoutOrState(True,"units")
SpreadExplorationActorPlacementTests.FinalCallbackCannotBorrowAnAlteredActorLoadoutOrState(False,"carried")
SpreadExplorationActorPlacementTests.FinalCallbackCannotBorrowAnAlteredActorLoadoutOrState(True,"carried")
SpreadExplorationActorPlacementTests.FinalCallbackCannotBorrowAnAlteredActorLoadoutOrState(False,"equipped")
SpreadExplorationActorPlacementTests.FinalCallbackCannotBorrowAnAlteredActorLoadoutOrState(True,"equipped")
SpreadExplorationActorPlacementTests.FinalCallbackCannotBorrowAnAlteredActorLoadoutOrState(False,"body")
SpreadExplorationActorPlacementTests.FinalCallbackCannotBorrowAnAlteredActorLoadoutOrState(True,"body")
SpreadExplorationActorPlacementTests.FinalCallbackCannotBorrowAnAlteredActorLoadoutOrState(False,"stat")
SpreadExplorationActorPlacementTests.FinalCallbackCannotBorrowAnAlteredActorLoadoutOrState(True,"stat")
SpreadExplorationActorPlacementTests.FinalCallbackCannotBorrowAnAlteredActorLoadoutOrState(False,"property")
SpreadExplorationActorPlacementTests.FinalCallbackCannotBorrowAnAlteredActorLoadoutOrState(True,"property")
SpreadExplorationActorPlacementTests.FinalCallbackCannotBorrowAnAlteredActorLoadoutOrState(False,"part-field")
SpreadExplorationActorPlacementTests.FinalCallbackCannotBorrowAnAlteredActorLoadoutOrState(True,"part-field")
SpreadExplorationActorPlacementTests.FinalCallbackCannotBorrowAnAlteredActorLoadoutOrState(False,"part-added")
SpreadExplorationActorPlacementTests.FinalCallbackCannotBorrowAnAlteredActorLoadoutOrState(True,"part-added")
SpreadExplorationActorPlacementTests.FinalCallbackCannotBorrowAnAlteredActorLoadoutOrState(False,"child-owner")
SpreadExplorationActorPlacementTests.FinalCallbackCannotBorrowAnAlteredActorLoadoutOrState(True,"child-owner")
  Overall result: Failed
  Test Count: 45, Passed: 27, Failed: 18, Warnings: 0, Inconclusive: 0, Skipped: 0
