NUnitLite 3.14.0 (.NET Standard 2.0)
Copyright (c) 2023 Charlie Poole, Rob Prouse

Runtime Environment
   OS Version: macOS 26.0.0
  CLR Version: 10.0.5

Test Files
    /private/tmp/coo-questfree-implementation/manifest/runner/bin/Debug/net8.0/EditModeRunner.dll

Test Discovery
  Start time: 2026-09-28 01:56:23Z
    End time: 2026-09-28 01:56:23Z
    Duration: 0.026 seconds

Test Filters
    Where: class == CavesOfOoo.Tests.SpreadExplorationManifestTests

Errors, Failures and Warnings

1) Failed : CavesOfOoo.Tests.SpreadExplorationManifestTests.ActiveCatalogIsClosedAndSameNonquietFamilyNeverTouchesAnEdge(1)
  Missing exploration API.
  Expected: not null
  But was:  null
   at CavesOfOoo.Tests.SpreadExplorationManifestTests.Invoke(MethodInfo m, Object owner, Object[] args) in /tmp/coo-questfree-implementation/manifest/SpreadExplorationManifestTests.cs:line 36
   at CavesOfOoo.Tests.SpreadExplorationManifestTests.Fresh(Int32 seed) in /tmp/coo-questfree-implementation/manifest/SpreadExplorationManifestTests.cs:line 45
   at CavesOfOoo.Tests.SpreadExplorationManifestTests.ActiveCatalogIsClosedAndSameNonquietFamilyNeverTouchesAnEdge(Int32 seed) in /tmp/coo-questfree-implementation/manifest/SpreadExplorationManifestTests.cs:line 83

2) Failed : CavesOfOoo.Tests.SpreadExplorationManifestTests.ActiveCatalogIsClosedAndSameNonquietFamilyNeverTouchesAnEdge(64)
  Missing exploration API.
  Expected: not null
  But was:  null
   at CavesOfOoo.Tests.SpreadExplorationManifestTests.Invoke(MethodInfo m, Object owner, Object[] args) in /tmp/coo-questfree-implementation/manifest/SpreadExplorationManifestTests.cs:line 36
   at CavesOfOoo.Tests.SpreadExplorationManifestTests.Fresh(Int32 seed) in /tmp/coo-questfree-implementation/manifest/SpreadExplorationManifestTests.cs:line 45
   at CavesOfOoo.Tests.SpreadExplorationManifestTests.ActiveCatalogIsClosedAndSameNonquietFamilyNeverTouchesAnEdge(Int32 seed) in /tmp/coo-questfree-implementation/manifest/SpreadExplorationManifestTests.cs:line 83
   at InvokeStub_SpreadExplorationManifestTests.ActiveCatalogIsClosedAndSameNonquietFamilyNeverTouchesAnEdge(Object, Span`1)

3) Failed : CavesOfOoo.Tests.SpreadExplorationManifestTests.ActiveCatalogIsClosedAndSameNonquietFamilyNeverTouchesAnEdge(1729)
  Missing exploration API.
  Expected: not null
  But was:  null
   at CavesOfOoo.Tests.SpreadExplorationManifestTests.Invoke(MethodInfo m, Object owner, Object[] args) in /tmp/coo-questfree-implementation/manifest/SpreadExplorationManifestTests.cs:line 36
   at CavesOfOoo.Tests.SpreadExplorationManifestTests.Fresh(Int32 seed) in /tmp/coo-questfree-implementation/manifest/SpreadExplorationManifestTests.cs:line 45
   at CavesOfOoo.Tests.SpreadExplorationManifestTests.ActiveCatalogIsClosedAndSameNonquietFamilyNeverTouchesAnEdge(Int32 seed) in /tmp/coo-questfree-implementation/manifest/SpreadExplorationManifestTests.cs:line 83
   at InvokeStub_SpreadExplorationManifestTests.ActiveCatalogIsClosedAndSameNonquietFamilyNeverTouchesAnEdge(Object, Span`1)

4) Failed : CavesOfOoo.Tests.SpreadExplorationManifestTests.AnUncommittedSameIdGraphCannotGainRetentionByBeingAttached
  Missing exploration API.
  Expected: not null
  But was:  null
   at CavesOfOoo.Tests.SpreadExplorationManifestTests.Invoke(MethodInfo m, Object owner, Object[] args) in /tmp/coo-questfree-implementation/manifest/SpreadExplorationManifestTests.cs:line 36
   at CavesOfOoo.Tests.SpreadExplorationManifestTests.Fresh(Int32 seed) in /tmp/coo-questfree-implementation/manifest/SpreadExplorationManifestTests.cs:line 45
   at CavesOfOoo.Tests.SpreadExplorationManifestTests.AnUncommittedSameIdGraphCannotGainRetentionByBeingAttached() in /tmp/coo-questfree-implementation/manifest/SpreadExplorationManifestTests.cs:line 162

5) Failed : CavesOfOoo.Tests.SpreadExplorationManifestTests.AssignmentIsFrozenAcrossReverseReadsAndActualGenerationOrder(1)
  Missing exploration API.
  Expected: not null
  But was:  null
   at CavesOfOoo.Tests.SpreadExplorationManifestTests.Invoke(MethodInfo m, Object owner, Object[] args) in /tmp/coo-questfree-implementation/manifest/SpreadExplorationManifestTests.cs:line 36
   at CavesOfOoo.Tests.SpreadExplorationManifestTests.Fresh(Int32 seed) in /tmp/coo-questfree-implementation/manifest/SpreadExplorationManifestTests.cs:line 45
   at CavesOfOoo.Tests.SpreadExplorationManifestTests.AssignmentIsFrozenAcrossReverseReadsAndActualGenerationOrder(Int32 seed) in /tmp/coo-questfree-implementation/manifest/SpreadExplorationManifestTests.cs:line 73

6) Failed : CavesOfOoo.Tests.SpreadExplorationManifestTests.AssignmentIsFrozenAcrossReverseReadsAndActualGenerationOrder(64)
  Missing exploration API.
  Expected: not null
  But was:  null
   at CavesOfOoo.Tests.SpreadExplorationManifestTests.Invoke(MethodInfo m, Object owner, Object[] args) in /tmp/coo-questfree-implementation/manifest/SpreadExplorationManifestTests.cs:line 36
   at CavesOfOoo.Tests.SpreadExplorationManifestTests.Fresh(Int32 seed) in /tmp/coo-questfree-implementation/manifest/SpreadExplorationManifestTests.cs:line 45
   at CavesOfOoo.Tests.SpreadExplorationManifestTests.AssignmentIsFrozenAcrossReverseReadsAndActualGenerationOrder(Int32 seed) in /tmp/coo-questfree-implementation/manifest/SpreadExplorationManifestTests.cs:line 73
   at InvokeStub_SpreadExplorationManifestTests.AssignmentIsFrozenAcrossReverseReadsAndActualGenerationOrder(Object, Span`1)

7) Failed : CavesOfOoo.Tests.SpreadExplorationManifestTests.AssignmentIsFrozenAcrossReverseReadsAndActualGenerationOrder(1729)
  Missing exploration API.
  Expected: not null
  But was:  null
   at CavesOfOoo.Tests.SpreadExplorationManifestTests.Invoke(MethodInfo m, Object owner, Object[] args) in /tmp/coo-questfree-implementation/manifest/SpreadExplorationManifestTests.cs:line 36
   at CavesOfOoo.Tests.SpreadExplorationManifestTests.Fresh(Int32 seed) in /tmp/coo-questfree-implementation/manifest/SpreadExplorationManifestTests.cs:line 45
   at CavesOfOoo.Tests.SpreadExplorationManifestTests.AssignmentIsFrozenAcrossReverseReadsAndActualGenerationOrder(Int32 seed) in /tmp/coo-questfree-implementation/manifest/SpreadExplorationManifestTests.cs:line 73
   at InvokeStub_SpreadExplorationManifestTests.AssignmentIsFrozenAcrossReverseReadsAndActualGenerationOrder(Object, Span`1)

8) Failed : CavesOfOoo.Tests.SpreadExplorationManifestTests.CompletedGraphRemainsRetainedAfterItsCurrentMapEligibilityChanges
  Missing exploration API.
  Expected: not null
  But was:  null
   at CavesOfOoo.Tests.SpreadExplorationManifestTests.Invoke(MethodInfo m, Object owner, Object[] args) in /tmp/coo-questfree-implementation/manifest/SpreadExplorationManifestTests.cs:line 36
   at CavesOfOoo.Tests.SpreadExplorationManifestTests.Fresh(Int32 seed) in /tmp/coo-questfree-implementation/manifest/SpreadExplorationManifestTests.cs:line 45
   at CavesOfOoo.Tests.SpreadExplorationManifestTests.CompletedGraphRemainsRetainedAfterItsCurrentMapEligibilityChanges() in /tmp/coo-questfree-implementation/manifest/SpreadExplorationManifestTests.cs:line 167

9) Failed : CavesOfOoo.Tests.SpreadExplorationManifestTests.CorruptOrFutureMetadataRejectsWholeCandidateInsteadOfLegacyFallback("")
  Expected: <System.IO.InvalidDataException>
  But was:  null
   at CavesOfOoo.Tests.SpreadExplorationManifestTests.CorruptOrFutureMetadataRejectsWholeCandidateInsteadOfLegacyFallback(String value) in /tmp/coo-questfree-implementation/manifest/SpreadExplorationManifestTests.cs:line 136

10) Failed : CavesOfOoo.Tests.SpreadExplorationManifestTests.CorruptOrFutureMetadataRejectsWholeCandidateInsteadOfLegacyFallback("3|64|0")
  Expected: <System.IO.InvalidDataException>
  But was:  null
   at CavesOfOoo.Tests.SpreadExplorationManifestTests.CorruptOrFutureMetadataRejectsWholeCandidateInsteadOfLegacyFallback(String value) in /tmp/coo-questfree-implementation/manifest/SpreadExplorationManifestTests.cs:line 136
   at InvokeStub_SpreadExplorationManifestTests.CorruptOrFutureMetadataRejectsWholeCandidateInsteadOfLegacyFallback(Object, Span`1)

11) Failed : CavesOfOoo.Tests.SpreadExplorationManifestTests.CorruptOrFutureMetadataRejectsWholeCandidateInsteadOfLegacyFallback("2|64|1\nOverworld.999.1.0|3|1|0|0")
  Expected: <System.IO.InvalidDataException>
  But was:  null
   at CavesOfOoo.Tests.SpreadExplorationManifestTests.CorruptOrFutureMetadataRejectsWholeCandidateInsteadOfLegacyFallback(String value) in /tmp/coo-questfree-implementation/manifest/SpreadExplorationManifestTests.cs:line 136
   at InvokeStub_SpreadExplorationManifestTests.CorruptOrFutureMetadataRejectsWholeCandidateInsteadOfLegacyFallback(Object, Span`1)

12) Failed : CavesOfOoo.Tests.SpreadExplorationManifestTests.CreationUsesActualMapAndFrozenPlanDoesNotMutateWhenMapLaterChanges("biome")
  Missing exploration API.
  Expected: not null
  But was:  null
   at CavesOfOoo.Tests.SpreadExplorationManifestTests.Invoke(MethodInfo m, Object owner, Object[] args) in /tmp/coo-questfree-implementation/manifest/SpreadExplorationManifestTests.cs:line 36
   at CavesOfOoo.Tests.SpreadExplorationManifestTests.Fresh(Int32 seed) in /tmp/coo-questfree-implementation/manifest/SpreadExplorationManifestTests.cs:line 45
   at CavesOfOoo.Tests.SpreadExplorationManifestTests.CreationUsesActualMapAndFrozenPlanDoesNotMutateWhenMapLaterChanges(String kind) in /tmp/coo-questfree-implementation/manifest/SpreadExplorationManifestTests.cs:line 102

13) Failed : CavesOfOoo.Tests.SpreadExplorationManifestTests.CreationUsesActualMapAndFrozenPlanDoesNotMutateWhenMapLaterChanges("poi")
  Missing exploration API.
  Expected: not null
  But was:  null
   at CavesOfOoo.Tests.SpreadExplorationManifestTests.Invoke(MethodInfo m, Object owner, Object[] args) in /tmp/coo-questfree-implementation/manifest/SpreadExplorationManifestTests.cs:line 36
   at CavesOfOoo.Tests.SpreadExplorationManifestTests.Fresh(Int32 seed) in /tmp/coo-questfree-implementation/manifest/SpreadExplorationManifestTests.cs:line 45
   at CavesOfOoo.Tests.SpreadExplorationManifestTests.CreationUsesActualMapAndFrozenPlanDoesNotMutateWhenMapLaterChanges(String kind) in /tmp/coo-questfree-implementation/manifest/SpreadExplorationManifestTests.cs:line 102
   at InvokeStub_SpreadExplorationManifestTests.CreationUsesActualMapAndFrozenPlanDoesNotMutateWhenMapLaterChanges(Object, Span`1)

14) Failed : CavesOfOoo.Tests.SpreadExplorationManifestTests.FreshExplicitManifestIsFiniteColdAndDoesNotConsumeSourceRng(1)
  Missing exploration API.
  Expected: not null
  But was:  null
   at CavesOfOoo.Tests.SpreadExplorationManifestTests.Invoke(MethodInfo m, Object owner, Object[] args) in /tmp/coo-questfree-implementation/manifest/SpreadExplorationManifestTests.cs:line 36
   at CavesOfOoo.Tests.SpreadExplorationManifestTests.Fresh(Int32 seed) in /tmp/coo-questfree-implementation/manifest/SpreadExplorationManifestTests.cs:line 45
   at CavesOfOoo.Tests.SpreadExplorationManifestTests.FreshExplicitManifestIsFiniteColdAndDoesNotConsumeSourceRng(Int32 seed) in /tmp/coo-questfree-implementation/manifest/SpreadExplorationManifestTests.cs:line 63

15) Failed : CavesOfOoo.Tests.SpreadExplorationManifestTests.FreshExplicitManifestIsFiniteColdAndDoesNotConsumeSourceRng(64)
  Missing exploration API.
  Expected: not null
  But was:  null
   at CavesOfOoo.Tests.SpreadExplorationManifestTests.Invoke(MethodInfo m, Object owner, Object[] args) in /tmp/coo-questfree-implementation/manifest/SpreadExplorationManifestTests.cs:line 36
   at CavesOfOoo.Tests.SpreadExplorationManifestTests.Fresh(Int32 seed) in /tmp/coo-questfree-implementation/manifest/SpreadExplorationManifestTests.cs:line 45
   at CavesOfOoo.Tests.SpreadExplorationManifestTests.FreshExplicitManifestIsFiniteColdAndDoesNotConsumeSourceRng(Int32 seed) in /tmp/coo-questfree-implementation/manifest/SpreadExplorationManifestTests.cs:line 63
   at InvokeStub_SpreadExplorationManifestTests.FreshExplicitManifestIsFiniteColdAndDoesNotConsumeSourceRng(Object, Span`1)

16) Failed : CavesOfOoo.Tests.SpreadExplorationManifestTests.FreshExplicitManifestIsFiniteColdAndDoesNotConsumeSourceRng(1729)
  Missing exploration API.
  Expected: not null
  But was:  null
   at CavesOfOoo.Tests.SpreadExplorationManifestTests.Invoke(MethodInfo m, Object owner, Object[] args) in /tmp/coo-questfree-implementation/manifest/SpreadExplorationManifestTests.cs:line 36
   at CavesOfOoo.Tests.SpreadExplorationManifestTests.Fresh(Int32 seed) in /tmp/coo-questfree-implementation/manifest/SpreadExplorationManifestTests.cs:line 45
   at CavesOfOoo.Tests.SpreadExplorationManifestTests.FreshExplicitManifestIsFiniteColdAndDoesNotConsumeSourceRng(Int32 seed) in /tmp/coo-questfree-implementation/manifest/SpreadExplorationManifestTests.cs:line 63
   at InvokeStub_SpreadExplorationManifestTests.FreshExplicitManifestIsFiniteColdAndDoesNotConsumeSourceRng(Object, Span`1)

17) Failed : CavesOfOoo.Tests.SpreadExplorationManifestTests.InvalidReadDoesNotCreateOrResolveAnAddress(null)
  Missing exploration API.
  Expected: not null
  But was:  null
   at CavesOfOoo.Tests.SpreadExplorationManifestTests.Invoke(MethodInfo m, Object owner, Object[] args) in /tmp/coo-questfree-implementation/manifest/SpreadExplorationManifestTests.cs:line 36
   at CavesOfOoo.Tests.SpreadExplorationManifestTests.Fresh(Int32 seed) in /tmp/coo-questfree-implementation/manifest/SpreadExplorationManifestTests.cs:line 45
   at CavesOfOoo.Tests.SpreadExplorationManifestTests.InvalidReadDoesNotCreateOrResolveAnAddress(String id) in /tmp/coo-questfree-implementation/manifest/SpreadExplorationManifestTests.cs:line 116

18) Failed : CavesOfOoo.Tests.SpreadExplorationManifestTests.InvalidReadDoesNotCreateOrResolveAnAddress("")
  Missing exploration API.
  Expected: not null
  But was:  null
   at CavesOfOoo.Tests.SpreadExplorationManifestTests.Invoke(MethodInfo m, Object owner, Object[] args) in /tmp/coo-questfree-implementation/manifest/SpreadExplorationManifestTests.cs:line 36
   at CavesOfOoo.Tests.SpreadExplorationManifestTests.Fresh(Int32 seed) in /tmp/coo-questfree-implementation/manifest/SpreadExplorationManifestTests.cs:line 45
   at CavesOfOoo.Tests.SpreadExplorationManifestTests.InvalidReadDoesNotCreateOrResolveAnAddress(String id) in /tmp/coo-questfree-implementation/manifest/SpreadExplorationManifestTests.cs:line 116
   at InvokeStub_SpreadExplorationManifestTests.InvalidReadDoesNotCreateOrResolveAnAddress(Object, Span`1)

19) Failed : CavesOfOoo.Tests.SpreadExplorationManifestTests.InvalidReadDoesNotCreateOrResolveAnAddress("Overworld.01.1.0")
  Missing exploration API.
  Expected: not null
  But was:  null
   at CavesOfOoo.Tests.SpreadExplorationManifestTests.Invoke(MethodInfo m, Object owner, Object[] args) in /tmp/coo-questfree-implementation/manifest/SpreadExplorationManifestTests.cs:line 36
   at CavesOfOoo.Tests.SpreadExplorationManifestTests.Fresh(Int32 seed) in /tmp/coo-questfree-implementation/manifest/SpreadExplorationManifestTests.cs:line 45
   at CavesOfOoo.Tests.SpreadExplorationManifestTests.InvalidReadDoesNotCreateOrResolveAnAddress(String id) in /tmp/coo-questfree-implementation/manifest/SpreadExplorationManifestTests.cs:line 116
   at InvokeStub_SpreadExplorationManifestTests.InvalidReadDoesNotCreateOrResolveAnAddress(Object, Span`1)

20) Failed : CavesOfOoo.Tests.SpreadExplorationManifestTests.InvalidReadDoesNotCreateOrResolveAnAddress("Overworld.1.1.1")
  Missing exploration API.
  Expected: not null
  But was:  null
   at CavesOfOoo.Tests.SpreadExplorationManifestTests.Invoke(MethodInfo m, Object owner, Object[] args) in /tmp/coo-questfree-implementation/manifest/SpreadExplorationManifestTests.cs:line 36
   at CavesOfOoo.Tests.SpreadExplorationManifestTests.Fresh(Int32 seed) in /tmp/coo-questfree-implementation/manifest/SpreadExplorationManifestTests.cs:line 45
   at CavesOfOoo.Tests.SpreadExplorationManifestTests.InvalidReadDoesNotCreateOrResolveAnAddress(String id) in /tmp/coo-questfree-implementation/manifest/SpreadExplorationManifestTests.cs:line 116
   at InvokeStub_SpreadExplorationManifestTests.InvalidReadDoesNotCreateOrResolveAnAddress(Object, Span`1)

21) Failed : CavesOfOoo.Tests.SpreadExplorationManifestTests.InvalidReadDoesNotCreateOrResolveAnAddress("Overworld.20.1.0")
  Missing exploration API.
  Expected: not null
  But was:  null
   at CavesOfOoo.Tests.SpreadExplorationManifestTests.Invoke(MethodInfo m, Object owner, Object[] args) in /tmp/coo-questfree-implementation/manifest/SpreadExplorationManifestTests.cs:line 36
   at CavesOfOoo.Tests.SpreadExplorationManifestTests.Fresh(Int32 seed) in /tmp/coo-questfree-implementation/manifest/SpreadExplorationManifestTests.cs:line 45
   at CavesOfOoo.Tests.SpreadExplorationManifestTests.InvalidReadDoesNotCreateOrResolveAnAddress(String id) in /tmp/coo-questfree-implementation/manifest/SpreadExplorationManifestTests.cs:line 116
   at InvokeStub_SpreadExplorationManifestTests.InvalidReadDoesNotCreateOrResolveAnAddress(Object, Span`1)

22) Failed : CavesOfOoo.Tests.SpreadExplorationManifestTests.LostInstalledGraphCannotRegenerateOrSerializeAsAReplacement("removed")
  Missing exploration API.
  Expected: not null
  But was:  null
   at CavesOfOoo.Tests.SpreadExplorationManifestTests.Invoke(MethodInfo m, Object owner, Object[] args) in /tmp/coo-questfree-implementation/manifest/SpreadExplorationManifestTests.cs:line 36
   at CavesOfOoo.Tests.SpreadExplorationManifestTests.Fresh(Int32 seed) in /tmp/coo-questfree-implementation/manifest/SpreadExplorationManifestTests.cs:line 45
   at CavesOfOoo.Tests.SpreadExplorationManifestTests.LostInstalledGraphCannotRegenerateOrSerializeAsAReplacement(String mode) in /tmp/coo-questfree-implementation/manifest/SpreadExplorationManifestTests.cs:line 156

23) Failed : CavesOfOoo.Tests.SpreadExplorationManifestTests.LostInstalledGraphCannotRegenerateOrSerializeAsAReplacement("same-id-clone")
  Missing exploration API.
  Expected: not null
  But was:  null
   at CavesOfOoo.Tests.SpreadExplorationManifestTests.Invoke(MethodInfo m, Object owner, Object[] args) in /tmp/coo-questfree-implementation/manifest/SpreadExplorationManifestTests.cs:line 36
   at CavesOfOoo.Tests.SpreadExplorationManifestTests.Fresh(Int32 seed) in /tmp/coo-questfree-implementation/manifest/SpreadExplorationManifestTests.cs:line 45
   at CavesOfOoo.Tests.SpreadExplorationManifestTests.LostInstalledGraphCannotRegenerateOrSerializeAsAReplacement(String mode) in /tmp/coo-questfree-implementation/manifest/SpreadExplorationManifestTests.cs:line 156
   at InvokeStub_SpreadExplorationManifestTests.LostInstalledGraphCannotRegenerateOrSerializeAsAReplacement(Object, Span`1)

24) Failed : CavesOfOoo.Tests.SpreadExplorationManifestTests.MissingLegacyMetadataCannotKeepRestoreConstructorsFreshPlan
  Missing Exploration
  Expected: not null
  But was:  null
   at CavesOfOoo.Tests.SpreadExplorationManifestTests.Value(Object owner, String name) in /tmp/coo-questfree-implementation/manifest/SpreadExplorationManifestTests.cs:line 38
   at CavesOfOoo.Tests.SpreadExplorationManifestTests.Plan(OverworldZoneManager m) in /tmp/coo-questfree-implementation/manifest/SpreadExplorationManifestTests.cs:line 39
   at CavesOfOoo.Tests.SpreadExplorationManifestTests.MissingLegacyMetadataCannotKeepRestoreConstructorsFreshPlan() in /tmp/coo-questfree-implementation/manifest/SpreadExplorationManifestTests.cs:line 129

25) Failed : CavesOfOoo.Tests.SpreadExplorationManifestTests.NoEligibleCellsProducesValidEmptyManifestWithoutRerollOnLoad
  Missing exploration API.
  Expected: not null
  But was:  null
   at CavesOfOoo.Tests.SpreadExplorationManifestTests.Invoke(MethodInfo m, Object owner, Object[] args) in /tmp/coo-questfree-implementation/manifest/SpreadExplorationManifestTests.cs:line 36
   at CavesOfOoo.Tests.SpreadExplorationManifestTests.Fresh(Int32 seed) in /tmp/coo-questfree-implementation/manifest/SpreadExplorationManifestTests.cs:line 45
   at CavesOfOoo.Tests.SpreadExplorationManifestTests.NoEligibleCellsProducesValidEmptyManifestWithoutRerollOnLoad() in /tmp/coo-questfree-implementation/manifest/SpreadExplorationManifestTests.cs:line 109

26) Failed : CavesOfOoo.Tests.SpreadExplorationManifestTests.OptedInOrdinaryGraphAndConnectionsSurviveExplicitUnloadAfterMutation
  Missing exploration API.
  Expected: not null
  But was:  null
   at CavesOfOoo.Tests.SpreadExplorationManifestTests.Invoke(MethodInfo m, Object owner, Object[] args) in /tmp/coo-questfree-implementation/manifest/SpreadExplorationManifestTests.cs:line 36
   at CavesOfOoo.Tests.SpreadExplorationManifestTests.Fresh(Int32 seed) in /tmp/coo-questfree-implementation/manifest/SpreadExplorationManifestTests.cs:line 45
   at CavesOfOoo.Tests.SpreadExplorationManifestTests.OptedInOrdinaryGraphAndConnectionsSurviveExplicitUnloadAfterMutation() in /tmp/coo-questfree-implementation/manifest/SpreadExplorationManifestTests.cs:line 140

27) Failed : CavesOfOoo.Tests.SpreadExplorationManifestTests.ProtectedOrdinaryGraphsRetainWithoutReceivingNewPlacement
  Missing exploration API.
  Expected: not null
  But was:  null
   at CavesOfOoo.Tests.SpreadExplorationManifestTests.Invoke(MethodInfo m, Object owner, Object[] args) in /tmp/coo-questfree-implementation/manifest/SpreadExplorationManifestTests.cs:line 36
   at CavesOfOoo.Tests.SpreadExplorationManifestTests.Fresh(Int32 seed) in /tmp/coo-questfree-implementation/manifest/SpreadExplorationManifestTests.cs:line 45
   at CavesOfOoo.Tests.SpreadExplorationManifestTests.ProtectedOrdinaryGraphsRetainWithoutReceivingNewPlacement() in /tmp/coo-questfree-implementation/manifest/SpreadExplorationManifestTests.cs:line 93

28) Failed : CavesOfOoo.Tests.SpreadExplorationManifestTests.SavedAwayGraphRetainsExactPartialStockAndDoesNotRefillAfterUnload
  Missing exploration API.
  Expected: not null
  But was:  null
   at CavesOfOoo.Tests.SpreadExplorationManifestTests.Invoke(MethodInfo m, Object owner, Object[] args) in /tmp/coo-questfree-implementation/manifest/SpreadExplorationManifestTests.cs:line 36
   at CavesOfOoo.Tests.SpreadExplorationManifestTests.Fresh(Int32 seed) in /tmp/coo-questfree-implementation/manifest/SpreadExplorationManifestTests.cs:line 45
   at CavesOfOoo.Tests.SpreadExplorationManifestTests.SavedAwayGraphRetainsExactPartialStockAndDoesNotRefillAfterUnload() in /tmp/coo-questfree-implementation/manifest/SpreadExplorationManifestTests.cs:line 146

Run Settings
    Number of Test Workers: 1
    Work Directory: /Users/steven/caves-of-ooo
    Internal Trace: Off

Test Run Summary
  Overall result: Failed
  Test Count: 29, Passed: 1, Failed: 28, Warnings: 0, Inconclusive: 0, Skipped: 0
    Failed Tests - Failures: 28, Errors: 0, Invalid: 0
  Start time: 2026-09-28 01:56:23Z
    End time: 2026-09-28 01:56:23Z
    Duration: 0.632 seconds

Results (nunit3) saved as /tmp/coo-questfree-implementation/manifest/manifest-red.xml
