/Users/steven/caves-of-ooo/Assets/Scripts/Gameplay/Effects/Concrete/PoisonedByGasEffect.cs(39,23): warning CS0108: 'PoisonedByGasEffect.Owner' hides inherited member 'Effect.Owner'. Use the new keyword if hiding was intended. [/tmp/coo-questfree-implementation/cooking/activation/runner/EditModeRunner.csproj]
/Users/steven/caves-of-ooo/Assets/Scripts/Gameplay/Effects/Concrete/CoatedInPlasmaEffect.cs(44,23): warning CS0108: 'CoatedInPlasmaEffect.Owner' hides inherited member 'Effect.Owner'. Use the new keyword if hiding was intended. [/tmp/coo-questfree-implementation/cooking/activation/runner/EditModeRunner.csproj]
/Users/steven/caves-of-ooo/Assets/Scripts/Gameplay/Save/SaveSystem.cs(1555,34): warning SYSLIB0050: 'FormatterServices' is obsolete: 'Formatter-based serialization is obsolete and should not be used.' (https://aka.ms/dotnet-warnings/SYSLIB0050) [/tmp/coo-questfree-implementation/cooking/activation/runner/EditModeRunner.csproj]
/Users/steven/caves-of-ooo/Assets/Scripts/Gameplay/Save/SaveSystem.cs(1891,37): warning SYSLIB0050: 'FormatterServices' is obsolete: 'Formatter-based serialization is obsolete and should not be used.' (https://aka.ms/dotnet-warnings/SYSLIB0050) [/tmp/coo-questfree-implementation/cooking/activation/runner/EditModeRunner.csproj]
/Users/steven/caves-of-ooo/Assets/Scripts/Gameplay/Items/ReadableDocumentCatalog.cs(23,47): warning CS0649: Field 'ReadableDocumentCatalog.Row.Text' is never assigned to, and will always have its default value null [/tmp/coo-questfree-implementation/cooking/activation/runner/EditModeRunner.csproj]
/Users/steven/caves-of-ooo/Assets/Scripts/Gameplay/World/MultiCellPilotRuntime.cs(30,31): warning CS0649: Field 'MultiCellPilotRuntime.Placement.blueprint' is never assigned to, and will always have its default value null [/tmp/coo-questfree-implementation/cooking/activation/runner/EditModeRunner.csproj]
/Users/steven/caves-of-ooo/Assets/Scripts/Gameplay/Items/ReadableDocumentCatalog.cs(23,29): warning CS0649: Field 'ReadableDocumentCatalog.Row.Blueprint' is never assigned to, and will always have its default value null [/tmp/coo-questfree-implementation/cooking/activation/runner/EditModeRunner.csproj]
/Users/steven/caves-of-ooo/Assets/Scripts/Gameplay/World/MultiCellPilotRuntime.cs(26,32): warning CS0649: Field 'MultiCellPilotRuntime.Layout.placements' is never assigned to, and will always have its default value null [/tmp/coo-questfree-implementation/cooking/activation/runner/EditModeRunner.csproj]
/Users/steven/caves-of-ooo/Assets/Scripts/Gameplay/Items/ReadableDocumentCatalog.cs(23,25): warning CS0649: Field 'ReadableDocumentCatalog.Row.Id' is never assigned to, and will always have its default value null [/tmp/coo-questfree-implementation/cooking/activation/runner/EditModeRunner.csproj]
/Users/steven/caves-of-ooo/Assets/Scripts/Gameplay/World/MultiCellPilotRuntime.cs(30,61): warning CS0649: Field 'MultiCellPilotRuntime.Placement.role' is never assigned to, and will always have its default value null [/tmp/coo-questfree-implementation/cooking/activation/runner/EditModeRunner.csproj]
/Users/steven/caves-of-ooo/Assets/Scripts/Gameplay/Tinkering/TinkerRecipeRegistry.cs(19,39): warning CS0649: Field 'TinkerRecipeRegistry.TinkerRecipeFileData.Recipes' is never assigned to, and will always have its default value null [/tmp/coo-questfree-implementation/cooking/activation/runner/EditModeRunner.csproj]
/Users/steven/caves-of-ooo/Assets/Scripts/Gameplay/World/MultiCellPilotRuntime.cs(32,32): warning CS0649: Field 'MultiCellPilotRuntime.Placement.opaque' is never assigned to, and will always have its default value false [/tmp/coo-questfree-implementation/cooking/activation/runner/EditModeRunner.csproj]
/Users/steven/caves-of-ooo/Assets/Scripts/Gameplay/World/MultiCellPilotRuntime.cs(25,27): warning CS0649: Field 'MultiCellPilotRuntime.Layout.zoneId' is never assigned to, and will always have its default value null [/tmp/coo-questfree-implementation/cooking/activation/runner/EditModeRunner.csproj]
/Users/steven/caves-of-ooo/Assets/Scripts/Gameplay/Items/ReadableDocumentCatalog.cs(23,53): warning CS0649: Field 'ReadableDocumentCatalog.Row.Source' is never assigned to, and will always have its default value null [/tmp/coo-questfree-implementation/cooking/activation/runner/EditModeRunner.csproj]
/Users/steven/caves-of-ooo/Assets/Scripts/Gameplay/World/MultiCellPilotRuntime.cs(31,24): warning CS0649: Field 'MultiCellPilotRuntime.Placement.x' is never assigned to, and will always have its default value 0 [/tmp/coo-questfree-implementation/cooking/activation/runner/EditModeRunner.csproj]
/Users/steven/caves-of-ooo/Assets/Scripts/Gameplay/Skills/SkillRegistry.cs(37,36): warning CS0649: Field 'SkillRegistry.SkillRegistryFileData.Skills' is never assigned to, and will always have its default value null [/tmp/coo-questfree-implementation/cooking/activation/runner/EditModeRunner.csproj]
/Users/steven/caves-of-ooo/Assets/Scripts/Gameplay/World/MultiCellPilotRuntime.cs(32,40): warning CS0649: Field 'MultiCellPilotRuntime.Placement.destructible' is never assigned to, and will always have its default value false [/tmp/coo-questfree-implementation/cooking/activation/runner/EditModeRunner.csproj]
/Users/steven/caves-of-ooo/Assets/Scripts/Gameplay/Items/ReadableDocumentCatalog.cs(23,40): warning CS0649: Field 'ReadableDocumentCatalog.Row.Title' is never assigned to, and will always have its default value null [/tmp/coo-questfree-implementation/cooking/activation/runner/EditModeRunner.csproj]
/Users/steven/caves-of-ooo/Assets/Scripts/Gameplay/World/MultiCellPilotRuntime.cs(30,42): warning CS0649: Field 'MultiCellPilotRuntime.Placement.modelId' is never assigned to, and will always have its default value null [/tmp/coo-questfree-implementation/cooking/activation/runner/EditModeRunner.csproj]
/Users/steven/caves-of-ooo/Assets/Scripts/Gameplay/World/MultiCellPilotRuntime.cs(31,27): warning CS0649: Field 'MultiCellPilotRuntime.Placement.y' is never assigned to, and will always have its default value 0 [/tmp/coo-questfree-implementation/cooking/activation/runner/EditModeRunner.csproj]
/Users/steven/caves-of-ooo/Assets/Scripts/Gameplay/Alchemy/BrewRuleRegistry.cs(17,35): warning CS0649: Field 'BrewRuleRegistry.BrewRuleFileData.Rules' is never assigned to, and will always have its default value null [/tmp/coo-questfree-implementation/cooking/activation/runner/EditModeRunner.csproj]
/Users/steven/caves-of-ooo/Assets/Scripts/Gameplay/World/MultiCellPilotRuntime.cs(24,39): warning CS0649: Field 'MultiCellPilotRuntime.Layout.width' is never assigned to, and will always have its default value 0 [/tmp/coo-questfree-implementation/cooking/activation/runner/EditModeRunner.csproj]
/Users/steven/caves-of-ooo/Assets/Scripts/Gameplay/World/MultiCellPilotRuntime.cs(30,27): warning CS0649: Field 'MultiCellPilotRuntime.Placement.id' is never assigned to, and will always have its default value null [/tmp/coo-questfree-implementation/cooking/activation/runner/EditModeRunner.csproj]
/Users/steven/caves-of-ooo/Assets/Scripts/Gameplay/World/MultiCellPilotRuntime.cs(24,46): warning CS0649: Field 'MultiCellPilotRuntime.Layout.height' is never assigned to, and will always have its default value 0 [/tmp/coo-questfree-implementation/cooking/activation/runner/EditModeRunner.csproj]
/Users/steven/caves-of-ooo/Assets/Scripts/Gameplay/World/MultiCellPilotRuntime.cs(30,51): warning CS0649: Field 'MultiCellPilotRuntime.Placement.cellsRaw' is never assigned to, and will always have its default value null [/tmp/coo-questfree-implementation/cooking/activation/runner/EditModeRunner.csproj]
/Users/steven/caves-of-ooo/Assets/Scripts/Gameplay/Items/ReadableDocumentCatalog.cs(24,69): warning CS0649: Field 'ReadableDocumentCatalog.FileData.Documents' is never assigned to, and will always have its default value null [/tmp/coo-questfree-implementation/cooking/activation/runner/EditModeRunner.csproj]
/Users/steven/caves-of-ooo/Assets/Scripts/Gameplay/World/MultiCellPilotRuntime.cs(32,25): warning CS0649: Field 'MultiCellPilotRuntime.Placement.solid' is never assigned to, and will always have its default value false [/tmp/coo-questfree-implementation/cooking/activation/runner/EditModeRunner.csproj]
/Users/steven/caves-of-ooo/Assets/Scripts/Gameplay/World/MultiCellPilotRuntime.cs(24,24): warning CS0649: Field 'MultiCellPilotRuntime.Layout.schemaVersion' is never assigned to, and will always have its default value 0 [/tmp/coo-questfree-implementation/cooking/activation/runner/EditModeRunner.csproj]
/Users/steven/caves-of-ooo/Assets/Scripts/Gameplay/Skills/ShortBlades_Backstab.cs(49,22): warning CS0414: The field 'ShortBlades_Backstab._isFlanked' is assigned but its value is never used [/tmp/coo-questfree-implementation/cooking/activation/runner/EditModeRunner.csproj]
NUnitLite 3.14.0 (.NET Standard 2.0)
Copyright (c) 2023 Charlie Poole, Rob Prouse

Runtime Environment
   OS Version: macOS 26.0.0
  CLR Version: 10.0.5

Test Files
    /private/tmp/coo-questfree-implementation/cooking/activation/runner/bin/Debug/net8.0/EditModeRunner.dll

Test Discovery
  Start time: 2026-09-28 14:45:46Z
    End time: 2026-09-28 14:45:46Z
    Duration: 0.030 seconds

Test Filters
    Where: class == CavesOfOoo.Tests.CookingActivationCensus

=> CavesOfOoo.Tests.CookingActivationCensus.MeasureExistingFieldsOnly(1)
1: fields=30, grain=63, candidate=28, all4default=23
=> CavesOfOoo.Tests.CookingActivationCensus.MeasureExistingFieldsOnly(64)
64: fields=30, grain=65, candidate=28, all4default=23
=> CavesOfOoo.Tests.CookingActivationCensus.MeasureExistingFieldsOnly(1729)
1729: fields=29, grain=65, candidate=29, all4default=21

Run Settings
    Number of Test Workers: 10
    Work Directory: /Users/steven/caves-of-ooo
    Internal Trace: Off

Test Run Summary
  Overall result: Passed
  Test Count: 3, Passed: 3, Failed: 0, Warnings: 0, Inconclusive: 0, Skipped: 0
  Start time: 2026-09-28 14:45:46Z
    End time: 2026-09-28 14:45:48Z
    Duration: 1.729 seconds

Results (nunit3) saved as /tmp/coo-questfree-implementation/cooking/activation/census-clearance3.xml
