/Users/steven/caves-of-ooo/Assets/Scripts/Gameplay/Effects/Concrete/PoisonedByGasEffect.cs(39,23): warning CS0108: 'PoisonedByGasEffect.Owner' hides inherited member 'Effect.Owner'. Use the new keyword if hiding was intended. [/tmp/coo-questfree-implementation/passage-pipeline/runner/EditModeRunner.csproj]
/Users/steven/caves-of-ooo/Assets/Scripts/Gameplay/Effects/Concrete/CoatedInPlasmaEffect.cs(44,23): warning CS0108: 'CoatedInPlasmaEffect.Owner' hides inherited member 'Effect.Owner'. Use the new keyword if hiding was intended. [/tmp/coo-questfree-implementation/passage-pipeline/runner/EditModeRunner.csproj]
/Users/steven/caves-of-ooo/Assets/Scripts/Gameplay/Save/SaveSystem.cs(1555,34): warning SYSLIB0050: 'FormatterServices' is obsolete: 'Formatter-based serialization is obsolete and should not be used.' (https://aka.ms/dotnet-warnings/SYSLIB0050) [/tmp/coo-questfree-implementation/passage-pipeline/runner/EditModeRunner.csproj]
/Users/steven/caves-of-ooo/Assets/Scripts/Gameplay/Save/SaveSystem.cs(1891,37): warning SYSLIB0050: 'FormatterServices' is obsolete: 'Formatter-based serialization is obsolete and should not be used.' (https://aka.ms/dotnet-warnings/SYSLIB0050) [/tmp/coo-questfree-implementation/passage-pipeline/runner/EditModeRunner.csproj]
/Users/steven/caves-of-ooo/Assets/Scripts/Gameplay/World/MultiCellPilotRuntime.cs(24,39): warning CS0649: Field 'MultiCellPilotRuntime.Layout.width' is never assigned to, and will always have its default value 0 [/tmp/coo-questfree-implementation/passage-pipeline/runner/EditModeRunner.csproj]
/Users/steven/caves-of-ooo/Assets/Scripts/Gameplay/Alchemy/BrewRuleRegistry.cs(17,35): warning CS0649: Field 'BrewRuleRegistry.BrewRuleFileData.Rules' is never assigned to, and will always have its default value null [/tmp/coo-questfree-implementation/passage-pipeline/runner/EditModeRunner.csproj]
/Users/steven/caves-of-ooo/Assets/Scripts/Gameplay/World/MultiCellPilotRuntime.cs(32,25): warning CS0649: Field 'MultiCellPilotRuntime.Placement.solid' is never assigned to, and will always have its default value false [/tmp/coo-questfree-implementation/passage-pipeline/runner/EditModeRunner.csproj]
/Users/steven/caves-of-ooo/Assets/Scripts/Gameplay/Items/ReadableDocumentCatalog.cs(24,69): warning CS0649: Field 'ReadableDocumentCatalog.FileData.Documents' is never assigned to, and will always have its default value null [/tmp/coo-questfree-implementation/passage-pipeline/runner/EditModeRunner.csproj]
/Users/steven/caves-of-ooo/Assets/Scripts/Gameplay/Items/ReadableDocumentCatalog.cs(23,47): warning CS0649: Field 'ReadableDocumentCatalog.Row.Text' is never assigned to, and will always have its default value null [/tmp/coo-questfree-implementation/passage-pipeline/runner/EditModeRunner.csproj]
/Users/steven/caves-of-ooo/Assets/Scripts/Gameplay/World/MultiCellPilotRuntime.cs(30,42): warning CS0649: Field 'MultiCellPilotRuntime.Placement.modelId' is never assigned to, and will always have its default value null [/tmp/coo-questfree-implementation/passage-pipeline/runner/EditModeRunner.csproj]
/Users/steven/caves-of-ooo/Assets/Scripts/Gameplay/Items/ReadableDocumentCatalog.cs(23,29): warning CS0649: Field 'ReadableDocumentCatalog.Row.Blueprint' is never assigned to, and will always have its default value null [/tmp/coo-questfree-implementation/passage-pipeline/runner/EditModeRunner.csproj]
/Users/steven/caves-of-ooo/Assets/Scripts/Gameplay/World/MultiCellPilotRuntime.cs(31,27): warning CS0649: Field 'MultiCellPilotRuntime.Placement.y' is never assigned to, and will always have its default value 0 [/tmp/coo-questfree-implementation/passage-pipeline/runner/EditModeRunner.csproj]
/Users/steven/caves-of-ooo/Assets/Scripts/Gameplay/World/MultiCellPilotRuntime.cs(24,24): warning CS0649: Field 'MultiCellPilotRuntime.Layout.schemaVersion' is never assigned to, and will always have its default value 0 [/tmp/coo-questfree-implementation/passage-pipeline/runner/EditModeRunner.csproj]
/Users/steven/caves-of-ooo/Assets/Scripts/Gameplay/World/MultiCellPilotRuntime.cs(30,31): warning CS0649: Field 'MultiCellPilotRuntime.Placement.blueprint' is never assigned to, and will always have its default value null [/tmp/coo-questfree-implementation/passage-pipeline/runner/EditModeRunner.csproj]
/Users/steven/caves-of-ooo/Assets/Scripts/Gameplay/Items/ReadableDocumentCatalog.cs(23,25): warning CS0649: Field 'ReadableDocumentCatalog.Row.Id' is never assigned to, and will always have its default value null [/tmp/coo-questfree-implementation/passage-pipeline/runner/EditModeRunner.csproj]
/Users/steven/caves-of-ooo/Assets/Scripts/Gameplay/World/MultiCellPilotRuntime.cs(26,32): warning CS0649: Field 'MultiCellPilotRuntime.Layout.placements' is never assigned to, and will always have its default value null [/tmp/coo-questfree-implementation/passage-pipeline/runner/EditModeRunner.csproj]
/Users/steven/caves-of-ooo/Assets/Scripts/Gameplay/World/MultiCellPilotRuntime.cs(30,61): warning CS0649: Field 'MultiCellPilotRuntime.Placement.role' is never assigned to, and will always have its default value null [/tmp/coo-questfree-implementation/passage-pipeline/runner/EditModeRunner.csproj]
/Users/steven/caves-of-ooo/Assets/Scripts/Gameplay/World/MultiCellPilotRuntime.cs(31,24): warning CS0649: Field 'MultiCellPilotRuntime.Placement.x' is never assigned to, and will always have its default value 0 [/tmp/coo-questfree-implementation/passage-pipeline/runner/EditModeRunner.csproj]
/Users/steven/caves-of-ooo/Assets/Scripts/Gameplay/World/MultiCellPilotRuntime.cs(24,46): warning CS0649: Field 'MultiCellPilotRuntime.Layout.height' is never assigned to, and will always have its default value 0 [/tmp/coo-questfree-implementation/passage-pipeline/runner/EditModeRunner.csproj]
/Users/steven/caves-of-ooo/Assets/Scripts/Gameplay/World/MultiCellPilotRuntime.cs(25,27): warning CS0649: Field 'MultiCellPilotRuntime.Layout.zoneId' is never assigned to, and will always have its default value null [/tmp/coo-questfree-implementation/passage-pipeline/runner/EditModeRunner.csproj]
/Users/steven/caves-of-ooo/Assets/Scripts/Gameplay/World/MultiCellPilotRuntime.cs(32,40): warning CS0649: Field 'MultiCellPilotRuntime.Placement.destructible' is never assigned to, and will always have its default value false [/tmp/coo-questfree-implementation/passage-pipeline/runner/EditModeRunner.csproj]
/Users/steven/caves-of-ooo/Assets/Scripts/Gameplay/Tinkering/TinkerRecipeRegistry.cs(19,39): warning CS0649: Field 'TinkerRecipeRegistry.TinkerRecipeFileData.Recipes' is never assigned to, and will always have its default value null [/tmp/coo-questfree-implementation/passage-pipeline/runner/EditModeRunner.csproj]
/Users/steven/caves-of-ooo/Assets/Scripts/Gameplay/World/MultiCellPilotRuntime.cs(32,32): warning CS0649: Field 'MultiCellPilotRuntime.Placement.opaque' is never assigned to, and will always have its default value false [/tmp/coo-questfree-implementation/passage-pipeline/runner/EditModeRunner.csproj]
/Users/steven/caves-of-ooo/Assets/Scripts/Gameplay/Items/ReadableDocumentCatalog.cs(23,40): warning CS0649: Field 'ReadableDocumentCatalog.Row.Title' is never assigned to, and will always have its default value null [/tmp/coo-questfree-implementation/passage-pipeline/runner/EditModeRunner.csproj]
/Users/steven/caves-of-ooo/Assets/Scripts/Gameplay/Items/ReadableDocumentCatalog.cs(23,53): warning CS0649: Field 'ReadableDocumentCatalog.Row.Source' is never assigned to, and will always have its default value null [/tmp/coo-questfree-implementation/passage-pipeline/runner/EditModeRunner.csproj]
/Users/steven/caves-of-ooo/Assets/Scripts/Gameplay/World/MultiCellPilotRuntime.cs(30,51): warning CS0649: Field 'MultiCellPilotRuntime.Placement.cellsRaw' is never assigned to, and will always have its default value null [/tmp/coo-questfree-implementation/passage-pipeline/runner/EditModeRunner.csproj]
/Users/steven/caves-of-ooo/Assets/Scripts/Gameplay/World/MultiCellPilotRuntime.cs(30,27): warning CS0649: Field 'MultiCellPilotRuntime.Placement.id' is never assigned to, and will always have its default value null [/tmp/coo-questfree-implementation/passage-pipeline/runner/EditModeRunner.csproj]
/Users/steven/caves-of-ooo/Assets/Scripts/Gameplay/Skills/SkillRegistry.cs(37,36): warning CS0649: Field 'SkillRegistry.SkillRegistryFileData.Skills' is never assigned to, and will always have its default value null [/tmp/coo-questfree-implementation/passage-pipeline/runner/EditModeRunner.csproj]
/Users/steven/caves-of-ooo/Assets/Scripts/Gameplay/Skills/ShortBlades_Backstab.cs(49,22): warning CS0414: The field 'ShortBlades_Backstab._isFlanked' is assigned but its value is never used [/tmp/coo-questfree-implementation/passage-pipeline/runner/EditModeRunner.csproj]
NUnitLite 3.14.0 (.NET Standard 2.0)
Copyright (c) 2023 Charlie Poole, Rob Prouse

Runtime Environment
   OS Version: macOS 26.0.0
  CLR Version: 10.0.5

Test Files
    /private/tmp/coo-questfree-implementation/passage-pipeline/runner/bin/Debug/net8.0/EditModeRunner.dll

Test Discovery
  Start time: 2026-09-28 14:12:19Z
    End time: 2026-09-28 14:12:19Z
    Duration: 0.026 seconds

Test Filters
    Where: class == CavesOfOoo.Tests.SpreadFieldPassagePipelineTests

=> CavesOfOoo.Tests.SpreadFieldPassagePipelineTests.RealV5PipelineReplacesOneExactHedgeWithUsefulGateAndKeepsOrdinaryBudget(1)
{
  "seed": 1,
  "selected": 5,
  "committed": 5,
  "refused": 0,
  "boundary": "Fixed v5 selections, actual cold full pipeline paired with only composer removed. Per-zone global RNG reset; same source policy. Exact current owners/positions/parts and explicit stock/gear/stats/tags/property projection. Raw Hedge count is not eligible-source count; one paired elapsed sample per address is not a frame-time or significance claim. Not full graph serialization, native journey or v4 economy equivalence.",
  "rows": [
    {
      "zone": "Overworld.10.7.0",
      "result": "FieldPassage",
      "owners": 2268,
      "rawPrecompositionHedges": 192,
      "closedSteps": 17,
      "nextRng": 511730038,
      "baselineMilliseconds": 25.4319,
      "currentMilliseconds": 61.0509,
      "committed": true
    },
    {
      "zone": "Overworld.15.9.0",
      "result": "FieldPassage",
      "owners": 2303,
      "rawPrecompositionHedges": 215,
      "closedSteps": 17,
      "nextRng": 1211765121,
      "baselineMilliseconds": 16.96,
      "currentMilliseconds": 56.2653,
      "committed": true
    },
    {
      "zone": "Overworld.16.12.0",
      "result": "FieldPassage",
      "owners": 2222,
      "rawPrecompositionHedges": 157,
      "closedSteps": 23,
      "nextRng": 1107086865,
      "baselineMilliseconds": 19.0164,
      "currentMilliseconds": 44.9528,
      "committed": true
    },
    {
      "zone": "Overworld.5.10.0",
      "result": "FieldPassage",
      "owners": 2283,
      "rawPrecompositionHedges": 215,
      "closedSteps": 19,
      "nextRng": 646037731,
      "baselineMilliseconds": 15.5903,
      "currentMilliseconds": 67.0541,
      "committed": true
    },
    {
      "zone": "Overworld.9.0.0",
      "result": "FieldPassage",
      "owners": 2288,
      "rawPrecompositionHedges": 215,
      "closedSteps": 17,
      "nextRng": 187238130,
      "baselineMilliseconds": 15.7193,
      "currentMilliseconds": 45.8395,
      "committed": true
    }
  ]
}
=> CavesOfOoo.Tests.SpreadFieldPassagePipelineTests.RealV5PipelineReplacesOneExactHedgeWithUsefulGateAndKeepsOrdinaryBudget(64)
{
  "seed": 64,
  "selected": 8,
  "committed": 8,
  "refused": 0,
  "boundary": "Fixed v5 selections, actual cold full pipeline paired with only composer removed. Per-zone global RNG reset; same source policy. Exact current owners/positions/parts and explicit stock/gear/stats/tags/property projection. Raw Hedge count is not eligible-source count; one paired elapsed sample per address is not a frame-time or significance claim. Not full graph serialization, native journey or v4 economy equivalence.",
  "rows": [
    {
      "zone": "Overworld.10.13.0",
      "result": "FieldPassage",
      "owners": 2239,
      "rawPrecompositionHedges": 157,
      "closedSteps": 23,
      "nextRng": 1793925180,
      "baselineMilliseconds": 20.3368,
      "currentMilliseconds": 41.0845,
      "committed": true
    },
    {
      "zone": "Overworld.10.8.0",
      "result": "FieldPassage",
      "owners": 2283,
      "rawPrecompositionHedges": 196,
      "closedSteps": 21,
      "nextRng": 1468410685,
      "baselineMilliseconds": 16.4015,
      "currentMilliseconds": 52.1923,
      "committed": true
    },
    {
      "zone": "Overworld.12.5.0",
      "result": "FieldPassage",
      "owners": 2258,
      "rawPrecompositionHedges": 191,
      "closedSteps": 17,
      "nextRng": 2117069684,
      "baselineMilliseconds": 15.4487,
      "currentMilliseconds": 52.8476,
      "committed": true
    },
    {
      "zone": "Overworld.15.9.0",
      "result": "FieldPassage",
      "owners": 2280,
      "rawPrecompositionHedges": 215,
      "closedSteps": 17,
      "nextRng": 1170581466,
      "baselineMilliseconds": 28.4584,
      "currentMilliseconds": 53.662,
      "committed": true
    },
    {
      "zone": "Overworld.4.13.0",
      "result": "FieldPassage",
      "owners": 2231,
      "rawPrecompositionHedges": 154,
      "closedSteps": 23,
      "nextRng": 1716593775,
      "baselineMilliseconds": 13.7555,
      "currentMilliseconds": 49.1362,
      "committed": true
    },
    {
      "zone": "Overworld.7.6.0",
      "result": "FieldPassage",
      "owners": 2239,
      "rawPrecompositionHedges": 185,
      "closedSteps": 17,
      "nextRng": 534326960,
      "baselineMilliseconds": 15.932,
      "currentMilliseconds": 50.0087,
      "committed": true
    },
    {
      "zone": "Overworld.8.10.0",
      "result": "FieldPassage",
      "owners": 2279,
      "rawPrecompositionHedges": 204,
      "closedSteps": 17,
      "nextRng": 1002971226,
      "baselineMilliseconds": 16.154,
      "currentMilliseconds": 55.6333,
      "committed": true
    },
    {
      "zone": "Overworld.9.7.0",
      "result": "FieldPassage",
      "owners": 2260,
      "rawPrecompositionHedges": 184,
      "closedSteps": 21,
      "nextRng": 1666245088,
      "baselineMilliseconds": 16.9442,
      "currentMilliseconds": 42.919,
      "committed": true
    }
  ]
}
=> CavesOfOoo.Tests.SpreadFieldPassagePipelineTests.RealV5PipelineReplacesOneExactHedgeWithUsefulGateAndKeepsOrdinaryBudget(1729)
{
  "seed": 1729,
  "selected": 7,
  "committed": 7,
  "refused": 0,
  "boundary": "Fixed v5 selections, actual cold full pipeline paired with only composer removed. Per-zone global RNG reset; same source policy. Exact current owners/positions/parts and explicit stock/gear/stats/tags/property projection. Raw Hedge count is not eligible-source count; one paired elapsed sample per address is not a frame-time or significance claim. Not full graph serialization, native journey or v4 economy equivalence.",
  "rows": [
    {
      "zone": "Overworld.10.13.0",
      "result": "FieldPassage",
      "owners": 2298,
      "rawPrecompositionHedges": 209,
      "closedSteps": 27,
      "nextRng": 1257814413,
      "baselineMilliseconds": 19.2076,
      "currentMilliseconds": 71.4777,
      "committed": true
    },
    {
      "zone": "Overworld.10.7.0",
      "result": "FieldPassage",
      "owners": 2235,
      "rawPrecompositionHedges": 173,
      "closedSteps": 12,
      "nextRng": 837761907,
      "baselineMilliseconds": 15.5818,
      "currentMilliseconds": 52.6466,
      "committed": true
    },
    {
      "zone": "Overworld.11.2.0",
      "result": "FieldPassage",
      "owners": 2270,
      "rawPrecompositionHedges": 191,
      "closedSteps": 21,
      "nextRng": 32776431,
      "baselineMilliseconds": 14.6888,
      "currentMilliseconds": 45.213,
      "committed": true
    },
    {
      "zone": "Overworld.12.5.0",
      "result": "FieldPassage",
      "owners": 2237,
      "rawPrecompositionHedges": 142,
      "closedSteps": 23,
      "nextRng": 988738355,
      "baselineMilliseconds": 14.4753,
      "currentMilliseconds": 52.5945,
      "committed": true
    },
    {
      "zone": "Overworld.16.12.0",
      "result": "FieldPassage",
      "owners": 2263,
      "rawPrecompositionHedges": 194,
      "closedSteps": 17,
      "nextRng": 571776496,
      "baselineMilliseconds": 17.7362,
      "currentMilliseconds": 62.4885,
      "committed": true
    },
    {
      "zone": "Overworld.7.9.0",
      "result": "FieldPassage",
      "owners": 2274,
      "rawPrecompositionHedges": 196,
      "closedSteps": 21,
      "nextRng": 711858073,
      "baselineMilliseconds": 52.3608,
      "currentMilliseconds": 60.4618,
      "committed": true
    },
    {
      "zone": "Overworld.9.0.0",
      "result": "FieldPassage",
      "owners": 2304,
      "rawPrecompositionHedges": 212,
      "closedSteps": 23,
      "nextRng": 453886574,
      "baselineMilliseconds": 18.6329,
      "currentMilliseconds": 59.8085,
      "committed": true
    }
  ]
}

Run Settings
    Number of Test Workers: 10
    Work Directory: /Users/steven/caves-of-ooo
    Internal Trace: Off

Test Run Summary
  Overall result: Passed
  Test Count: 9, Passed: 9, Failed: 0, Warnings: 0, Inconclusive: 0, Skipped: 0
  Start time: 2026-09-28 14:12:19Z
    End time: 2026-09-28 14:12:38Z
    Duration: 19.124 seconds

Results (nunit3) saved as /tmp/coo-questfree-implementation/passage-pipeline/final-green.xml
