/tmp/coo-questfree-implementation/passage-pipeline/SpreadFieldPassagePipelineTests.cs(17,25): error CS0101: The namespace 'CavesOfOoo.Tests' already contains a definition for 'SpreadFieldPassagePipelineTests'
Assets/Tests/EditMode/Gameplay/AI/M6AdversarialTests.cs(151,27): warning CS0108: 'M6AdversarialTests.OrderRecorder.Name' hides inherited member 'Part.Name'. Use the new keyword if hiding was intended.
/tmp/coo-questfree-implementation/passage-pipeline/SpreadFieldPassagePipelineTests.cs(23,28): error CS0111: Type 'SpreadFieldPassagePipelineTests' already defines a member called 'Setup' with the same parameter types
/tmp/coo-questfree-implementation/passage-pipeline/SpreadFieldPassagePipelineTests.cs(31,31): error CS0111: Type 'SpreadFieldPassagePipelineTests' already defines a member called 'Cleanup' with the same parameter types
/tmp/coo-questfree-implementation/passage-pipeline/SpreadFieldPassagePipelineTests.cs(62,25): error CS0111: Type 'SpreadFieldPassagePipelineTests' already defines a member called 'Gear' with the same parameter types
/tmp/coo-questfree-implementation/passage-pipeline/SpreadFieldPassagePipelineTests.cs(64,23): error CS0111: Type 'SpreadFieldPassagePipelineTests' already defines a member called 'Item' with the same parameter types
/tmp/coo-questfree-implementation/passage-pipeline/SpreadFieldPassagePipelineTests.cs(65,23): error CS0111: Type 'SpreadFieldPassagePipelineTests' already defines a member called 'Shape' with the same parameter types
/tmp/coo-questfree-implementation/passage-pipeline/SpreadFieldPassagePipelineTests.cs(66,23): error CS0111: Type 'SpreadFieldPassagePipelineTests' already defines a member called 'Exact' with the same parameter types
/tmp/coo-questfree-implementation/passage-pipeline/SpreadFieldPassagePipelineTests.cs(67,14): error CS0111: Type 'SpreadFieldPassagePipelineTests' already defines a member called 'Seed' with the same parameter types
/tmp/coo-questfree-implementation/passage-pipeline/SpreadFieldPassagePipelineTests.cs(68,18): error CS0111: Type 'SpreadFieldPassagePipelineTests' already defines a member called 'Selected' with the same parameter types
/tmp/coo-questfree-implementation/passage-pipeline/SpreadFieldPassagePipelineTests.cs(73,43): error CS0111: Type 'SpreadFieldPassagePipelineTests' already defines a member called 'Approaches' with the same parameter types
/tmp/coo-questfree-implementation/passage-pipeline/SpreadFieldPassagePipelineTests.cs(89,23): error CS0111: Type 'SpreadFieldPassagePipelineTests' already defines a member called 'Gate' with the same parameter types
/tmp/coo-questfree-implementation/passage-pipeline/SpreadFieldPassagePipelineTests.cs(90,21): error CS0111: Type 'SpreadFieldPassagePipelineTests' already defines a member called 'AssertConserved' with the same parameter types
/tmp/coo-questfree-implementation/passage-pipeline/SpreadFieldPassagePipelineTests.cs(101,21): error CS0111: Type 'SpreadFieldPassagePipelineTests' already defines a member called 'RealV5PipelineReplacesOneExactHedgeWithUsefulGateAndKeepsOrdinaryBudget' with the same parameter types
/tmp/coo-questfree-implementation/passage-pipeline/SpreadFieldPassagePipelineTests.cs(128,16): error CS0111: Type 'SpreadFieldPassagePipelineTests' already defines a member called 'FindCommitted' with the same parameter types
/tmp/coo-questfree-implementation/passage-pipeline/SpreadFieldPassagePipelineTests.cs(131,21): error CS0111: Type 'SpreadFieldPassagePipelineTests' already defines a member called 'FinalCallbackKeepsUsefulRouteAndExactGateAuthority' with the same parameter types
/tmp/coo-questfree-implementation/passage-pipeline/SpreadFieldPassagePipelineTests.cs(146,21): error CS0111: Type 'SpreadFieldPassagePipelineTests' already defines a member called 'ActualOpenedOrBrokenGateSurvivesAwaySaveAndReturnWithoutReplacingHedge' with the same parameter types
/tmp/coo-questfree-implementation/passage-pipeline/SpreadFieldPassagePipelineTests.cs(41,75): error CS0111: Type 'SpreadFieldPassagePipelineTests.Probe' already defines a member called 'Probe' with the same parameter types
/tmp/coo-questfree-implementation/passage-pipeline/SpreadFieldPassagePipelineTests.cs(41,220): error CS0111: Type 'SpreadFieldPassagePipelineTests.Probe' already defines a member called 'BuildZone' with the same parameter types
/tmp/coo-questfree-implementation/passage-pipeline/SpreadFieldPassagePipelineTests.cs(49,20): error CS0111: Type 'SpreadFieldPassagePipelineTests.ObservedManager' already defines a member called 'ObservedManager' with the same parameter types
/tmp/coo-questfree-implementation/passage-pipeline/SpreadFieldPassagePipelineTests.cs(50,55): error CS0111: Type 'SpreadFieldPassagePipelineTests.ObservedManager' already defines a member called 'GetPipelineForZone' with the same parameter types
/tmp/coo-questfree-implementation/passage-pipeline/SpreadFieldPassagePipelineTests.cs(59,37): error CS0111: Type 'SpreadFieldPassagePipelineTests.ObservedManager' already defines a member called 'OnZoneGenerated' with the same parameter types
/tmp/coo-questfree-implementation/passage-pipeline/SpreadFieldPassagePipelineTests.cs(98,10): error CS0579: Duplicate 'Serializable' attribute
/tmp/coo-questfree-implementation/passage-pipeline/SpreadFieldPassagePipelineTests.cs(99,10): error CS0579: Duplicate 'Serializable' attribute
